Archive member included because of file (symbol)

/opt/Freescale/KDS_v3/toolchain/bin/../lib/gcc/arm-none-eabi/4.8.4/armv7e-m/fpu/libgcc.a(_arm_addsubdf3.o)
                              ./Sources/main.o (__aeabi_dadd)
/opt/Freescale/KDS_v3/toolchain/bin/../lib/gcc/arm-none-eabi/4.8.4/armv7e-m/fpu/libgcc.a(_arm_muldivdf3.o)
                              ./Sources/main.o (__aeabi_dmul)
/opt/Freescale/KDS_v3/toolchain/bin/../lib/gcc/arm-none-eabi/4.8.4/armv7e-m/fpu/libgcc.a(_arm_truncdfsf2.o)
                              ./Sources/main.o (__aeabi_d2f)
/opt/Freescale/KDS_v3/toolchain/bin/../lib/gcc/arm-none-eabi/4.8.4/../../../../arm-none-eabi/lib/armv7e-m/fpu/libg_s.a(lib_a-exit.o)
                              /opt/Freescale/KDS_v3/toolchain/bin/../lib/gcc/arm-none-eabi/4.8.4/../../../../arm-none-eabi/lib/armv7e-m/fpu/crt0.o (exit)
/opt/Freescale/KDS_v3/toolchain/bin/../lib/gcc/arm-none-eabi/4.8.4/../../../../arm-none-eabi/lib/armv7e-m/fpu/libg_s.a(lib_a-impure.o)
                              /opt/Freescale/KDS_v3/toolchain/bin/../lib/gcc/arm-none-eabi/4.8.4/../../../../arm-none-eabi/lib/armv7e-m/fpu/libg_s.a(lib_a-exit.o) (_global_impure_ptr)
/opt/Freescale/KDS_v3/toolchain/bin/../lib/gcc/arm-none-eabi/4.8.4/../../../../arm-none-eabi/lib/armv7e-m/fpu/libg_s.a(lib_a-init.o)
                              /opt/Freescale/KDS_v3/toolchain/bin/../lib/gcc/arm-none-eabi/4.8.4/../../../../arm-none-eabi/lib/armv7e-m/fpu/crt0.o (__libc_init_array)
/opt/Freescale/KDS_v3/toolchain/bin/../lib/gcc/arm-none-eabi/4.8.4/../../../../arm-none-eabi/lib/armv7e-m/fpu/libg_s.a(lib_a-memset.o)
                              /opt/Freescale/KDS_v3/toolchain/bin/../lib/gcc/arm-none-eabi/4.8.4/../../../../arm-none-eabi/lib/armv7e-m/fpu/crt0.o (memset)
/opt/Freescale/KDS_v3/toolchain/bin/../lib/gcc/arm-none-eabi/4.8.4/../../../../arm-none-eabi/lib/armv7e-m/fpu/libg_s.a(lib_a-printf.o)
                              ./Sources/taskcall.o (printf)
/opt/Freescale/KDS_v3/toolchain/bin/../lib/gcc/arm-none-eabi/4.8.4/../../../../arm-none-eabi/lib/armv7e-m/fpu/libg_s.a(lib_a-puts.o)
                              ./Sources/taskcall.o (puts)
/opt/Freescale/KDS_v3/toolchain/bin/../lib/gcc/arm-none-eabi/4.8.4/../../../../arm-none-eabi/lib/armv7e-m/fpu/libg_s.a(lib_a-sprintf.o)
                              ./Sources/lowvoltagewarning.o (sprintf)
/opt/Freescale/KDS_v3/toolchain/bin/../lib/gcc/arm-none-eabi/4.8.4/../../../../arm-none-eabi/lib/armv7e-m/fpu/libg_s.a(lib_a-svfprintf.o)
                              /opt/Freescale/KDS_v3/toolchain/bin/../lib/gcc/arm-none-eabi/4.8.4/../../../../arm-none-eabi/lib/armv7e-m/fpu/libg_s.a(lib_a-sprintf.o) (_svfprintf_r)
/opt/Freescale/KDS_v3/toolchain/bin/../lib/gcc/arm-none-eabi/4.8.4/../../../../arm-none-eabi/lib/armv7e-m/fpu/libg_s.a(lib_a-vfprintf.o)
                              /opt/Freescale/KDS_v3/toolchain/bin/../lib/gcc/arm-none-eabi/4.8.4/../../../../arm-none-eabi/lib/armv7e-m/fpu/libg_s.a(lib_a-printf.o) (_vfprintf_r)
/opt/Freescale/KDS_v3/toolchain/bin/../lib/gcc/arm-none-eabi/4.8.4/../../../../arm-none-eabi/lib/armv7e-m/fpu/libg_s.a(lib_a-vfprintf_i.o)
                              /opt/Freescale/KDS_v3/toolchain/bin/../lib/gcc/arm-none-eabi/4.8.4/../../../../arm-none-eabi/lib/armv7e-m/fpu/libg_s.a(lib_a-svfprintf.o) (_printf_i)
/opt/Freescale/KDS_v3/toolchain/bin/../lib/gcc/arm-none-eabi/4.8.4/../../../../arm-none-eabi/lib/armv7e-m/fpu/libg_s.a(lib_a-wbuf.o)
                              /opt/Freescale/KDS_v3/toolchain/bin/../lib/gcc/arm-none-eabi/4.8.4/../../../../arm-none-eabi/lib/armv7e-m/fpu/libg_s.a(lib_a-puts.o) (__swbuf_r)
/opt/Freescale/KDS_v3/toolchain/bin/../lib/gcc/arm-none-eabi/4.8.4/../../../../arm-none-eabi/lib/armv7e-m/fpu/libg_s.a(lib_a-wsetup.o)
                              /opt/Freescale/KDS_v3/toolchain/bin/../lib/gcc/arm-none-eabi/4.8.4/../../../../arm-none-eabi/lib/armv7e-m/fpu/libg_s.a(lib_a-puts.o) (__swsetup_r)
/opt/Freescale/KDS_v3/toolchain/bin/../lib/gcc/arm-none-eabi/4.8.4/../../../../arm-none-eabi/lib/armv7e-m/fpu/libg_s.a(lib_a-fflush.o)
                              /opt/Freescale/KDS_v3/toolchain/bin/../lib/gcc/arm-none-eabi/4.8.4/../../../../arm-none-eabi/lib/armv7e-m/fpu/libg_s.a(lib_a-wbuf.o) (_fflush_r)
/opt/Freescale/KDS_v3/toolchain/bin/../lib/gcc/arm-none-eabi/4.8.4/../../../../arm-none-eabi/lib/armv7e-m/fpu/libg_s.a(lib_a-findfp.o)
                              /opt/Freescale/KDS_v3/toolchain/bin/../lib/gcc/arm-none-eabi/4.8.4/../../../../arm-none-eabi/lib/armv7e-m/fpu/libg_s.a(lib_a-printf.o) (__sinit)
/opt/Freescale/KDS_v3/toolchain/bin/../lib/gcc/arm-none-eabi/4.8.4/../../../../arm-none-eabi/lib/armv7e-m/fpu/libg_s.a(lib_a-fvwrite.o)
                              /opt/Freescale/KDS_v3/toolchain/bin/../lib/gcc/arm-none-eabi/4.8.4/../../../../arm-none-eabi/lib/armv7e-m/fpu/libg_s.a(lib_a-vfprintf.o) (__sfvwrite_r)
/opt/Freescale/KDS_v3/toolchain/bin/../lib/gcc/arm-none-eabi/4.8.4/../../../../arm-none-eabi/lib/armv7e-m/fpu/libg_s.a(lib_a-fwalk.o)
[...]
Memory Configuration

Name             Origin             Length             Attributes
m_interrupts     0x00000000         0x00000400         xr
m_flash_config   0x00000400         0x00000010         xr
m_text           0x00000410         0x0007fbf0         xr
m_data           0x1fff0000         0x00010000         rw
m_data_2         0x20000000         0x00010000         rw
*default*        0x00000000         0xffffffff

Linker script and memory map

LOAD /opt/Freescale/KDS_v3/toolchain/bin/../lib/gcc/arm-none-eabi/4.8.4/armv7e-m/fpu/crti.o
LOAD /opt/Freescale/KDS_v3/toolchain/bin/../lib/gcc/arm-none-eabi/4.8.4/armv7e-m/fpu/crtbegin.o
LOAD /opt/Freescale/KDS_v3/toolchain/bin/../lib/gcc/arm-none-eabi/4.8.4/../../../../arm-none-eabi/lib/armv7e-m/fpu/crt0.o
LOAD ./Sources/adc.o
LOAD ./Sources/adc2.o
LOAD ./Sources/console.o
LOAD ./Sources/flexpwm.o
LOAD ./Sources/leds.o
LOAD ./Sources/lowvoltagewarning.o
LOAD ./Sources/main.o
LOAD ./Sources/mcu_tracer.o
LOAD ./Sources/taskcall.o
LOAD ./Sources/taskcall_hal.o
LOAD ./Sources/uart1.o
LOAD ./Sources/vref.o
LOAD ./Sources/wdog.o
LOAD ./Project_Settings/Startup_Code/startup_MK22F51212.o
LOAD ./Project_Settings/Startup_Code/system_MK22F51212.o
LOAD /opt/Freescale/KDS_v3/toolchain/bin/../lib/gcc/arm-none-eabi/4.8.4/../../../../arm-none-eabi/lib/armv7e-m/fpu/libstdc++_s.a
LOAD /opt/Freescale/KDS_v3/toolchain/bin/../lib/gcc/arm-none-eabi/4.8.4/../../../../arm-none-eabi/lib/armv7e-m/fpu/libm.a
START GROUP
LOAD /opt/Freescale/KDS_v3/toolchain/bin/../lib/gcc/arm-none-eabi/4.8.4/armv7e-m/fpu/libgcc.a
LOAD /opt/Freescale/KDS_v3/toolchain/bin/../lib/gcc/arm-none-eabi/4.8.4/../../../../arm-none-eabi/lib/armv7e-m/fpu/libg_s.a
LOAD /opt/Freescale/KDS_v3/toolchain/bin/../lib/gcc/arm-none-eabi/4.8.4/../../../../arm-none-eabi/lib/armv7e-m/fpu/libc_s.a
END GROUP
START GROUP
LOAD /opt/Freescale/KDS_v3/toolchain/bin/../lib/gcc/arm-none-eabi/4.8.4/armv7e-m/fpu/libgcc.a
LOAD /opt/Freescale/KDS_v3/toolchain/bin/../lib/gcc/arm-none-eabi/4.8.4/../../../../arm-none-eabi/lib/armv7e-m/fpu/libc_s.a
LOAD /opt/Freescale/KDS_v3/toolchain/bin/../lib/gcc/arm-none-eabi/4.8.4/../../../../arm-none-eabi/lib/armv7e-m/fpu/libnosys.a
END GROUP
START GROUP
LOAD /opt/Freescale/KDS_v3/toolchain/bin/../lib/gcc/arm-none-eabi/4.8.4/armv7e-m/fpu/libgcc.a
LOAD /opt/Freescale/KDS_v3/toolchain/bin/../lib/gcc/arm-none-eabi/4.8.4/../../../../arm-none-eabi/lib/armv7e-m/fpu/libc_s.a
LOAD /opt/Freescale/KDS_v3/toolchain/bin/../lib/gcc/arm-none-eabi/4.8.4/../../../../arm-none-eabi/lib/armv7e-m/fpu/libnosys.a
END GROUP
LOAD /opt/Freescale/KDS_v3/toolchain/bin/../lib/gcc/arm-none-eabi/4.8.4/armv7e-m/fpu/crtend.o
LOAD /opt/Freescale/KDS_v3/toolchain/bin/../lib/gcc/arm-none-eabi/4.8.4/armv7e-m/fpu/crtn.o
                0x00000400                HEAP_SIZE = DEFINED (__heap_size__)?__heap_size__:0x400
                0x00000400                STACK_SIZE = DEFINED (__stack_size__)?__stack_size__:0x400

.interrupts     0x00000000      0x400
                0x00000000                __VECTOR_TABLE = .
                0x00000000                . = ALIGN (0x4)
 *(.isr_vector)
 .isr_vector    0x00000000      0x400 ./Project_Settings/Startup_Code/startup_MK22F51212.o
                0x00000000                __isr_vector
                0x00000400                . = ALIGN (0x4)

.flash_config   0x00000400       0x10
                0x00000400                . = ALIGN (0x4)
 *(.FlashConfig)
 .FlashConfig   0x00000400       0x10 ./Project_Settings/Startup_Code/startup_MK22F51212.o
                0x00000410                . = ALIGN (0x4)

.text           0x00000410     0x3434
                0x00000410                . = ALIGN (0x4)
 *(.text)
 .text          0x00000410       0x54 /opt/Freescale/KDS_v3/toolchain/bin/../lib/gcc/arm-none-eabi/4.8.4/armv7e-m/fpu/crtbegin.o
 .text          0x00000464       0x74 /opt/Freescale/KDS_v3/toolchain/bin/../lib/gcc/arm-none-eabi/4.8.4/../../../../arm-none-eabi/lib/armv7e-m/fpu/crt0.o
                0x00000464                _mainCRTStartup
                0x00000464                _start
 .text          0x000004d8       0x30 ./Project_Settings/Startup_Code/startup_MK22F51212.o
                0x000004d8                Reset_Handler
                0x00000504                Reserved96_IRQHandler
                0x00000504                Reserved54_IRQHandler
                0x00000504                DebugMon_Handler
                0x00000504                I2C0_IRQHandler
                0x00000504                HardFault_Handler
                0x00000504                Reserved86_IRQHandler
                0x00000504                Reserved85_IRQHandler
                0x00000504                PendSV_Handler
                0x00000504                NMI_Handler
                0x00000504                UART0_RX_TX_IRQHandler
                0x00000504                I2C1_IRQHandler
                0x00000504                DMA2_IRQHandler
                0x00000504                Reserved99_IRQHandler
                0x00000504                PIT0_IRQHandler
                0x00000504                LLWU_IRQHandler
                0x00000504                Reserved84_IRQHandler
                0x00000504                Reserved92_IRQHandler
                0x00000504                UART2_RX_TX_IRQHandler
                0x00000504                SWI_IRQHandler
                0x00000504                ADC0_IRQHandler
                0x00000504                UsageFault_Handler
                0x00000504                I2S0_Tx_IRQHandler
                0x00000504                SPI1_IRQHandler
                0x00000504                DefaultISR
                0x00000504                DMA9_IRQHandler
                0x00000504                DMA14_IRQHandler
                0x00000504                Reserved82_IRQHandler
                0x00000504                CMP1_IRQHandler
                0x00000504                Reserved71_IRQHandler
                0x00000504                PORTD_IRQHandler
                0x00000504                PORTB_IRQHandler
                0x00000504                Reserved70_IRQHandler
                0x00000504                ADC1_IRQHandler
                0x00000504                PIT2_IRQHandler
                0x00000504                I2S0_Rx_IRQHandler
                0x00000504                Reserved53_IRQHandler
                0x00000504                DMA5_IRQHandler
                0x00000504                RTC_IRQHandler
                0x00000504                PDB0_IRQHandler
                0x00000504                FTM1_IRQHandler
                0x00000504                Reserved61_IRQHandler
                0x00000504                Reserved95_IRQHandler
                0x00000504                PIT3_IRQHandler
                0x00000504                RTC_Seconds_IRQHandler
                0x00000504                MCG_IRQHandler
                0x00000504                UART2_ERR_IRQHandler
                0x00000504                DMA11_IRQHandler
                0x00000504                Read_Collision_IRQHandler
                0x00000504                Reserved98_IRQHandler
                0x00000504                DMA7_IRQHandler
                0x00000504                Reserved101_IRQHandler
                0x00000504                USB0_IRQHandler
                0x00000504                WDOG_EWM_IRQHandler
                0x00000504                MemManage_Handler
                0x00000504                Reserved90_IRQHandler
                0x00000504                Reserved83_IRQHandler
                0x00000504                SVC_Handler
                0x00000504                DMA13_IRQHandler
                0x00000504                DMA3_IRQHandler
                0x00000504                Reserved100_IRQHandler
                0x00000504                RNG_IRQHandler
                0x00000504                DMA0_IRQHandler
                0x00000504                Reserved97_IRQHandler
                0x00000504                Reserved91_IRQHandler
                0x00000504                LPUART0_IRQHandler
                0x00000504                DMA15_IRQHandler
                0x00000504                DAC0_IRQHandler
                0x00000504                Reserved81_IRQHandler
                0x00000504                Reserved94_IRQHandler
                0x00000504                DMA4_IRQHandler
                0x00000504                PIT1_IRQHandler
                0x00000504                UART0_ERR_IRQHandler
                0x00000504                DMA_Error_IRQHandler
                0x00000504                SPI0_IRQHandler
                0x00000504                FTM0_IRQHandler
                0x00000504                PORTA_IRQHandler
                0x00000504                DAC1_IRQHandler
                0x00000504                MCM_IRQHandler
                0x00000504                DMA12_IRQHandler
                0x00000504                FTM3_IRQHandler
                0x00000504                PORTE_IRQHandler
                0x00000504                FTM2_IRQHandler
                0x00000504                LPTMR0_IRQHandler
                0x00000504                BusFault_Handler
                0x00000504                DMA8_IRQHandler
                0x00000504                Reserved93_IRQHandler
                0x00000504                DMA10_IRQHandler
                0x00000504                UART1_ERR_IRQHandler
                0x00000504                UART1_RX_TX_IRQHandler
                0x00000504                CMP0_IRQHandler
                0x00000504                PORTC_IRQHandler
                0x00000504                DMA6_IRQHandler
                0x00000504                FTF_IRQHandler
                0x00000504                DMA1_IRQHandler
 .text          0x00000508      0x370 /opt/Freescale/KDS_v3/toolchain/bin/../lib/gcc/arm-none-eabi/4.8.4/armv7e-m/fpu/libgcc.a(_arm_addsubdf3.o)
                0x00000508                __aeabi_drsub
                0x00000510                __aeabi_dsub
                0x00000510                __subdf3
                0x00000514                __adddf3
                0x00000514                __aeabi_dadd
                0x0000078c                __aeabi_ui2d
                0x0000078c                __floatunsidf
                0x000007ac                __floatsidf
                0x000007ac                __aeabi_i2d
                0x000007d0                __extendsfdf2
                0x000007d0                __aeabi_f2d
                0x0000080c                __aeabi_ul2d
                0x0000080c                __floatundidf
                0x0000081c                __floatdidf
                0x0000081c                __aeabi_l2d
 .text          0x00000878      0x424 /opt/Freescale/KDS_v3/toolchain/bin/../lib/gcc/arm-none-eabi/4.8.4/armv7e-m/fpu/libgcc.a(_arm_muldivdf3.o)
                0x00000878                __aeabi_dmul
                0x00000878                __muldf3
                0x00000acc                __aeabi_ddiv
                0x00000acc                __divdf3
 .text          0x00000c9c       0xa0 /opt/Freescale/KDS_v3/toolchain/bin/../lib/gcc/arm-none-eabi/4.8.4/armv7e-m/fpu/libgcc.a(_arm_truncdfsf2.o)
                0x00000c9c                __aeabi_d2f
                0x00000c9c                __truncdfsf2
 *(.text*)
 .text.ADC_calibrate
                0x00000d3c      0x100 ./Sources/adc.o
                0x00000d3c                ADC_calibrate
 .text.ADC_init
                0x00000e3c       0x5c ./Sources/adc.o
                0x00000e3c                ADC_init
 .text.ADC_read
                0x00000e98       0x48 ./Sources/adc.o
                0x00000e98                ADC_read
 .text.ADC1_init
                0x00000ee0       0x80 ./Sources/adc2.o
                0x00000ee0                ADC1_init
 .text.ADC1_read
                0x00000f60       0x48 ./Sources/adc2.o
                0x00000f60                ADC1_read
 .text.FTM_init
                0x00000fa8      0x1b4 ./Sources/flexpwm.o
                0x00000fa8                FTM_init
 .text.NVIC_EnableIRQ
                0x0000115c       0x30 ./Sources/lowvoltagewarning.o
 .text.lvd_init
                0x0000118c       0x1c ./Sources/lowvoltagewarning.o
                0x0000118c                lvd_init
 .text.LVD_LVW_IRQHandler
                0x000011a8       0x88 ./Sources/lowvoltagewarning.o
                0x000011a8                LVD_LVW_IRQHandler
 .text.lvd_reset
                0x00001230       0x1c ./Sources/lowvoltagewarning.o
                0x00001230                lvd_reset
 .text.led_sample_init
                0x0000124c       0x64 ./Sources/main.o
                0x0000124c                led_sample_init
 .text.led_count_task
                0x000012b0       0x90 ./Sources/main.o
                0x000012b0                led_count_task
 .text.cmp_init
                0x00001340       0x40 ./Sources/main.o
                0x00001340                cmp_init
 .text.adc_conv_test
                0x00001380      0x158 ./Sources/main.o
                0x00001380                adc_conv_test
 .text.main     0x000014d8       0xb8 ./Sources/main.o
                0x000014d8                main
 .text.mcu_tracer_config
                0x00001590       0x14 ./Sources/mcu_tracer.o
                0x00001590                mcu_tracer_config
 .text.mcu_tracer_fill
                0x000015a4      0x228 ./Sources/mcu_tracer.o
                0x000015a4                mcu_tracer_fill
 .text.rec_char
                0x000017cc       0x38 ./Sources/mcu_tracer.o
                0x000017cc                rec_char
 .text.rec_checksum
                0x00001804       0x38 ./Sources/mcu_tracer.o
                0x00001804                rec_checksum
 .text.mcu_tracer_process
                0x0000183c      0x11c ./Sources/mcu_tracer.o
                0x0000183c                mcu_tracer_process
 .text.mcu_tracer_write_serial
                0x00001958       0x40 ./Sources/mcu_tracer.o
                0x00001958                mcu_tracer_write_serial
 .text.mcu_tracer_flush_buffer
                0x00001998       0x20 ./Sources/mcu_tracer.o
                0x00001998                mcu_tracer_flush_buffer
 .text.mcu_tracer_write_string
                0x000019b8       0x30 ./Sources/mcu_tracer.o
                0x000019b8                mcu_tracer_write_string
 .text.mcu_tracer_send_checksum
                0x000019e8       0x34 ./Sources/mcu_tracer.o
                0x000019e8                mcu_tracer_send_checksum
 .text.mcu_tracer_init
                0x00001a1c       0xa0 ./Sources/mcu_tracer.o
                0x00001a1c                mcu_tracer_init
 .text.mcu_tracer_vals
                0x00001abc       0x98 ./Sources/mcu_tracer.o
                0x00001abc                mcu_tracer_vals
 .text.mcu_tracer_update
                0x00001b54       0xd0 ./Sources/mcu_tracer.o
                0x00001b54                mcu_tracer_update
 .text.mcu_tracer_msg
                0x00001c24       0x28 ./Sources/mcu_tracer.o
                0x00001c24                mcu_tracer_msg
 .text.mcu_tracer_inform
                0x00001c4c       0x94 ./Sources/mcu_tracer.o
                0x00001c4c                mcu_tracer_inform
 .text.mcu_tracer_ping
                0x00001ce0       0x18 ./Sources/mcu_tracer.o
                0x00001ce0                mcu_tracer_ping
 .text.mcu_tracer_emergency_reply
                0x00001cf8       0x1c ./Sources/mcu_tracer.o
                0x00001cf8                mcu_tracer_emergency_reply
 .text.mcu_tracer_emergency
                0x00001d14       0x10 ./Sources/mcu_tracer.o
                0x00001d14                mcu_tracer_emergency
 .text.NVIC_SetPriority
                0x00001d24       0x54 ./Sources/taskcall.o
 .text.SysTick_Config
                0x00001d78       0x44 ./Sources/taskcall.o
 .text._taskcall_task_register_time
                0x00001dbc       0x24 ./Sources/taskcall.o
                0x00001dbc                _taskcall_task_register_time
 .text._taskcall_task_register
                0x00001de0       0x6c ./Sources/taskcall.o
                0x00001de0                _taskcall_task_register
 .text._taskcall_task_remove
                0x00001e4c       0x54 ./Sources/taskcall.o
                0x00001e4c                _taskcall_task_remove
 .text._taskcall_task_first_remove
                0x00001ea0       0x2c ./Sources/taskcall.o
                0x00001ea0                _taskcall_task_first_remove
 .text._taskcall_substract_time
                0x00001ecc       0x44 ./Sources/taskcall.o
                0x00001ecc                _taskcall_substract_time
 .text._taskcall_start
                0x00001f10       0x10 ./Sources/taskcall.o
                0x00001f10                _taskcall_start
 .text._taskcall_exec
                0x00001f20       0xc8 ./Sources/taskcall.o
                0x00001f20                _taskcall_exec
 .text.SysTick_Handler
                0x00001fe8        0xc ./Sources/taskcall.o
                0x00001fe8                SysTick_Handler
 .text._taskcaller_get_time
                0x00001ff4       0x6c ./Sources/taskcall_hal.o
                0x00001ff4                _taskcaller_get_time
 .text._taskcaller_get_time_passive
                0x00002060       0x74 ./Sources/taskcall_hal.o
                0x00002060                _taskcaller_get_time_passive
 .text._taskcaller_set_wakeup
                0x000020d4       0x60 ./Sources/taskcall_hal.o
                0x000020d4                _taskcaller_set_wakeup
 .text.UART1_init_defaultparam
                0x00002134       0x6c ./Sources/uart1.o
                0x00002134                UART1_init_defaultparam
 .text.UART1_startup
                0x000021a0       0xa0 ./Sources/uart1.o
                0x000021a0                UART1_startup
 .text.UART1_dmaconfig
                0x00002240       0xd0 ./Sources/uart1.o
                0x00002240                UART1_dmaconfig
 .text.UART1_dma_complete
                0x00002310       0x24 ./Sources/uart1.o
                0x00002310                UART1_dma_complete
 .text.UART1_dma_complete_wait
                0x00002334       0x28 ./Sources/uart1.o
                0x00002334                UART1_dma_complete_wait
 .text.UART1_txBulk
                0x0000235c       0x94 ./Sources/uart1.o
                0x0000235c                UART1_txBulk
 .text.UART1_dma_config_rec
                0x000023f0       0xc4 ./Sources/uart1.o
                0x000023f0                UART1_dma_config_rec
 .text.UART1_rec_size
                0x000024b4       0x30 ./Sources/uart1.o
                0x000024b4                UART1_rec_size
 .text.UART1_rec_buf_reset
                0x000024e4       0xc4 ./Sources/uart1.o
                0x000024e4                UART1_rec_buf_reset
 .text.UART1_buffercontent
                0x000025a8       0x24 ./Sources/uart1.o
                0x000025a8                UART1_buffercontent
 .text.UART1_getch
                0x000025cc       0x44 ./Sources/uart1.o
                0x000025cc                UART1_getch
 .text.VREF_init
                0x00002610       0x74 ./Sources/vref.o
                0x00002610                VREF_init
 .text.wdog_init
                0x00002684       0x60 ./Sources/wdog.o
                0x00002684                wdog_init
 .text.wdog_refresh
                0x000026e4       0x24 ./Sources/wdog.o
                0x000026e4                wdog_refresh
 .text.wdog_refresh_func
                0x00002708       0x34 ./Sources/wdog.o
                0x00002708                wdog_refresh_func
 .text.startup_reason_report
                0x0000273c      0x144 ./Sources/wdog.o
                0x0000273c                startup_reason_report
 .text.SystemInit
                0x00002880      0x1f4 ./Project_Settings/Startup_Code/system_MK22F51212.o
                0x00002880                SystemInit
 .text.SystemCoreClockUpdate
                0x00002a74      0x270 ./Project_Settings/Startup_Code/system_MK22F51212.o
                0x00002a74                SystemCoreClockUpdate
 .text.exit     0x00002ce4       0x28 /opt/Freescale/KDS_v3/toolchain/bin/../lib/gcc/arm-none-eabi/4.8.4/../../../../arm-none-eabi/lib/armv7e-m/fpu/libg_s.a(lib_a-exit.o)
                0x00002ce4                exit
 .text.__libc_init_array
                0x00002d0c       0x4c /opt/Freescale/KDS_v3/toolchain/bin/../lib/gcc/arm-none-eabi/4.8.4/../../../../arm-none-eabi/lib/armv7e-m/fpu/libg_s.a(lib_a-init.o)
                0x00002d0c                __libc_init_array
 .text.memset   0x00002d58       0x10 /opt/Freescale/KDS_v3/toolchain/bin/../lib/gcc/arm-none-eabi/4.8.4/../../../../arm-none-eabi/lib/armv7e-m/fpu/libg_s.a(lib_a-memset.o)
                0x00002d58                memset
 .text.sprintf  0x00002d68       0x48 /opt/Freescale/KDS_v3/toolchain/bin/../lib/gcc/arm-none-eabi/4.8.4/../../../../arm-none-eabi/lib/armv7e-m/fpu/libg_s.a(lib_a-sprintf.o)
                0x00002d68                sprintf
                0x00002d68                siprintf
 .text.__ssputs_r
                0x00002db0       0xb8 /opt/Freescale/KDS_v3/toolchain/bin/../lib/gcc/arm-none-eabi/4.8.4/../../../../arm-none-eabi/lib/armv7e-m/fpu/libg_s.a(lib_a-svfprintf.o)
                0x00002db0                __ssputs_r
 .text._svfprintf_r
                0x00002e68      0x1dc /opt/Freescale/KDS_v3/toolchain/bin/../lib/gcc/arm-none-eabi/4.8.4/../../../../arm-none-eabi/lib/armv7e-m/fpu/libg_s.a(lib_a-svfprintf.o)
                0x00002e68                _svfprintf_r
                0x00002e68                _svfiprintf_r
 .text._printf_common
                0x00003044       0xe4 /opt/Freescale/KDS_v3/toolchain/bin/../lib/gcc/arm-none-eabi/4.8.4/../../../../arm-none-eabi/lib/armv7e-m/fpu/libg_s.a(lib_a-vfprintf_i.o)
                0x00003044                _printf_common
 .text._printf_i
                0x00003128      0x228 /opt/Freescale/KDS_v3/toolchain/bin/../lib/gcc/arm-none-eabi/4.8.4/../../../../arm-none-eabi/lib/armv7e-m/fpu/libg_s.a(lib_a-vfprintf_i.o)
                0x00003128                _printf_i
 .text.memchr   0x00003350       0x1e /opt/Freescale/KDS_v3/toolchain/bin/../lib/gcc/arm-none-eabi/4.8.4/../../../../arm-none-eabi/lib/armv7e-m/fpu/libg_s.a(lib_a-memchr-stub.o)
                0x00003350                memchr
 .text.memcpy   0x0000336e       0x12 /opt/Freescale/KDS_v3/toolchain/bin/../lib/gcc/arm-none-eabi/4.8.4/../../../../arm-none-eabi/lib/armv7e-m/fpu/libg_s.a(lib_a-memcpy-stub.o)
                0x0000336e                memcpy
 .text.memmove  0x00003380       0x36 /opt/Freescale/KDS_v3/toolchain/bin/../lib/gcc/arm-none-eabi/4.8.4/../../../../arm-none-eabi/lib/armv7e-m/fpu/libg_s.a(lib_a-memmove.o)
                0x00003380                memmove
 *fill*         0x000033b6        0x2 
 .text._free_r  0x000033b8       0x88 /opt/Freescale/KDS_v3/toolchain/bin/../lib/gcc/arm-none-eabi/4.8.4/../../../../arm-none-eabi/lib/armv7e-m/fpu/libg_s.a(lib_a-nano-freer.o)
                0x000033b8                _free_r
 .text._malloc_r
                0x00003440       0xa8 /opt/Freescale/KDS_v3/toolchain/bin/../lib/gcc/arm-none-eabi/4.8.4/../../../../arm-none-eabi/lib/armv7e-m/fpu/libg_s.a(lib_a-nano-mallocr.o)
                0x00003440                _malloc_r
 .text._realloc_r
                0x000034e8       0x4c /opt/Freescale/KDS_v3/toolchain/bin/../lib/gcc/arm-none-eabi/4.8.4/../../../../arm-none-eabi/lib/armv7e-m/fpu/libg_s.a(lib_a-nano-reallocr.o)
                0x000034e8                _realloc_r
 .text._sbrk_r  0x00003534       0x20 /opt/Freescale/KDS_v3/toolchain/bin/../lib/gcc/arm-none-eabi/4.8.4/../../../../arm-none-eabi/lib/armv7e-m/fpu/libg_s.a(lib_a-sbrkr.o)
                0x00003534                _sbrk_r
 .text.strlen   0x00003554       0x10 /opt/Freescale/KDS_v3/toolchain/bin/../lib/gcc/arm-none-eabi/4.8.4/../../../../arm-none-eabi/lib/armv7e-m/fpu/libg_s.a(lib_a-strlen.o)
                0x00003554                strlen
 .text._malloc_usable_size_r
                0x00003564       0x12 /opt/Freescale/KDS_v3/toolchain/bin/../lib/gcc/arm-none-eabi/4.8.4/../../../../arm-none-eabi/lib/armv7e-m/fpu/libg_s.a(lib_a-nano-msizer.o)
                0x00003564                _malloc_usable_size_r
 *fill*         0x00003576        0x2 
 .text._sbrk    0x00003578       0x34 /opt/Freescale/KDS_v3/toolchain/bin/../lib/gcc/arm-none-eabi/4.8.4/../../../../arm-none-eabi/lib/armv7e-m/fpu/libnosys.a(sbrk.o)
                0x00003578                _sbrk
 .text._exit    0x000035ac        0x4 /opt/Freescale/KDS_v3/toolchain/bin/../lib/gcc/arm-none-eabi/4.8.4/../../../../arm-none-eabi/lib/armv7e-m/fpu/libnosys.a(_exit.o)
                0x000035ac                _exit
 *(.rodata)
 .rodata        0x000035b0       0x18 ./Sources/adc.o
 .rodata        0x000035c8       0x24 ./Sources/lowvoltagewarning.o
 .rodata        0x000035ec       0x70 ./Sources/mcu_tracer.o
 .rodata        0x0000365c      0x134 ./Sources/wdog.o
 *(.rodata*)
 .rodata.str1.1
                0x00003790        0x2 /opt/Freescale/KDS_v3/toolchain/bin/../lib/gcc/arm-none-eabi/4.8.4/../../../../arm-none-eabi/lib/armv7e-m/fpu/libg_s.a(lib_a-impure.o)
 *fill*         0x00003792        0x2 
 .rodata._global_impure_ptr
                0x00003794        0x4 /opt/Freescale/KDS_v3/toolchain/bin/../lib/gcc/arm-none-eabi/4.8.4/../../../../arm-none-eabi/lib/armv7e-m/fpu/libg_s.a(lib_a-impure.o)
                0x00003794                _global_impure_ptr
 .rodata.str1.1
                0x00003798       0x11 /opt/Freescale/KDS_v3/toolchain/bin/../lib/gcc/arm-none-eabi/4.8.4/../../../../arm-none-eabi/lib/armv7e-m/fpu/libg_s.a(lib_a-svfprintf.o)
 .rodata.str1.1
                0x000037a9       0x22 /opt/Freescale/KDS_v3/toolchain/bin/../lib/gcc/arm-none-eabi/4.8.4/../../../../arm-none-eabi/lib/armv7e-m/fpu/libg_s.a(lib_a-vfprintf_i.o)
 *fill*         0x000037cb        0x1 
 .rodata.__sf_fake_stdin
                0x000037cc       0x20 /opt/Freescale/KDS_v3/toolchain/bin/../lib/gcc/arm-none-eabi/4.8.4/../../../../arm-none-eabi/lib/armv7e-m/fpu/libg_s.a(lib_a-findfp.o)
                0x000037cc                __sf_fake_stdin
 .rodata.__sf_fake_stdout
                0x000037ec       0x20 /opt/Freescale/KDS_v3/toolchain/bin/../lib/gcc/arm-none-eabi/4.8.4/../../../../arm-none-eabi/lib/armv7e-m/fpu/libg_s.a(lib_a-findfp.o)
                0x000037ec                __sf_fake_stdout
 .rodata.__sf_fake_stderr
                0x0000380c       0x20 /opt/Freescale/KDS_v3/toolchain/bin/../lib/gcc/arm-none-eabi/4.8.4/../../../../arm-none-eabi/lib/armv7e-m/fpu/libg_s.a(lib_a-findfp.o)
                0x0000380c                __sf_fake_stderr
 *(.glue_7)
 .glue_7        0x00000000        0x0 linker stubs
 *(.glue_7t)
 .glue_7t       0x00000000        0x0 linker stubs
 *(.eh_frame)
 .eh_frame      0x0000382c        0x0 /opt/Freescale/KDS_v3/toolchain/bin/../lib/gcc/arm-none-eabi/4.8.4/armv7e-m/fpu/crtbegin.o
 *(.init)
 .init          0x0000382c        0x4 /opt/Freescale/KDS_v3/toolchain/bin/../lib/gcc/arm-none-eabi/4.8.4/armv7e-m/fpu/crti.o
                0x0000382c                _init
 .init          0x00003830        0x8 /opt/Freescale/KDS_v3/toolchain/bin/../lib/gcc/arm-none-eabi/4.8.4/armv7e-m/fpu/crtn.o
 *(.fini)
 .fini          0x00003838        0x4 /opt/Freescale/KDS_v3/toolchain/bin/../lib/gcc/arm-none-eabi/4.8.4/armv7e-m/fpu/crti.o
                0x00003838                _fini
 .fini          0x0000383c        0x8 /opt/Freescale/KDS_v3/toolchain/bin/../lib/gcc/arm-none-eabi/4.8.4/armv7e-m/fpu/crtn.o
                0x00003844                . = ALIGN (0x4)

.vfp11_veneer   0x00003844        0x0
 .vfp11_veneer  0x00000000        0x0 linker stubs

.v4_bx          0x00003844        0x0
 .v4_bx         0x00000000        0x0 linker stubs

.iplt           0x00003844        0x0
 .iplt          0x00000000        0x0 /opt/Freescale/KDS_v3/toolchain/bin/../lib/gcc/arm-none-eabi/4.8.4/armv7e-m/fpu/crtbegin.o

.ARM.extab
 *(.ARM.extab* .gnu.linkonce.armextab.*)

.ARM            0x00003844        0x8
                0x00003844                __exidx_start = .
 *(.ARM.exidx*)
 .ARM.exidx     0x00003844        0x8 /opt/Freescale/KDS_v3/toolchain/bin/../lib/gcc/arm-none-eabi/4.8.4/../../../../arm-none-eabi/lib/armv7e-m/fpu/crt0.o
                0x0000384c                __exidx_end = .

.rel.dyn        0x0000384c        0x0
 .rel.iplt      0x00000000        0x0 /opt/Freescale/KDS_v3/toolchain/bin/../lib/gcc/arm-none-eabi/4.8.4/armv7e-m/fpu/crtbegin.o

.ctors          0x0000384c        0x0
                0x0000384c                __CTOR_LIST__ = .
 *crtbegin.o(.ctors)
 *crtbegin?.o(.ctors)
 *(EXCLUDE_FILE(*crtend.o *crtend?.o) .ctors)
 *(SORT(.ctors.*))
 *(.ctors)
                0x0000384c                __CTOR_END__ = .

.dtors          0x0000384c        0x0
                0x0000384c                __DTOR_LIST__ = .
 *crtbegin.o(.dtors)
 *crtbegin?.o(.dtors)
 *(EXCLUDE_FILE(*crtend.o *crtend?.o) .dtors)
 *(SORT(.dtors.*))
 *(.dtors)
                0x0000384c                __DTOR_END__ = .

.preinit_array  0x0000384c        0x0
                0x0000384c                PROVIDE (__preinit_array_start, .)
 *(.preinit_array*)
                0x0000384c                PROVIDE (__preinit_array_end, .)

.init_array     0x0000384c        0x4
                0x0000384c                PROVIDE (__init_array_start, .)
 *(SORT(.init_array.*))
 *(.init_array*)
 .init_array    0x0000384c        0x4 /opt/Freescale/KDS_v3/toolchain/bin/../lib/gcc/arm-none-eabi/4.8.4/armv7e-m/fpu/crtbegin.o
                0x00003850                PROVIDE (__init_array_end, .)

.fini_array     0x00003850        0x4
                0x00003850                PROVIDE (__fini_array_start, .)
 *(SORT(.fini_array.*))
 *(.fini_array*)
 .fini_array    0x00003850        0x4 /opt/Freescale/KDS_v3/toolchain/bin/../lib/gcc/arm-none-eabi/4.8.4/armv7e-m/fpu/crtbegin.o
                0x00003854                PROVIDE (__fini_array_end, .)
                0x00003854                __etext = .
                0x00003854                __DATA_ROM = .

.data           0x1fff0000      0x13c load address 0x00003854
                0x1fff0000                . = ALIGN (0x4)
                0x1fff0000                __DATA_RAM = .
                0x1fff0000                __data_start__ = .
 *(.data)
 *(.data*)
 .data.reset_lvd
                0x1fff0000       0x28 ./Sources/lowvoltagewarning.o
                0x1fff0000                reset_lvd
 .data.task_led_lauflicht
                0x1fff0028       0x28 ./Sources/main.o
                0x1fff0028                task_led_lauflicht
 .data.task_adc_conv_test
                0x1fff0050       0x28 ./Sources/main.o
                0x1fff0050                task_adc_conv_test
 .data.task_adc_init_delay
                0x1fff0078       0x28 ./Sources/main.o
                0x1fff0078                task_adc_init_delay
 .data.led_lauflicht
                0x1fff00a0        0x4 ./Sources/mcu_tracer.o
                0x1fff00a0                led_lauflicht
 *fill*         0x1fff00a4        0x4 
 .data.task_watchdog_reset
                0x1fff00a8       0x28 ./Sources/wdog.o
                0x1fff00a8                task_watchdog_reset
 .data.SystemCoreClock
                0x1fff00d0        0x4 ./Project_Settings/Startup_Code/system_MK22F51212.o
                0x1fff00d0                SystemCoreClock
 .data.impure_data
                0x1fff00d4       0x60 /opt/Freescale/KDS_v3/toolchain/bin/../lib/gcc/arm-none-eabi/4.8.4/../../../../arm-none-eabi/lib/armv7e-m/fpu/libg_s.a(lib_a-impure.o)
 .data._impure_ptr
                0x1fff0134        0x4 /opt/Freescale/KDS_v3/toolchain/bin/../lib/gcc/arm-none-eabi/4.8.4/../../../../arm-none-eabi/lib/armv7e-m/fpu/libg_s.a(lib_a-impure.o)
                0x1fff0134                _impure_ptr
 *(.jcr*)
 .jcr           0x1fff0138        0x0 /opt/Freescale/KDS_v3/toolchain/bin/../lib/gcc/arm-none-eabi/4.8.4/armv7e-m/fpu/crtbegin.o
 .jcr           0x1fff0138        0x4 /opt/Freescale/KDS_v3/toolchain/bin/../lib/gcc/arm-none-eabi/4.8.4/armv7e-m/fpu/crtend.o
                0x1fff013c                . = ALIGN (0x4)
                0x1fff013c                __data_end__ = .
                0x00003990                __DATA_END = (__DATA_ROM + (__data_end__ - __data_start__))

.igot.plt       0x1fff013c        0x0 load address 0x00003990
 .igot.plt      0x00000000        0x0 /opt/Freescale/KDS_v3/toolchain/bin/../lib/gcc/arm-none-eabi/4.8.4/armv7e-m/fpu/crtbegin.o

.bss            0x1fff0140      0x6e0 load address 0x00003998
                0x1fff0140                . = ALIGN (0x4)
                0x1fff0140                __START_BSS = .
                0x1fff0140                __bss_start__ = .
 *(.bss)
 .bss           0x1fff0140       0x1c /opt/Freescale/KDS_v3/toolchain/bin/../lib/gcc/arm-none-eabi/4.8.4/armv7e-m/fpu/crtbegin.o
 *(.bss*)
 .bss.count     0x1fff015c        0x4 ./Sources/main.o
                0x1fff015c                count
 .bss.sendbuf_pos
                0x1fff0160        0x2 ./Sources/mcu_tracer.o
                0x1fff0160                sendbuf_pos
 *fill*         0x1fff0162        0x2 
 .bss.taskcall_head
                0x1fff0164        0x4 ./Sources/taskcall.o
                0x1fff0164                taskcall_head
 .bss.time_comulator
                0x1fff0168        0x4 ./Sources/taskcall_hal.o
                0x1fff0168                time_comulator
 .bss.dummyzero
                0x1fff016c        0x1 ./Sources/uart1.o
                0x1fff016c                dummyzero
 *fill*         0x1fff016d        0x3 
 .bss.__malloc_sbrk_start
                0x1fff0170        0x4 /opt/Freescale/KDS_v3/toolchain/bin/../lib/gcc/arm-none-eabi/4.8.4/../../../../arm-none-eabi/lib/armv7e-m/fpu/libg_s.a(lib_a-nano-mallocr.o)
                0x1fff0170                __malloc_sbrk_start
 .bss.__malloc_free_list
                0x1fff0174        0x4 /opt/Freescale/KDS_v3/toolchain/bin/../lib/gcc/arm-none-eabi/4.8.4/../../../../arm-none-eabi/lib/armv7e-m/fpu/libg_s.a(lib_a-nano-mallocr.o)
                0x1fff0174                __malloc_free_list
 .bss.heap_end.4246
                0x1fff0178        0x4 /opt/Freescale/KDS_v3/toolchain/bin/../lib/gcc/arm-none-eabi/4.8.4/../../../../arm-none-eabi/lib/armv7e-m/fpu/libnosys.a(sbrk.o)
 *(COMMON)
 COMMON         0x1fff017c        0x8 ./Sources/main.o
                0x1fff017c                global_adc_grid
                0x1fff0180                global_adc_voltage
 COMMON         0x1fff0184      0x5bc ./Sources/mcu_tracer.o
                0x1fff0184                sendbuf
                0x1fff056c                mainloop_iterations
                0x1fff0570                debug2
                0x1fff0574                monitorvars
                0x1fff072c                global_checksum
                0x1fff0730                debugbefore
                0x1fff0734                mcu_tracer_checksum
                0x1fff0738                debug1
                0x1fff073c                debug3
 COMMON         0x1fff0740       0x10 ./Sources/taskcall.o
                0x1fff0740                _taskcall_sleep_time
                0x1fff0748                _taskcall_active_time
 COMMON         0x1fff0750       0xcc ./Sources/uart1.o
                0x1fff0750                recpos
                0x1fff0754                recievebuf
 COMMON         0x1fff081c        0x4 /opt/Freescale/KDS_v3/toolchain/bin/../lib/gcc/arm-none-eabi/4.8.4/../../../../arm-none-eabi/lib/armv7e-m/fpu/libg_s.a(lib_a-reent.o)
                0x1fff081c                errno
                0x1fff0820                . = ALIGN (0x4)
                0x1fff0820                __bss_end__ = .
                0x1fff0820                __END_BSS = .

.heap           0x20000000      0x400
                0x20000000                . = ALIGN (0x8)
                0x20000000                __end__ = .
                0x20000000                PROVIDE (end, .)
                0x20000000                __HeapBase = .
                0x20000400                . = (. + HEAP_SIZE)
 *fill*         0x20000000      0x400 
                0x20000400                __HeapLimit = .

.stack          0x20000400      0x400
                0x20000400                . = ALIGN (0x8)
                0x20000800                . = (. + STACK_SIZE)
 *fill*         0x20000400      0x400 
                0x20010000                __StackTop = (ORIGIN (m_data_2) + 0x10000)
                0x2000fc00                __StackLimit = (__StackTop - STACK_SIZE)
                0x20010000                PROVIDE (__stack, __StackTop)

.ARM.attributes
                0x00000000       0x30
 *(.ARM.attributes)
 .ARM.attributes
                0x00000000       0x22 /opt/Freescale/KDS_v3/toolchain/bin/../lib/gcc/arm-none-eabi/4.8.4/armv7e-m/fpu/crti.o
 .ARM.attributes
                0x00000022       0x34 /opt/Freescale/KDS_v3/toolchain/bin/../lib/gcc/arm-none-eabi/4.8.4/armv7e-m/fpu/crtbegin.o
 .ARM.attributes
                0x00000056       0x20 /opt/Freescale/KDS_v3/toolchain/bin/../lib/gcc/arm-none-eabi/4.8.4/../../../../arm-none-eabi/lib/armv7e-m/fpu/crt0.o
 .ARM.attributes
                0x00000076       0x39 ./Sources/adc.o
 .ARM.attributes
                0x000000af       0x39 ./Sources/adc2.o
 .ARM.attributes
                0x000000e8       0x39 ./Sources/flexpwm.o
 .ARM.attributes
                0x00000121       0x39 ./Sources/lowvoltagewarning.o
 .ARM.attributes
                0x0000015a       0x39 ./Sources/main.o
 .ARM.attributes
                0x00000193       0x39 ./Sources/mcu_tracer.o
 .ARM.attributes
                0x000001cc       0x39 ./Sources/taskcall.o
 .ARM.attributes
                0x00000205       0x39 ./Sources/taskcall_hal.o
 .ARM.attributes
                0x0000023e       0x39 ./Sources/uart1.o
 .ARM.attributes
                0x00000277       0x39 ./Sources/vref.o
 .ARM.attributes
                0x000002b0       0x39 ./Sources/wdog.o
 .ARM.attributes
                0x000002e9       0x1f ./Project_Settings/Startup_Code/startup_MK22F51212.o
 .ARM.attributes
                0x00000308       0x39 ./Project_Settings/Startup_Code/system_MK22F51212.o
 .ARM.attributes
                0x00000341       0x22 /opt/Freescale/KDS_v3/toolchain/bin/../lib/gcc/arm-none-eabi/4.8.4/armv7e-m/fpu/libgcc.a(_arm_addsubdf3.o)
 .ARM.attributes
                0x00000363       0x22 /opt/Freescale/KDS_v3/toolchain/bin/../lib/gcc/arm-none-eabi/4.8.4/armv7e-m/fpu/libgcc.a(_arm_muldivdf3.o)
 .ARM.attributes
                0x00000385       0x22 /opt/Freescale/KDS_v3/toolchain/bin/../lib/gcc/arm-none-eabi/4.8.4/armv7e-m/fpu/libgcc.a(_arm_truncdfsf2.o)
 .ARM.attributes
                0x000003a7       0x34 /opt/Freescale/KDS_v3/toolchain/bin/../lib/gcc/arm-none-eabi/4.8.4/../../../../arm-none-eabi/lib/armv7e-m/fpu/libg_s.a(lib_a-exit.o)
 .ARM.attributes
                0x000003db       0x34 /opt/Freescale/KDS_v3/toolchain/bin/../lib/gcc/arm-none-eabi/4.8.4/../../../../arm-none-eabi/lib/armv7e-m/fpu/libg_s.a(lib_a-impure.o)
 .ARM.attributes
                0x0000040f       0x34 /opt/Freescale/KDS_v3/toolchain/bin/../lib/gcc/arm-none-eabi/4.8.4/../../../../arm-none-eabi/lib/armv7e-m/fpu/libg_s.a(lib_a-init.o)
 .ARM.attributes
                0x00000443       0x34 /opt/Freescale/KDS_v3/toolchain/bin/../lib/gcc/arm-none-eabi/4.8.4/../../../../arm-none-eabi/lib/armv7e-m/fpu/libg_s.a(lib_a-memset.o)
 .ARM.attributes
                0x00000477       0x34 /opt/Freescale/KDS_v3/toolchain/bin/../lib/gcc/arm-none-eabi/4.8.4/../../../../arm-none-eabi/lib/armv7e-m/fpu/libg_s.a(lib_a-sprintf.o)
 .ARM.attributes
                0x000004ab       0x34 /opt/Freescale/KDS_v3/toolchain/bin/../lib/gcc/arm-none-eabi/4.8.4/../../../../arm-none-eabi/lib/armv7e-m/fpu/libg_s.a(lib_a-svfprintf.o)
 .ARM.attributes
                0x000004df       0x34 /opt/Freescale/KDS_v3/toolchain/bin/../lib/gcc/arm-none-eabi/4.8.4/../../../../arm-none-eabi/lib/armv7e-m/fpu/libg_s.a(lib_a-vfprintf_i.o)
 .ARM.attributes
                0x00000513       0x34 /opt/Freescale/KDS_v3/toolchain/bin/../lib/gcc/arm-none-eabi/4.8.4/../../../../arm-none-eabi/lib/armv7e-m/fpu/libg_s.a(lib_a-findfp.o)
 .ARM.attributes
                0x00000547       0x34 /opt/Freescale/KDS_v3/toolchain/bin/../lib/gcc/arm-none-eabi/4.8.4/../../../../arm-none-eabi/lib/armv7e-m/fpu/libg_s.a(lib_a-memchr-stub.o)
 .ARM.attributes
                0x0000057b       0x34 /opt/Freescale/KDS_v3/toolchain/bin/../lib/gcc/arm-none-eabi/4.8.4/../../../../arm-none-eabi/lib/armv7e-m/fpu/libg_s.a(lib_a-memcpy-stub.o)
 .ARM.attributes
                0x000005af       0x34 /opt/Freescale/KDS_v3/toolchain/bin/../lib/gcc/arm-none-eabi/4.8.4/../../../../arm-none-eabi/lib/armv7e-m/fpu/libg_s.a(lib_a-memmove.o)
 .ARM.attributes
                0x000005e3       0x34 /opt/Freescale/KDS_v3/toolchain/bin/../lib/gcc/arm-none-eabi/4.8.4/../../../../arm-none-eabi/lib/armv7e-m/fpu/libg_s.a(lib_a-nano-freer.o)
 .ARM.attributes
                0x00000617       0x34 /opt/Freescale/KDS_v3/toolchain/bin/../lib/gcc/arm-none-eabi/4.8.4/../../../../arm-none-eabi/lib/armv7e-m/fpu/libg_s.a(lib_a-nano-mallocr.o)
 .ARM.attributes
                0x0000064b       0x34 /opt/Freescale/KDS_v3/toolchain/bin/../lib/gcc/arm-none-eabi/4.8.4/../../../../arm-none-eabi/lib/armv7e-m/fpu/libg_s.a(lib_a-nano-reallocr.o)
 .ARM.attributes
                0x0000067f       0x34 /opt/Freescale/KDS_v3/toolchain/bin/../lib/gcc/arm-none-eabi/4.8.4/../../../../arm-none-eabi/lib/armv7e-m/fpu/libg_s.a(lib_a-sbrkr.o)
 .ARM.attributes
                0x000006b3       0x34 /opt/Freescale/KDS_v3/toolchain/bin/../lib/gcc/arm-none-eabi/4.8.4/../../../../arm-none-eabi/lib/armv7e-m/fpu/libg_s.a(lib_a-strlen.o)
 .ARM.attributes
                0x000006e7       0x34 /opt/Freescale/KDS_v3/toolchain/bin/../lib/gcc/arm-none-eabi/4.8.4/../../../../arm-none-eabi/lib/armv7e-m/fpu/libg_s.a(lib_a-nano-msizer.o)
 .ARM.attributes
                0x0000071b       0x34 /opt/Freescale/KDS_v3/toolchain/bin/../lib/gcc/arm-none-eabi/4.8.4/../../../../arm-none-eabi/lib/armv7e-m/fpu/libg_s.a(lib_a-reent.o)
 .ARM.attributes
                0x0000074f       0x34 /opt/Freescale/KDS_v3/toolchain/bin/../lib/gcc/arm-none-eabi/4.8.4/../../../../arm-none-eabi/lib/armv7e-m/fpu/libnosys.a(sbrk.o)
 .ARM.attributes
                0x00000783       0x34 /opt/Freescale/KDS_v3/toolchain/bin/../lib/gcc/arm-none-eabi/4.8.4/../../../../arm-none-eabi/lib/armv7e-m/fpu/libnosys.a(_exit.o)
 .ARM.attributes
                0x000007b7       0x34 /opt/Freescale/KDS_v3/toolchain/bin/../lib/gcc/arm-none-eabi/4.8.4/armv7e-m/fpu/crtend.o
 .ARM.attributes
                0x000007eb       0x22 /opt/Freescale/KDS_v3/toolchain/bin/../lib/gcc/arm-none-eabi/4.8.4/armv7e-m/fpu/crtn.o
                0x00000001                ASSERT ((__StackLimit >= __HeapLimit), region m_data_2 overflowed with stack and heap)
OUTPUT(desperate.elf elf32-littlearm)

.debug_info     0x00000000     0x48c1
 .debug_info    0x00000000      0x47f ./Sources/adc.o
 .debug_info    0x0000047f      0x509 ./Sources/adc2.o
 .debug_info    0x00000988      0x4c9 ./Sources/flexpwm.o
 .debug_info    0x00000e51      0x62c ./Sources/lowvoltagewarning.o
 .debug_info    0x0000147d      0x6df ./Sources/main.o
 .debug_info    0x00001b5c      0x540 ./Sources/mcu_tracer.o
 .debug_info    0x0000209c      0x9af ./Sources/taskcall.o
 .debug_info    0x00002a4b      0x1b8 ./Sources/taskcall_hal.o
 .debug_info    0x00002c03      0xb17 ./Sources/uart1.o
 .debug_info    0x0000371a      0x2cf ./Sources/vref.o
 .debug_info    0x000039e9      0x3ec ./Sources/wdog.o
 .debug_info    0x00003dd5       0x7c ./Project_Settings/Startup_Code/startup_MK22F51212.o
 .debug_info    0x00003e51      0xa70 ./Project_Settings/Startup_Code/system_MK22F51212.o

.debug_abbrev   0x00000000     0x11b4
 .debug_abbrev  0x00000000      0x136 ./Sources/adc.o
 .debug_abbrev  0x00000136      0x10b ./Sources/adc2.o
 .debug_abbrev  0x00000241       0xe0 ./Sources/flexpwm.o
 .debug_abbrev  0x00000321      0x1b3 ./Sources/lowvoltagewarning.o
 .debug_abbrev  0x000004d4      0x1e6 ./Sources/main.o
 .debug_abbrev  0x000006ba      0x1ea ./Sources/mcu_tracer.o
 .debug_abbrev  0x000008a4      0x228 ./Sources/taskcall.o
 .debug_abbrev  0x00000acc       0xf4 ./Sources/taskcall_hal.o
 .debug_abbrev  0x00000bc0      0x234 ./Sources/uart1.o
 .debug_abbrev  0x00000df4       0xf1 ./Sources/vref.o
 .debug_abbrev  0x00000ee5      0x17a ./Sources/wdog.o
 .debug_abbrev  0x0000105f       0x14 ./Project_Settings/Startup_Code/startup_MK22F51212.o
 .debug_abbrev  0x00001073      0x141 ./Project_Settings/Startup_Code/system_MK22F51212.o

.debug_aranges  0x00000000      0x360
 .debug_aranges
                0x00000000       0x30 ./Sources/adc.o
 .debug_aranges
                0x00000030       0x28 ./Sources/adc2.o
 .debug_aranges
                0x00000058       0x20 ./Sources/flexpwm.o
 .debug_aranges
                0x00000078       0x38 ./Sources/lowvoltagewarning.o
 .debug_aranges
                0x000000b0       0x40 ./Sources/main.o
 .debug_aranges
                0x000000f0       0xa0 ./Sources/mcu_tracer.o
 .debug_aranges
                0x00000190       0x88 ./Sources/taskcall.o
 .debug_aranges
                0x00000218       0x30 ./Sources/taskcall_hal.o
 .debug_aranges
                0x00000248       0x78 ./Sources/uart1.o
 .debug_aranges
                0x000002c0       0x20 ./Sources/vref.o
 .debug_aranges
                0x000002e0       0x38 ./Sources/wdog.o
 .debug_aranges
                0x00000318       0x20 ./Project_Settings/Startup_Code/startup_MK22F51212.o
 .debug_aranges
                0x00000338       0x28 ./Project_Settings/Startup_Code/system_MK22F51212.o

.debug_ranges   0x00000000      0x298
 .debug_ranges  0x00000000       0x20 ./Sources/adc.o
 .debug_ranges  0x00000020       0x18 ./Sources/adc2.o
 .debug_ranges  0x00000038       0x10 ./Sources/flexpwm.o
 .debug_ranges  0x00000048       0x28 ./Sources/lowvoltagewarning.o
 .debug_ranges  0x00000070       0x30 ./Sources/main.o
 .debug_ranges  0x000000a0       0xa8 ./Sources/mcu_tracer.o
 .debug_ranges  0x00000148       0x78 ./Sources/taskcall.o
 .debug_ranges  0x000001c0       0x20 ./Sources/taskcall_hal.o
 .debug_ranges  0x000001e0       0x68 ./Sources/uart1.o
 .debug_ranges  0x00000248       0x10 ./Sources/vref.o
 .debug_ranges  0x00000258       0x28 ./Sources/wdog.o
 .debug_ranges  0x00000280       0x18 ./Project_Settings/Startup_Code/system_MK22F51212.o

.debug_macro    0x00000000    0x126e7
 .debug_macro   0x00000000       0x96 ./Sources/adc.o
 .debug_macro   0x00000096      0x850 ./Sources/adc.o
 .debug_macro   0x000008e6       0x16 ./Sources/adc.o
 .debug_macro   0x000008fc       0x16 ./Sources/adc.o
 .debug_macro   0x00000912       0x44 ./Sources/adc.o
 .debug_macro   0x00000956      0x209 ./Sources/adc.o
 .debug_macro   0x00000b5f       0x55 ./Sources/adc.o
 .debug_macro   0x00000bb4       0x3b ./Sources/adc.o
 .debug_macro   0x00000bef       0x34 ./Sources/adc.o
 .debug_macro   0x00000c23       0x26 ./Sources/adc.o
 .debug_macro   0x00000c49      0xd1d ./Sources/adc.o
 .debug_macro   0x00001966       0xda ./Sources/adc.o
 .debug_macro   0x00001a40     0xefee ./Sources/adc.o
 .debug_macro   0x00010a2e       0x10 ./Sources/adc.o
 .debug_macro   0x00010a3e       0x8d ./Sources/adc2.o
 .debug_macro   0x00010acb       0x8d ./Sources/flexpwm.o
 .debug_macro   0x00010b58      0x15c ./Sources/lowvoltagewarning.o
 .debug_macro   0x00010cb4       0x58 ./Sources/lowvoltagewarning.o
 .debug_macro   0x00010d0c       0x35 ./Sources/lowvoltagewarning.o
 .debug_macro   0x00010d41       0xa3 ./Sources/lowvoltagewarning.o
 .debug_macro   0x00010de4       0x16 ./Sources/lowvoltagewarning.o
 .debug_macro   0x00010dfa       0x97 ./Sources/lowvoltagewarning.o
 .debug_macro   0x00010e91       0x10 ./Sources/lowvoltagewarning.o
 .debug_macro   0x00010ea1       0xef ./Sources/lowvoltagewarning.o
 .debug_macro   0x00010f90       0x4a ./Sources/lowvoltagewarning.o
 .debug_macro   0x00010fda       0x52 ./Sources/lowvoltagewarning.o
 .debug_macro   0x0001102c       0x16 ./Sources/lowvoltagewarning.o
 .debug_macro   0x00011042       0x43 ./Sources/lowvoltagewarning.o
 .debug_macro   0x00011085      0x180 ./Sources/lowvoltagewarning.o
 .debug_macro   0x00011205       0x10 ./Sources/lowvoltagewarning.o
 .debug_macro   0x00011215       0x22 ./Sources/lowvoltagewarning.o
 .debug_macro   0x00011237       0xbd ./Sources/lowvoltagewarning.o
 .debug_macro   0x000112f4       0x16 ./Sources/lowvoltagewarning.o
 .debug_macro   0x0001130a      0x14a ./Sources/lowvoltagewarning.o
 .debug_macro   0x00011454      0x20f ./Sources/lowvoltagewarning.o
 .debug_macro   0x00011663      0x1bc ./Sources/main.o
 .debug_macro   0x0001181f      0x166 ./Sources/main.o
 .debug_macro   0x00011985      0x2a6 ./Sources/main.o
 .debug_macro   0x00011c2b       0x10 ./Sources/main.o
 .debug_macro   0x00011c3b       0x35 ./Sources/main.o
 .debug_macro   0x00011c70       0x1c ./Sources/main.o
 .debug_macro   0x00011c8c      0x103 ./Sources/mcu_tracer.o
 .debug_macro   0x00011d8f      0x1c1 ./Sources/taskcall.o
 .debug_macro   0x00011f50       0x16 ./Sources/taskcall.o
 .debug_macro   0x00011f66       0x22 ./Sources/taskcall.o
 .debug_macro   0x00011f88       0x67 ./Sources/taskcall.o
 .debug_macro   0x00011fef      0x133 ./Sources/taskcall_hal.o
 .debug_macro   0x00012122      0x10e ./Sources/taskcall_hal.o
 .debug_macro   0x00012230       0x7f ./Sources/taskcall_hal.o
 .debug_macro   0x000122af      0x175 ./Sources/uart1.o
 .debug_macro   0x00012424       0x8d ./Sources/vref.o
 .debug_macro   0x000124b1      0x19a ./Sources/wdog.o
 .debug_macro   0x0001264b       0x9c ./Project_Settings/Startup_Code/system_MK22F51212.o

.debug_line     0x00000000     0x25c3
 .debug_line    0x00000000      0x24b ./Sources/adc.o
 .debug_line    0x0000024b      0x20d ./Sources/adc2.o
 .debug_line    0x00000458      0x20e ./Sources/flexpwm.o
 .debug_line    0x00000666      0x2f5 ./Sources/lowvoltagewarning.o
 .debug_line    0x0000095b      0x3e2 ./Sources/main.o
 .debug_line    0x00000d3d      0x491 ./Sources/mcu_tracer.o
 .debug_line    0x000011ce      0x4a8 ./Sources/taskcall.o
 .debug_line    0x00001676      0x2bb ./Sources/taskcall_hal.o
 .debug_line    0x00001931      0x3b3 ./Sources/uart1.o
 .debug_line    0x00001ce4      0x1f2 ./Sources/vref.o
 .debug_line    0x00001ed6      0x3a2 ./Sources/wdog.o
 .debug_line    0x00002278       0x7b ./Project_Settings/Startup_Code/startup_MK22F51212.o
 .debug_line    0x000022f3      0x2d0 ./Project_Settings/Startup_Code/system_MK22F51212.o

.debug_str      0x00000000    0x62e54
 .debug_str     0x00000000    0x5ec15 ./Sources/adc.o
                              0x5ed9a (size before relaxing)
 .debug_str     0x0005ec15       0x50 ./Sources/adc2.o
                              0x5ed73 (size before relaxing)
 .debug_str     0x0005ec65       0xb2 ./Sources/flexpwm.o
                              0x5ed8f (size before relaxing)
 .debug_str     0x0005ed17     0x2545 ./Sources/lowvoltagewarning.o
                              0x61242 (size before relaxing)
 .debug_str     0x0006125c     0x10b6 ./Sources/main.o
                              0x61e72 (size before relaxing)
 .debug_str     0x00062312      0x27d ./Sources/mcu_tracer.o
                               0x5722 (size before relaxing)
 .debug_str     0x0006258f      0x2db ./Sources/taskcall.o
                              0x623a2 (size before relaxing)
 .debug_str     0x0006286a       0x8b ./Sources/taskcall_hal.o
                              0x60318 (size before relaxing)
 .debug_str     0x000628f5      0x3af ./Sources/uart1.o
                              0x6107e (size before relaxing)
 .debug_str     0x00062ca4       0x1c ./Sources/vref.o
                              0x5ecd4 (size before relaxing)
 .debug_str     0x00062cc0       0xdc ./Sources/wdog.o
                              0x61ccd (size before relaxing)
 .debug_str     0x00062d9c       0xb8 ./Project_Settings/Startup_Code/system_MK22F51212.o
                              0x5f351 (size before relaxing)

.comment        0x00000000       0x70
 .comment       0x00000000       0x70 ./Sources/adc.o
                                 0x71 (size before relaxing)
 .comment       0x00000000       0x71 ./Sources/adc2.o
 .comment       0x00000000       0x71 ./Sources/flexpwm.o
 .comment       0x00000000       0x71 ./Sources/lowvoltagewarning.o
 .comment       0x00000000       0x71 ./Sources/main.o
 .comment       0x00000000       0x71 ./Sources/mcu_tracer.o
 .comment       0x00000000       0x71 ./Sources/taskcall.o
 .comment       0x00000000       0x71 ./Sources/taskcall_hal.o
 .comment       0x00000000       0x71 ./Sources/uart1.o
 .comment       0x00000000       0x71 ./Sources/vref.o
 .comment       0x00000000       0x71 ./Sources/wdog.o
 .comment       0x00000000       0x71 ./Project_Settings/Startup_Code/system_MK22F51212.o

.debug_frame    0x00000000      0xd3c
 .debug_frame   0x00000000       0x68 ./Sources/adc.o
 .debug_frame   0x00000068       0x44 ./Sources/adc2.o
 .debug_frame   0x000000ac       0x28 ./Sources/flexpwm.o
 .debug_frame   0x000000d4       0x84 ./Sources/lowvoltagewarning.o
 .debug_frame   0x00000158       0xa0 ./Sources/main.o
 .debug_frame   0x000001f8      0x218 ./Sources/mcu_tracer.o
 .debug_frame   0x00000410      0x1ac ./Sources/taskcall.o
 .debug_frame   0x000005bc       0x64 ./Sources/taskcall_hal.o
 .debug_frame   0x00000620      0x150 ./Sources/uart1.o
 .debug_frame   0x00000770       0x2c ./Sources/vref.o
 .debug_frame   0x0000079c       0x80 ./Sources/wdog.o
 .debug_frame   0x0000081c       0x48 ./Project_Settings/Startup_Code/system_MK22F51212.o
 .debug_frame   0x00000864       0x28 /opt/Freescale/KDS_v3/toolchain/bin/../lib/gcc/arm-none-eabi/4.8.4/../../../../arm-none-eabi/lib/armv7e-m/fpu/libg_s.a(lib_a-exit.o)
 .debug_frame   0x0000088c       0x2c /opt/Freescale/KDS_v3/toolchain/bin/../lib/gcc/arm-none-eabi/4.8.4/../../../../arm-none-eabi/lib/armv7e-m/fpu/libg_s.a(lib_a-init.o)
 .debug_frame   0x000008b8       0x20 /opt/Freescale/KDS_v3/toolchain/bin/../lib/gcc/arm-none-eabi/4.8.4/../../../../arm-none-eabi/lib/armv7e-m/fpu/libg_s.a(lib_a-memset.o)
 .debug_frame   0x000008d8       0x58 /opt/Freescale/KDS_v3/toolchain/bin/../lib/gcc/arm-none-eabi/4.8.4/../../../../arm-none-eabi/lib/armv7e-m/fpu/libg_s.a(lib_a-sprintf.o)
 .debug_frame   0x00000930       0x88 /opt/Freescale/KDS_v3/toolchain/bin/../lib/gcc/arm-none-eabi/4.8.4/../../../../arm-none-eabi/lib/armv7e-m/fpu/libg_s.a(lib_a-svfprintf.o)
 .debug_frame   0x000009b8       0x60 /opt/Freescale/KDS_v3/toolchain/bin/../lib/gcc/arm-none-eabi/4.8.4/../../../../arm-none-eabi/lib/armv7e-m/fpu/libg_s.a(lib_a-vfprintf_i.o)
 .debug_frame   0x00000a18      0x12c /opt/Freescale/KDS_v3/toolchain/bin/../lib/gcc/arm-none-eabi/4.8.4/../../../../arm-none-eabi/lib/armv7e-m/fpu/libg_s.a(lib_a-findfp.o)
 .debug_frame   0x00000b44       0x28 /opt/Freescale/KDS_v3/toolchain/bin/../lib/gcc/arm-none-eabi/4.8.4/../../../../arm-none-eabi/lib/armv7e-m/fpu/libg_s.a(lib_a-memchr-stub.o)
 .debug_frame   0x00000b6c       0x28 /opt/Freescale/KDS_v3/toolchain/bin/../lib/gcc/arm-none-eabi/4.8.4/../../../../arm-none-eabi/lib/armv7e-m/fpu/libg_s.a(lib_a-memcpy-stub.o)
 .debug_frame   0x00000b94       0x2c /opt/Freescale/KDS_v3/toolchain/bin/../lib/gcc/arm-none-eabi/4.8.4/../../../../arm-none-eabi/lib/armv7e-m/fpu/libg_s.a(lib_a-memmove.o)
 .debug_frame   0x00000bc0       0x2c /opt/Freescale/KDS_v3/toolchain/bin/../lib/gcc/arm-none-eabi/4.8.4/../../../../arm-none-eabi/lib/armv7e-m/fpu/libg_s.a(lib_a-nano-freer.o)
 .debug_frame   0x00000bec       0x2c /opt/Freescale/KDS_v3/toolchain/bin/../lib/gcc/arm-none-eabi/4.8.4/../../../../arm-none-eabi/lib/armv7e-m/fpu/libg_s.a(lib_a-nano-mallocr.o)
 .debug_frame   0x00000c18       0x30 /opt/Freescale/KDS_v3/toolchain/bin/../lib/gcc/arm-none-eabi/4.8.4/../../../../arm-none-eabi/lib/armv7e-m/fpu/libg_s.a(lib_a-nano-reallocr.o)
 .debug_frame   0x00000c48       0x2c /opt/Freescale/KDS_v3/toolchain/bin/../lib/gcc/arm-none-eabi/4.8.4/../../../../arm-none-eabi/lib/armv7e-m/fpu/libg_s.a(lib_a-sbrkr.o)
 .debug_frame   0x00000c74       0x20 /opt/Freescale/KDS_v3/toolchain/bin/../lib/gcc/arm-none-eabi/4.8.4/../../../../arm-none-eabi/lib/armv7e-m/fpu/libg_s.a(lib_a-strlen.o)
 .debug_frame   0x00000c94       0x20 /opt/Freescale/KDS_v3/toolchain/bin/../lib/gcc/arm-none-eabi/4.8.4/../../../../arm-none-eabi/lib/armv7e-m/fpu/libg_s.a(lib_a-nano-msizer.o)
 .debug_frame   0x00000cb4       0x48 /opt/Freescale/KDS_v3/toolchain/bin/../lib/gcc/arm-none-eabi/4.8.4/../../../../arm-none-eabi/lib/armv7e-m/fpu/libg_s.a(lib_a-reent.o)
 .debug_frame   0x00000cfc       0x20 /opt/Freescale/KDS_v3/toolchain/bin/../lib/gcc/arm-none-eabi/4.8.4/../../../../arm-none-eabi/lib/armv7e-m/fpu/libnosys.a(sbrk.o)
 .debug_frame   0x00000d1c       0x20 /opt/Freescale/KDS_v3/toolchain/bin/../lib/gcc/arm-none-eabi/4.8.4/../../../../arm-none-eabi/lib/armv7e-m/fpu/libnosys.a(_exit.o)

.stabstr        0x00000000      0x14d
 .stabstr       0x00000000      0x14d /opt/Freescale/KDS_v3/toolchain/bin/../lib/gcc/arm-none-eabi/4.8.4/../../../../arm-none-eabi/lib/armv7e-m/fpu/libnosys.a(close.o)
