Archive member included because of file (symbol)

/opt/Freescale/KDS_v3/toolchain/bin/../lib/gcc/arm-none-eabi/4.8.4/armv7e-m/fpu/libgcc.a(_arm_addsubdf3.o)
                              ./Sources/main.o (__aeabi_dadd)
/opt/Freescale/KDS_v3/toolchain/bin/../lib/gcc/arm-none-eabi/4.8.4/armv7e-m/fpu/libgcc.a(_arm_muldivdf3.o)
                              ./Sources/main.o (__aeabi_dmul)
/opt/Freescale/KDS_v3/toolchain/bin/../lib/gcc/arm-none-eabi/4.8.4/armv7e-m/fpu/libgcc.a(_arm_truncdfsf2.o)
                              ./Sources/main.o (__aeabi_d2f)
/opt/Freescale/KDS_v3/toolchain/bin/../lib/gcc/arm-none-eabi/4.8.4/../../../../arm-none-eabi/lib/armv7e-m/fpu/libg_s.a(lib_a-exit.o)
                              /opt/Freescale/KDS_v3/toolchain/bin/../lib/gcc/arm-none-eabi/4.8.4/../../../../arm-none-eabi/lib/armv7e-m/fpu/crt0.o (exit)
/opt/Freescale/KDS_v3/toolchain/bin/../lib/gcc/arm-none-eabi/4.8.4/../../../../arm-none-eabi/lib/armv7e-m/fpu/libg_s.a(lib_a-impure.o)
                              /opt/Freescale/KDS_v3/toolchain/bin/../lib/gcc/arm-none-eabi/4.8.4/../../../../arm-none-eabi/lib/armv7e-m/fpu/libg_s.a(lib_a-exit.o) (_global_impure_ptr)
/opt/Freescale/KDS_v3/toolchain/bin/../lib/gcc/arm-none-eabi/4.8.4/../../../../arm-none-eabi/lib/armv7e-m/fpu/libg_s.a(lib_a-init.o)
                              /opt/Freescale/KDS_v3/toolchain/bin/../lib/gcc/arm-none-eabi/4.8.4/../../../../arm-none-eabi/lib/armv7e-m/fpu/crt0.o (__libc_init_array)
/opt/Freescale/KDS_v3/toolchain/bin/../lib/gcc/arm-none-eabi/4.8.4/../../../../arm-none-eabi/lib/armv7e-m/fpu/libg_s.a(lib_a-memset.o)
                              /opt/Freescale/KDS_v3/toolchain/bin/../lib/gcc/arm-none-eabi/4.8.4/../../../../arm-none-eabi/lib/armv7e-m/fpu/crt0.o (memset)
/opt/Freescale/KDS_v3/toolchain/bin/../lib/gcc/arm-none-eabi/4.8.4/../../../../arm-none-eabi/lib/armv7e-m/fpu/libg_s.a(lib_a-printf.o)
                              ./Sources/taskcall.o (printf)
/opt/Freescale/KDS_v3/toolchain/bin/../lib/gcc/arm-none-eabi/4.8.4/../../../../arm-none-eabi/lib/armv7e-m/fpu/libg_s.a(lib_a-puts.o)
                              ./Sources/taskcall.o (puts)
/opt/Freescale/KDS_v3/toolchain/bin/../lib/gcc/arm-none-eabi/4.8.4/../../../../arm-none-eabi/lib/armv7e-m/fpu/libg_s.a(lib_a-sprintf.o)
                              ./Sources/lowvoltagewarning.o (sprintf)
/opt/Freescale/KDS_v3/toolchain/bin/../lib/gcc/arm-none-eabi/4.8.4/../../../../arm-none-eabi/lib/armv7e-m/fpu/libg_s.a(lib_a-svfprintf.o)
                              /opt/Freescale/KDS_v3/toolchain/bin/../lib/gcc/arm-none-eabi/4.8.4/../../../../arm-none-eabi/lib/armv7e-m/fpu/libg_s.a(lib_a-sprintf.o) (_svfprintf_r)
/opt/Freescale/KDS_v3/toolchain/bin/../lib/gcc/arm-none-eabi/4.8.4/../../../../arm-none-eabi/lib/armv7e-m/fpu/libg_s.a(lib_a-vfprintf.o)
                              /opt/Freescale/KDS_v3/toolchain/bin/../lib/gcc/arm-none-eabi/4.8.4/../../../../arm-none-eabi/lib/armv7e-m/fpu/libg_s.a(lib_a-printf.o) (_vfprintf_r)
/opt/Freescale/KDS_v3/toolchain/bin/../lib/gcc/arm-none-eabi/4.8.4/../../../../arm-none-eabi/lib/armv7e-m/fpu/libg_s.a(lib_a-vfprintf_i.o)
                              /opt/Freescale/KDS_v3/toolchain/bin/../lib/gcc/arm-none-eabi/4.8.4/../../../../arm-none-eabi/lib/armv7e-m/fpu/libg_s.a(lib_a-svfprintf.o) (_printf_i)
/opt/Freescale/KDS_v3/toolchain/bin/../lib/gcc/arm-none-eabi/4.8.4/../../../../arm-none-eabi/lib/armv7e-m/fpu/libg_s.a(lib_a-wbuf.o)
                              /opt/Freescale/KDS_v3/toolchain/bin/../lib/gcc/arm-none-eabi/4.8.4/../../../../arm-none-eabi/lib/armv7e-m/fpu/libg_s.a(lib_a-puts.o) (__swbuf_r)
/opt/Freescale/KDS_v3/toolchain/bin/../lib/gcc/arm-none-eabi/4.8.4/../../../../arm-none-eabi/lib/armv7e-m/fpu/libg_s.a(lib_a-wsetup.o)
                              /opt/Freescale/KDS_v3/toolchain/bin/../lib/gcc/arm-none-eabi/4.8.4/../../../../arm-none-eabi/lib/armv7e-m/fpu/libg_s.a(lib_a-puts.o) (__swsetup_r)
/opt/Freescale/KDS_v3/toolchain/bin/../lib/gcc/arm-none-eabi/4.8.4/../../../../arm-none-eabi/lib/armv7e-m/fpu/libg_s.a(lib_a-fflush.o)
                              /opt/Freescale/KDS_v3/toolchain/bin/../lib/gcc/arm-none-eabi/4.8.4/../../../../arm-none-eabi/lib/armv7e-m/fpu/libg_s.a(lib_a-wbuf.o) (_fflush_r)
/opt/Freescale/KDS_v3/toolchain/bin/../lib/gcc/arm-none-eabi/4.8.4/../../../../arm-none-eabi/lib/armv7e-m/fpu/libg_s.a(lib_a-findfp.o)
                              /opt/Freescale/KDS_v3/toolchain/bin/../lib/gcc/arm-none-eabi/4.8.4/../../../../arm-none-eabi/lib/armv7e-m/fpu/libg_s.a(lib_a-printf.o) (__sinit)
/opt/Freescale/KDS_v3/toolchain/bin/../lib/gcc/arm-none-eabi/4.8.4/../../../../arm-none-eabi/lib/armv7e-m/fpu/libg_s.a(lib_a-fvwrite.o)
                              /opt/Freescale/KDS_v3/toolchain/bin/../lib/gcc/arm-none-eabi/4.8.4/../../../../arm-none-eabi/lib/armv7e-m/fpu/libg_s.a(lib_a-vfprintf.o) (__sfvwrite_r)
/opt/Freescale/KDS_v3/toolchain/bin/../lib/gcc/arm-none-eabi/4.8.4/../../../../arm-none-eabi/lib/armv7e-m/fpu/libg_s.a(lib_a-fwalk.o)
[...]
Memory Configuration

Name             Origin             Length             Attributes
m_interrupts     0x00000000         0x00000400         xr
m_flash_config   0x00000400         0x00000010         xr
m_text           0x00000410         0x0007fbf0         xr
m_data           0x1fff0000         0x00010000         rw
m_data_2         0x20000000         0x00010000         rw
*default*        0x00000000         0xffffffff

Linker script and memory map

LOAD /opt/Freescale/KDS_v3/toolchain/bin/../lib/gcc/arm-none-eabi/4.8.4/armv7e-m/fpu/crti.o
LOAD /opt/Freescale/KDS_v3/toolchain/bin/../lib/gcc/arm-none-eabi/4.8.4/armv7e-m/fpu/crtbegin.o
LOAD /opt/Freescale/KDS_v3/toolchain/bin/../lib/gcc/arm-none-eabi/4.8.4/../../../../arm-none-eabi/lib/armv7e-m/fpu/crt0.o
LOAD ./Sources/Si8900.o
LOAD ./Sources/adc.o
LOAD ./Sources/adc2.o
LOAD ./Sources/console.o
LOAD ./Sources/flexpwm.o
LOAD ./Sources/leds.o
LOAD ./Sources/lowvoltagewarning.o
LOAD ./Sources/main.o
LOAD ./Sources/mcu_tracer.o
LOAD ./Sources/taskcall.o
LOAD ./Sources/taskcall_hal.o
LOAD ./Sources/uart1.o
LOAD ./Sources/vref.o
LOAD ./Sources/wdog.o
LOAD ./Project_Settings/Startup_Code/startup_MK22F51212.o
LOAD ./Project_Settings/Startup_Code/system_MK22F51212.o
LOAD /opt/Freescale/KDS_v3/toolchain/bin/../lib/gcc/arm-none-eabi/4.8.4/../../../../arm-none-eabi/lib/armv7e-m/fpu/libstdc++_s.a
LOAD /opt/Freescale/KDS_v3/toolchain/bin/../lib/gcc/arm-none-eabi/4.8.4/../../../../arm-none-eabi/lib/armv7e-m/fpu/libm.a
START GROUP
LOAD /opt/Freescale/KDS_v3/toolchain/bin/../lib/gcc/arm-none-eabi/4.8.4/armv7e-m/fpu/libgcc.a
LOAD /opt/Freescale/KDS_v3/toolchain/bin/../lib/gcc/arm-none-eabi/4.8.4/../../../../arm-none-eabi/lib/armv7e-m/fpu/libg_s.a
LOAD /opt/Freescale/KDS_v3/toolchain/bin/../lib/gcc/arm-none-eabi/4.8.4/../../../../arm-none-eabi/lib/armv7e-m/fpu/libc_s.a
END GROUP
START GROUP
LOAD /opt/Freescale/KDS_v3/toolchain/bin/../lib/gcc/arm-none-eabi/4.8.4/armv7e-m/fpu/libgcc.a
LOAD /opt/Freescale/KDS_v3/toolchain/bin/../lib/gcc/arm-none-eabi/4.8.4/../../../../arm-none-eabi/lib/armv7e-m/fpu/libc_s.a
LOAD /opt/Freescale/KDS_v3/toolchain/bin/../lib/gcc/arm-none-eabi/4.8.4/../../../../arm-none-eabi/lib/armv7e-m/fpu/libnosys.a
END GROUP
START GROUP
LOAD /opt/Freescale/KDS_v3/toolchain/bin/../lib/gcc/arm-none-eabi/4.8.4/armv7e-m/fpu/libgcc.a
LOAD /opt/Freescale/KDS_v3/toolchain/bin/../lib/gcc/arm-none-eabi/4.8.4/../../../../arm-none-eabi/lib/armv7e-m/fpu/libc_s.a
LOAD /opt/Freescale/KDS_v3/toolchain/bin/../lib/gcc/arm-none-eabi/4.8.4/../../../../arm-none-eabi/lib/armv7e-m/fpu/libnosys.a
END GROUP
LOAD /opt/Freescale/KDS_v3/toolchain/bin/../lib/gcc/arm-none-eabi/4.8.4/armv7e-m/fpu/crtend.o
LOAD /opt/Freescale/KDS_v3/toolchain/bin/../lib/gcc/arm-none-eabi/4.8.4/armv7e-m/fpu/crtn.o
                0x00000400                HEAP_SIZE = DEFINED (__heap_size__)?__heap_size__:0x400
                0x00000400                STACK_SIZE = DEFINED (__stack_size__)?__stack_size__:0x400

.interrupts     0x00000000      0x400
                0x00000000                __VECTOR_TABLE = .
                0x00000000                . = ALIGN (0x4)
 *(.isr_vector)
 .isr_vector    0x00000000      0x400 ./Project_Settings/Startup_Code/startup_MK22F51212.o
                0x00000000                __isr_vector
                0x00000400                . = ALIGN (0x4)

.flash_config   0x00000400       0x10
                0x00000400                . = ALIGN (0x4)
 *(.FlashConfig)
 .FlashConfig   0x00000400       0x10 ./Project_Settings/Startup_Code/startup_MK22F51212.o
                0x00000410                . = ALIGN (0x4)

.text           0x00000410     0x4098
                0x00000410                . = ALIGN (0x4)
 *(.text)
 .text          0x00000410       0x54 /opt/Freescale/KDS_v3/toolchain/bin/../lib/gcc/arm-none-eabi/4.8.4/armv7e-m/fpu/crtbegin.o
 .text          0x00000464       0x74 /opt/Freescale/KDS_v3/toolchain/bin/../lib/gcc/arm-none-eabi/4.8.4/../../../../arm-none-eabi/lib/armv7e-m/fpu/crt0.o
                0x00000464                _mainCRTStartup
                0x00000464                _start
 .text          0x000004d8       0x30 ./Project_Settings/Startup_Code/startup_MK22F51212.o
                0x000004d8                Reset_Handler
                0x00000504                Reserved96_IRQHandler
                0x00000504                Reserved54_IRQHandler
                0x00000504                DebugMon_Handler
                0x00000504                I2C0_IRQHandler
                0x00000504                HardFault_Handler
                0x00000504                Reserved86_IRQHandler
                0x00000504                Reserved85_IRQHandler
                0x00000504                PendSV_Handler
                0x00000504                NMI_Handler
                0x00000504                UART0_RX_TX_IRQHandler
                0x00000504                I2C1_IRQHandler
                0x00000504                DMA2_IRQHandler
                0x00000504                Reserved99_IRQHandler
                0x00000504                PIT0_IRQHandler
                0x00000504                LLWU_IRQHandler
                0x00000504                Reserved84_IRQHandler
                0x00000504                Reserved92_IRQHandler
                0x00000504                UART2_RX_TX_IRQHandler
                0x00000504                SWI_IRQHandler
                0x00000504                ADC0_IRQHandler
                0x00000504                UsageFault_Handler
                0x00000504                I2S0_Tx_IRQHandler
                0x00000504                SPI1_IRQHandler
                0x00000504                DefaultISR
                0x00000504                DMA9_IRQHandler
                0x00000504                DMA14_IRQHandler
                0x00000504                Reserved82_IRQHandler
                0x00000504                CMP1_IRQHandler
                0x00000504                Reserved71_IRQHandler
                0x00000504                PORTD_IRQHandler
                0x00000504                PORTB_IRQHandler
                0x00000504                Reserved70_IRQHandler
                0x00000504                ADC1_IRQHandler
                0x00000504                PIT2_IRQHandler
                0x00000504                I2S0_Rx_IRQHandler
                0x00000504                Reserved53_IRQHandler
                0x00000504                DMA5_IRQHandler
                0x00000504                RTC_IRQHandler
                0x00000504                PDB0_IRQHandler
                0x00000504                FTM1_IRQHandler
                0x00000504                Reserved61_IRQHandler
                0x00000504                Reserved95_IRQHandler
                0x00000504                PIT3_IRQHandler
                0x00000504                RTC_Seconds_IRQHandler
                0x00000504                MCG_IRQHandler
                0x00000504                UART2_ERR_IRQHandler
                0x00000504                DMA11_IRQHandler
                0x00000504                Read_Collision_IRQHandler
                0x00000504                Reserved98_IRQHandler
                0x00000504                DMA7_IRQHandler
                0x00000504                Reserved101_IRQHandler
                0x00000504                USB0_IRQHandler
                0x00000504                WDOG_EWM_IRQHandler
                0x00000504                MemManage_Handler
                0x00000504                Reserved90_IRQHandler
                0x00000504                Reserved83_IRQHandler
                0x00000504                SVC_Handler
                0x00000504                DMA13_IRQHandler
                0x00000504                DMA3_IRQHandler
                0x00000504                Reserved100_IRQHandler
                0x00000504                RNG_IRQHandler
                0x00000504                DMA0_IRQHandler
                0x00000504                Reserved97_IRQHandler
                0x00000504                Reserved91_IRQHandler
                0x00000504                LPUART0_IRQHandler
                0x00000504                DMA15_IRQHandler
                0x00000504                DAC0_IRQHandler
                0x00000504                Reserved81_IRQHandler
                0x00000504                Reserved94_IRQHandler
                0x00000504                PIT1_IRQHandler
                0x00000504                UART0_ERR_IRQHandler
                0x00000504                DMA_Error_IRQHandler
                0x00000504                SPI0_IRQHandler
                0x00000504                PORTA_IRQHandler
                0x00000504                DAC1_IRQHandler
                0x00000504                MCM_IRQHandler
                0x00000504                DMA12_IRQHandler
                0x00000504                FTM3_IRQHandler
                0x00000504                PORTE_IRQHandler
                0x00000504                FTM2_IRQHandler
                0x00000504                LPTMR0_IRQHandler
                0x00000504                BusFault_Handler
                0x00000504                DMA8_IRQHandler
                0x00000504                Reserved93_IRQHandler
                0x00000504                DMA10_IRQHandler
                0x00000504                UART1_ERR_IRQHandler
                0x00000504                UART1_RX_TX_IRQHandler
                0x00000504                CMP0_IRQHandler
                0x00000504                PORTC_IRQHandler
                0x00000504                DMA6_IRQHandler
                0x00000504                FTF_IRQHandler
                0x00000504                DMA1_IRQHandler
 .text          0x00000508      0x370 /opt/Freescale/KDS_v3/toolchain/bin/../lib/gcc/arm-none-eabi/4.8.4/armv7e-m/fpu/libgcc.a(_arm_addsubdf3.o)
                0x00000508                __aeabi_drsub
                0x00000510                __aeabi_dsub
                0x00000510                __subdf3
                0x00000514                __adddf3
                0x00000514                __aeabi_dadd
                0x0000078c                __aeabi_ui2d
                0x0000078c                __floatunsidf
                0x000007ac                __floatsidf
                0x000007ac                __aeabi_i2d
                0x000007d0                __extendsfdf2
                0x000007d0                __aeabi_f2d
                0x0000080c                __aeabi_ul2d
                0x0000080c                __floatundidf
                0x0000081c                __floatdidf
                0x0000081c                __aeabi_l2d
 .text          0x00000878      0x424 /opt/Freescale/KDS_v3/toolchain/bin/../lib/gcc/arm-none-eabi/4.8.4/armv7e-m/fpu/libgcc.a(_arm_muldivdf3.o)
                0x00000878                __aeabi_dmul
                0x00000878                __muldf3
                0x00000acc                __aeabi_ddiv
                0x00000acc                __divdf3
 .text          0x00000c9c       0xa0 /opt/Freescale/KDS_v3/toolchain/bin/../lib/gcc/arm-none-eabi/4.8.4/armv7e-m/fpu/libgcc.a(_arm_truncdfsf2.o)
                0x00000c9c                __aeabi_d2f
                0x00000c9c                __truncdfsf2
 *(.text*)
 .text.NVIC_EnableIRQ
                0x00000d3c       0x30 ./Sources/Si8900.o
 .text.NVIC_DisableIRQ
                0x00000d6c       0x34 ./Sources/Si8900.o
 .text.Si8900_init
                0x00000da0       0x1c ./Sources/Si8900.o
                0x00000da0                Si8900_init
 .text.Si8900_hw_init
                0x00000dbc       0xec ./Sources/Si8900.o
                0x00000dbc                Si8900_hw_init
 .text.SI8900_clear_buffer
                0x00000ea8       0x30 ./Sources/Si8900.o
                0x00000ea8                SI8900_clear_buffer
 .text.SI8900_tx_dma_init
                0x00000ed8      0x148 ./Sources/Si8900.o
                0x00000ed8                SI8900_tx_dma_init
 .text.SI8900_rec_dma_init
                0x00001020       0xb8 ./Sources/Si8900.o
                0x00001020                SI8900_rec_dma_init
 .text.SI8900_autobaudrate_detection
                0x000010d8       0x38 ./Sources/Si8900.o
                0x000010d8                SI8900_autobaudrate_detection
 .text.SI8900_rec_buf_sync_test
                0x00001110       0x38 ./Sources/Si8900.o
                0x00001110                SI8900_rec_buf_sync_test
 .text.SI8900_req_adc
                0x00001148       0x24 ./Sources/Si8900.o
                0x00001148                SI8900_req_adc
 .text.SI8900_data_lineup
                0x0000116c       0x20 ./Sources/Si8900.o
                0x0000116c                SI8900_data_lineup
 .text.SI8900_get_ch
                0x0000118c       0x78 ./Sources/Si8900.o
                0x0000118c                SI8900_get_ch
 .text.DMA4_IRQHandler
                0x00001204       0x2c ./Sources/Si8900.o
                0x00001204                DMA4_IRQHandler
 .text.ADC_init
                0x00001230       0x5c ./Sources/adc.o
                0x00001230                ADC_init
 .text.ADC_read
                0x0000128c       0x48 ./Sources/adc.o
                0x0000128c                ADC_read
 .text.ADC1_init
                0x000012d4       0x80 ./Sources/adc2.o
                0x000012d4                ADC1_init
 .text.ADC1_read
                0x00001354       0x48 ./Sources/adc2.o
                0x00001354                ADC1_read
 .text.NVIC_EnableIRQ
                0x0000139c       0x30 ./Sources/flexpwm.o
 .text.FTM_protect_init
                0x000013cc       0xc4 ./Sources/flexpwm.o
                0x000013cc                FTM_protect_init
 .text.FTM_fault_interrupt_enable
                0x00001490       0x1c ./Sources/flexpwm.o
                0x00001490                FTM_fault_interrupt_enable
 .text.FTM0_IRQHandler
                0x000014ac       0x50 ./Sources/flexpwm.o
                0x000014ac                FTM0_IRQHandler
 .text.FTM_clear_error
                0x000014fc       0x48 ./Sources/flexpwm.o
                0x000014fc                FTM_clear_error
 .text.FTM_init
                0x00001544      0x224 ./Sources/flexpwm.o
                0x00001544                FTM_init
 .text.FTM_setpwm
                0x00001768       0x80 ./Sources/flexpwm.o
                0x00001768                FTM_setpwm
 .text.NVIC_EnableIRQ
                0x000017e8       0x30 ./Sources/lowvoltagewarning.o
 .text.lvd_init
                0x00001818       0x1c ./Sources/lowvoltagewarning.o
                0x00001818                lvd_init
 *fill*         0x00001834        0x4 
 .text.LVD_LVW_IRQHandler
                0x00001838       0x88 ./Sources/lowvoltagewarning.o
                0x00001838                LVD_LVW_IRQHandler
 .text.lvd_reset
                0x000018c0       0x1c ./Sources/lowvoltagewarning.o
                0x000018c0                lvd_reset
 .text.led_sample_init
                0x000018dc       0x64 ./Sources/main.o
                0x000018dc                led_sample_init
 .text.led_count_task
                0x00001940       0x90 ./Sources/main.o
                0x00001940                led_count_task
 .text.adc_conv_test
                0x000019d0      0x270 ./Sources/main.o
                0x000019d0                adc_conv_test
 .text.main     0x00001c40       0xa0 ./Sources/main.o
                0x00001c40                main
 .text.mcu_tracer_config
                0x00001ce0       0x14 ./Sources/mcu_tracer.o
                0x00001ce0                mcu_tracer_config
 .text.mcu_tracer_fill
                0x00001cf4      0x638 ./Sources/mcu_tracer.o
                0x00001cf4                mcu_tracer_fill
 .text.rec_char
                0x0000232c       0x38 ./Sources/mcu_tracer.o
                0x0000232c                rec_char
 .text.rec_checksum
                0x00002364       0x38 ./Sources/mcu_tracer.o
                0x00002364                rec_checksum
 .text.mcu_tracer_process
                0x0000239c      0x11c ./Sources/mcu_tracer.o
                0x0000239c                mcu_tracer_process
 .text.mcu_tracer_write_serial
                0x000024b8       0x40 ./Sources/mcu_tracer.o
                0x000024b8                mcu_tracer_write_serial
 .text.mcu_tracer_flush_buffer
                0x000024f8       0x20 ./Sources/mcu_tracer.o
                0x000024f8                mcu_tracer_flush_buffer
 .text.mcu_tracer_write_string
                0x00002518       0x30 ./Sources/mcu_tracer.o
                0x00002518                mcu_tracer_write_string
 .text.mcu_tracer_send_checksum
                0x00002548       0x34 ./Sources/mcu_tracer.o
                0x00002548                mcu_tracer_send_checksum
 .text.mcu_tracer_init
                0x0000257c       0xa0 ./Sources/mcu_tracer.o
                0x0000257c                mcu_tracer_init
 .text.mcu_tracer_vals
                0x0000261c       0x98 ./Sources/mcu_tracer.o
                0x0000261c                mcu_tracer_vals
 .text.mcu_tracer_update
                0x000026b4       0xd0 ./Sources/mcu_tracer.o
                0x000026b4                mcu_tracer_update
 .text.mcu_tracer_msg
                0x00002784       0x28 ./Sources/mcu_tracer.o
                0x00002784                mcu_tracer_msg
 .text.mcu_tracer_inform
                0x000027ac       0x94 ./Sources/mcu_tracer.o
                0x000027ac                mcu_tracer_inform
 .text.mcu_tracer_ping
                0x00002840       0x18 ./Sources/mcu_tracer.o
                0x00002840                mcu_tracer_ping
 .text.mcu_tracer_emergency_reply
                0x00002858       0x1c ./Sources/mcu_tracer.o
                0x00002858                mcu_tracer_emergency_reply
 .text.mcu_tracer_emergency
                0x00002874       0x10 ./Sources/mcu_tracer.o
                0x00002874                mcu_tracer_emergency
 .text.NVIC_SetPriority
                0x00002884       0x54 ./Sources/taskcall.o
 .text.SysTick_Config
                0x000028d8       0x44 ./Sources/taskcall.o
 .text._taskcall_task_register_time
                0x0000291c       0x24 ./Sources/taskcall.o
                0x0000291c                _taskcall_task_register_time
 .text._taskcall_task_register
                0x00002940       0x6c ./Sources/taskcall.o
                0x00002940                _taskcall_task_register
 .text._taskcall_task_remove
                0x000029ac       0x54 ./Sources/taskcall.o
                0x000029ac                _taskcall_task_remove
 .text._taskcall_task_first_remove
                0x00002a00       0x2c ./Sources/taskcall.o
                0x00002a00                _taskcall_task_first_remove
 .text._taskcall_substract_time
                0x00002a2c       0x44 ./Sources/taskcall.o
                0x00002a2c                _taskcall_substract_time
 .text._taskcall_start
                0x00002a70       0x10 ./Sources/taskcall.o
                0x00002a70                _taskcall_start
 .text._taskcall_exec
                0x00002a80       0xc8 ./Sources/taskcall.o
                0x00002a80                _taskcall_exec
 .text.SysTick_Handler
                0x00002b48        0xc ./Sources/taskcall.o
                0x00002b48                SysTick_Handler
 .text._taskcaller_get_time
                0x00002b54       0x6c ./Sources/taskcall_hal.o
                0x00002b54                _taskcaller_get_time
 .text._taskcaller_get_time_passive
                0x00002bc0       0x74 ./Sources/taskcall_hal.o
                0x00002bc0                _taskcaller_get_time_passive
 .text._taskcaller_set_wakeup
                0x00002c34       0x60 ./Sources/taskcall_hal.o
                0x00002c34                _taskcaller_set_wakeup
 .text.UART1_init_defaultparam
                0x00002c94       0x6c ./Sources/uart1.o
                0x00002c94                UART1_init_defaultparam
 .text.UART1_startup
                0x00002d00       0xc0 ./Sources/uart1.o
                0x00002d00                UART1_startup
 .text.UART1_dmaconfig
                0x00002dc0       0xd0 ./Sources/uart1.o
                0x00002dc0                UART1_dmaconfig
 .text.UART1_dma_complete
                0x00002e90       0x24 ./Sources/uart1.o
                0x00002e90                UART1_dma_complete
 .text.UART1_dma_complete_wait
                0x00002eb4       0x28 ./Sources/uart1.o
                0x00002eb4                UART1_dma_complete_wait
 .text.UART1_txBulk
                0x00002edc       0x94 ./Sources/uart1.o
                0x00002edc                UART1_txBulk
 .text.UART1_dma_config_rec
                0x00002f70       0xc4 ./Sources/uart1.o
                0x00002f70                UART1_dma_config_rec
 .text.UART1_rec_size
                0x00003034       0x30 ./Sources/uart1.o
                0x00003034                UART1_rec_size
 .text.UART1_rec_buf_reset
                0x00003064       0xc4 ./Sources/uart1.o
                0x00003064                UART1_rec_buf_reset
 .text.UART1_buffercontent
                0x00003128       0x24 ./Sources/uart1.o
                0x00003128                UART1_buffercontent
 .text.UART1_getch
                0x0000314c       0x44 ./Sources/uart1.o
                0x0000314c                UART1_getch
 .text.VREF_init
                0x00003190       0x74 ./Sources/vref.o
                0x00003190                VREF_init
 .text.wdog_init
                0x00003204       0x60 ./Sources/wdog.o
                0x00003204                wdog_init
 .text.wdog_refresh
                0x00003264       0x24 ./Sources/wdog.o
                0x00003264                wdog_refresh
 .text.wdog_refresh_func
                0x00003288       0x34 ./Sources/wdog.o
                0x00003288                wdog_refresh_func
 .text.startup_reason_report
                0x000032bc      0x144 ./Sources/wdog.o
                0x000032bc                startup_reason_report
 .text.SystemInit
                0x00003400      0x1f4 ./Project_Settings/Startup_Code/system_MK22F51212.o
                0x00003400                SystemInit
 .text.SystemCoreClockUpdate
                0x000035f4      0x270 ./Project_Settings/Startup_Code/system_MK22F51212.o
                0x000035f4                SystemCoreClockUpdate
 .text.exit     0x00003864       0x28 /opt/Freescale/KDS_v3/toolchain/bin/../lib/gcc/arm-none-eabi/4.8.4/../../../../arm-none-eabi/lib/armv7e-m/fpu/libg_s.a(lib_a-exit.o)
                0x00003864                exit
 .text.__libc_init_array
                0x0000388c       0x4c /opt/Freescale/KDS_v3/toolchain/bin/../lib/gcc/arm-none-eabi/4.8.4/../../../../arm-none-eabi/lib/armv7e-m/fpu/libg_s.a(lib_a-init.o)
                0x0000388c                __libc_init_array
 .text.memset   0x000038d8       0x10 /opt/Freescale/KDS_v3/toolchain/bin/../lib/gcc/arm-none-eabi/4.8.4/../../../../arm-none-eabi/lib/armv7e-m/fpu/libg_s.a(lib_a-memset.o)
                0x000038d8                memset
 .text.sprintf  0x000038e8       0x48 /opt/Freescale/KDS_v3/toolchain/bin/../lib/gcc/arm-none-eabi/4.8.4/../../../../arm-none-eabi/lib/armv7e-m/fpu/libg_s.a(lib_a-sprintf.o)
                0x000038e8                sprintf
                0x000038e8                siprintf
 .text.__ssputs_r
                0x00003930       0xb8 /opt/Freescale/KDS_v3/toolchain/bin/../lib/gcc/arm-none-eabi/4.8.4/../../../../arm-none-eabi/lib/armv7e-m/fpu/libg_s.a(lib_a-svfprintf.o)
                0x00003930                __ssputs_r
 .text._svfprintf_r
                0x000039e8      0x1dc /opt/Freescale/KDS_v3/toolchain/bin/../lib/gcc/arm-none-eabi/4.8.4/../../../../arm-none-eabi/lib/armv7e-m/fpu/libg_s.a(lib_a-svfprintf.o)
                0x000039e8                _svfprintf_r
                0x000039e8                _svfiprintf_r
 .text._printf_common
                0x00003bc4       0xe4 /opt/Freescale/KDS_v3/toolchain/bin/../lib/gcc/arm-none-eabi/4.8.4/../../../../arm-none-eabi/lib/armv7e-m/fpu/libg_s.a(lib_a-vfprintf_i.o)
                0x00003bc4                _printf_common
 .text._printf_i
                0x00003ca8      0x228 /opt/Freescale/KDS_v3/toolchain/bin/../lib/gcc/arm-none-eabi/4.8.4/../../../../arm-none-eabi/lib/armv7e-m/fpu/libg_s.a(lib_a-vfprintf_i.o)
                0x00003ca8                _printf_i
 .text.memchr   0x00003ed0       0x1e /opt/Freescale/KDS_v3/toolchain/bin/../lib/gcc/arm-none-eabi/4.8.4/../../../../arm-none-eabi/lib/armv7e-m/fpu/libg_s.a(lib_a-memchr-stub.o)
                0x00003ed0                memchr
 .text.memcpy   0x00003eee       0x12 /opt/Freescale/KDS_v3/toolchain/bin/../lib/gcc/arm-none-eabi/4.8.4/../../../../arm-none-eabi/lib/armv7e-m/fpu/libg_s.a(lib_a-memcpy-stub.o)
                0x00003eee                memcpy
 .text.memmove  0x00003f00       0x36 /opt/Freescale/KDS_v3/toolchain/bin/../lib/gcc/arm-none-eabi/4.8.4/../../../../arm-none-eabi/lib/armv7e-m/fpu/libg_s.a(lib_a-memmove.o)
                0x00003f00                memmove
 *fill*         0x00003f36        0x2 
 .text._free_r  0x00003f38       0x88 /opt/Freescale/KDS_v3/toolchain/bin/../lib/gcc/arm-none-eabi/4.8.4/../../../../arm-none-eabi/lib/armv7e-m/fpu/libg_s.a(lib_a-nano-freer.o)
                0x00003f38                _free_r
 .text._malloc_r
                0x00003fc0       0xa8 /opt/Freescale/KDS_v3/toolchain/bin/../lib/gcc/arm-none-eabi/4.8.4/../../../../arm-none-eabi/lib/armv7e-m/fpu/libg_s.a(lib_a-nano-mallocr.o)
                0x00003fc0                _malloc_r
 .text._realloc_r
                0x00004068       0x4c /opt/Freescale/KDS_v3/toolchain/bin/../lib/gcc/arm-none-eabi/4.8.4/../../../../arm-none-eabi/lib/armv7e-m/fpu/libg_s.a(lib_a-nano-reallocr.o)
                0x00004068                _realloc_r
 .text._sbrk_r  0x000040b4       0x20 /opt/Freescale/KDS_v3/toolchain/bin/../lib/gcc/arm-none-eabi/4.8.4/../../../../arm-none-eabi/lib/armv7e-m/fpu/libg_s.a(lib_a-sbrkr.o)
                0x000040b4                _sbrk_r
 .text.strlen   0x000040d4       0x10 /opt/Freescale/KDS_v3/toolchain/bin/../lib/gcc/arm-none-eabi/4.8.4/../../../../arm-none-eabi/lib/armv7e-m/fpu/libg_s.a(lib_a-strlen.o)
                0x000040d4                strlen
 .text._malloc_usable_size_r
                0x000040e4       0x12 /opt/Freescale/KDS_v3/toolchain/bin/../lib/gcc/arm-none-eabi/4.8.4/../../../../arm-none-eabi/lib/armv7e-m/fpu/libg_s.a(lib_a-nano-msizer.o)
                0x000040e4                _malloc_usable_size_r
 *fill*         0x000040f6        0x2 
 .text._sbrk    0x000040f8       0x34 /opt/Freescale/KDS_v3/toolchain/bin/../lib/gcc/arm-none-eabi/4.8.4/../../../../arm-none-eabi/lib/armv7e-m/fpu/libnosys.a(sbrk.o)
                0x000040f8                _sbrk
 .text._exit    0x0000412c        0x4 /opt/Freescale/KDS_v3/toolchain/bin/../lib/gcc/arm-none-eabi/4.8.4/../../../../arm-none-eabi/lib/armv7e-m/fpu/libnosys.a(_exit.o)
                0x0000412c                _exit
 *(.rodata)
 .rodata        0x00004130       0xa8 ./Sources/flexpwm.o
 .rodata        0x000041d8       0x24 ./Sources/lowvoltagewarning.o
 .rodata        0x000041fc       0xc4 ./Sources/mcu_tracer.o
 .rodata        0x000042c0      0x134 ./Sources/wdog.o
 *(.rodata*)
 .rodata.str1.1
                0x000043f4        0x2 /opt/Freescale/KDS_v3/toolchain/bin/../lib/gcc/arm-none-eabi/4.8.4/../../../../arm-none-eabi/lib/armv7e-m/fpu/libg_s.a(lib_a-impure.o)
 *fill*         0x000043f6        0x2 
 .rodata._global_impure_ptr
                0x000043f8        0x4 /opt/Freescale/KDS_v3/toolchain/bin/../lib/gcc/arm-none-eabi/4.8.4/../../../../arm-none-eabi/lib/armv7e-m/fpu/libg_s.a(lib_a-impure.o)
                0x000043f8                _global_impure_ptr
 .rodata.str1.1
                0x000043fc       0x11 /opt/Freescale/KDS_v3/toolchain/bin/../lib/gcc/arm-none-eabi/4.8.4/../../../../arm-none-eabi/lib/armv7e-m/fpu/libg_s.a(lib_a-svfprintf.o)
 .rodata.str1.1
                0x0000440d       0x22 /opt/Freescale/KDS_v3/toolchain/bin/../lib/gcc/arm-none-eabi/4.8.4/../../../../arm-none-eabi/lib/armv7e-m/fpu/libg_s.a(lib_a-vfprintf_i.o)
 *fill*         0x0000442f        0x1 
 .rodata.__sf_fake_stdin
                0x00004430       0x20 /opt/Freescale/KDS_v3/toolchain/bin/../lib/gcc/arm-none-eabi/4.8.4/../../../../arm-none-eabi/lib/armv7e-m/fpu/libg_s.a(lib_a-findfp.o)
                0x00004430                __sf_fake_stdin
 .rodata.__sf_fake_stdout
                0x00004450       0x20 /opt/Freescale/KDS_v3/toolchain/bin/../lib/gcc/arm-none-eabi/4.8.4/../../../../arm-none-eabi/lib/armv7e-m/fpu/libg_s.a(lib_a-findfp.o)
                0x00004450                __sf_fake_stdout
 .rodata.__sf_fake_stderr
                0x00004470       0x20 /opt/Freescale/KDS_v3/toolchain/bin/../lib/gcc/arm-none-eabi/4.8.4/../../../../arm-none-eabi/lib/armv7e-m/fpu/libg_s.a(lib_a-findfp.o)
                0x00004470                __sf_fake_stderr
 *(.glue_7)
 .glue_7        0x00000000        0x0 linker stubs
 *(.glue_7t)
 .glue_7t       0x00000000        0x0 linker stubs
 *(.eh_frame)
 .eh_frame      0x00004490        0x0 /opt/Freescale/KDS_v3/toolchain/bin/../lib/gcc/arm-none-eabi/4.8.4/armv7e-m/fpu/crtbegin.o
 *(.init)
 .init          0x00004490        0x4 /opt/Freescale/KDS_v3/toolchain/bin/../lib/gcc/arm-none-eabi/4.8.4/armv7e-m/fpu/crti.o
                0x00004490                _init
 .init          0x00004494        0x8 /opt/Freescale/KDS_v3/toolchain/bin/../lib/gcc/arm-none-eabi/4.8.4/armv7e-m/fpu/crtn.o
 *(.fini)
 .fini          0x0000449c        0x4 /opt/Freescale/KDS_v3/toolchain/bin/../lib/gcc/arm-none-eabi/4.8.4/armv7e-m/fpu/crti.o
                0x0000449c                _fini
 .fini          0x000044a0        0x8 /opt/Freescale/KDS_v3/toolchain/bin/../lib/gcc/arm-none-eabi/4.8.4/armv7e-m/fpu/crtn.o
                0x000044a8                . = ALIGN (0x4)

.vfp11_veneer   0x000044a8        0x0
 .vfp11_veneer  0x00000000        0x0 linker stubs

.v4_bx          0x000044a8        0x0
 .v4_bx         0x00000000        0x0 linker stubs

.iplt           0x000044a8        0x0
 .iplt          0x00000000        0x0 /opt/Freescale/KDS_v3/toolchain/bin/../lib/gcc/arm-none-eabi/4.8.4/armv7e-m/fpu/crtbegin.o

.ARM.extab
 *(.ARM.extab* .gnu.linkonce.armextab.*)

.ARM            0x000044a8        0x8
                0x000044a8                __exidx_start = .
 *(.ARM.exidx*)
 .ARM.exidx     0x000044a8        0x8 /opt/Freescale/KDS_v3/toolchain/bin/../lib/gcc/arm-none-eabi/4.8.4/../../../../arm-none-eabi/lib/armv7e-m/fpu/crt0.o
                0x000044b0                __exidx_end = .

.rel.dyn        0x000044b0        0x0
 .rel.iplt      0x00000000        0x0 /opt/Freescale/KDS_v3/toolchain/bin/../lib/gcc/arm-none-eabi/4.8.4/armv7e-m/fpu/crtbegin.o

.ctors          0x000044b0        0x0
                0x000044b0                __CTOR_LIST__ = .
 *crtbegin.o(.ctors)
 *crtbegin?.o(.ctors)
 *(EXCLUDE_FILE(*crtend.o *crtend?.o) .ctors)
 *(SORT(.ctors.*))
 *(.ctors)
                0x000044b0                __CTOR_END__ = .

.dtors          0x000044b0        0x0
                0x000044b0                __DTOR_LIST__ = .
 *crtbegin.o(.dtors)
 *crtbegin?.o(.dtors)
 *(EXCLUDE_FILE(*crtend.o *crtend?.o) .dtors)
 *(SORT(.dtors.*))
 *(.dtors)
                0x000044b0                __DTOR_END__ = .

.preinit_array  0x000044b0        0x0
                0x000044b0                PROVIDE (__preinit_array_start, .)
 *(.preinit_array*)
                0x000044b0                PROVIDE (__preinit_array_end, .)

.init_array     0x000044b0        0x4
                0x000044b0                PROVIDE (__init_array_start, .)
 *(SORT(.init_array.*))
 *(.init_array*)
 .init_array    0x000044b0        0x4 /opt/Freescale/KDS_v3/toolchain/bin/../lib/gcc/arm-none-eabi/4.8.4/armv7e-m/fpu/crtbegin.o
                0x000044b4                PROVIDE (__init_array_end, .)

.fini_array     0x000044b4        0x4
                0x000044b4                PROVIDE (__fini_array_start, .)
 *(SORT(.fini_array.*))
 *(.fini_array*)
 .fini_array    0x000044b4        0x4 /opt/Freescale/KDS_v3/toolchain/bin/../lib/gcc/arm-none-eabi/4.8.4/armv7e-m/fpu/crtbegin.o
                0x000044b8                PROVIDE (__fini_array_end, .)
                0x000044b8                __etext = .
                0x000044b8                __DATA_ROM = .

.data           0x1fff0000      0x124 load address 0x000044b8
                0x1fff0000                . = ALIGN (0x4)
                0x1fff0000                __DATA_RAM = .
                0x1fff0000                __data_start__ = .
 *(.data)
 *(.data*)
 .data.reset_lvd
                0x1fff0000       0x28 ./Sources/lowvoltagewarning.o
                0x1fff0000                reset_lvd
 .data.task_led_lauflicht
                0x1fff0028       0x28 ./Sources/main.o
                0x1fff0028                task_led_lauflicht
 .data.task_adc_conv_test
                0x1fff0050       0x28 ./Sources/main.o
                0x1fff0050                task_adc_conv_test
 .data.global_pwm_ton
                0x1fff0078        0x4 ./Sources/main.o
                0x1fff0078                global_pwm_ton
 .data.global_pwm_tcy
                0x1fff007c        0x4 ./Sources/main.o
                0x1fff007c                global_pwm_tcy
 .data.global_pwm_tp
                0x1fff0080        0x4 ./Sources/main.o
                0x1fff0080                global_pwm_tp
 .data.global_pwm_tpsc
                0x1fff0084        0x4 ./Sources/main.o
                0x1fff0084                global_pwm_tpsc
 .data.led_lauflicht
                0x1fff0088        0x4 ./Sources/mcu_tracer.o
                0x1fff0088                led_lauflicht
 *fill*         0x1fff008c        0x4 
 .data.task_watchdog_reset
                0x1fff0090       0x28 ./Sources/wdog.o
                0x1fff0090                task_watchdog_reset
 .data.SystemCoreClock
                0x1fff00b8        0x4 ./Project_Settings/Startup_Code/system_MK22F51212.o
                0x1fff00b8                SystemCoreClock
 .data.impure_data
                0x1fff00bc       0x60 /opt/Freescale/KDS_v3/toolchain/bin/../lib/gcc/arm-none-eabi/4.8.4/../../../../arm-none-eabi/lib/armv7e-m/fpu/libg_s.a(lib_a-impure.o)
 .data._impure_ptr
                0x1fff011c        0x4 /opt/Freescale/KDS_v3/toolchain/bin/../lib/gcc/arm-none-eabi/4.8.4/../../../../arm-none-eabi/lib/armv7e-m/fpu/libg_s.a(lib_a-impure.o)
                0x1fff011c                _impure_ptr
 *(.jcr*)
 .jcr           0x1fff0120        0x0 /opt/Freescale/KDS_v3/toolchain/bin/../lib/gcc/arm-none-eabi/4.8.4/armv7e-m/fpu/crtbegin.o
 .jcr           0x1fff0120        0x4 /opt/Freescale/KDS_v3/toolchain/bin/../lib/gcc/arm-none-eabi/4.8.4/armv7e-m/fpu/crtend.o
                0x1fff0124                . = ALIGN (0x4)
                0x1fff0124                __data_end__ = .
                0x000045dc                __DATA_END = (__DATA_ROM + (__data_end__ - __data_start__))

.igot.plt       0x1fff0124        0x0 load address 0x000045dc
 .igot.plt      0x00000000        0x0 /opt/Freescale/KDS_v3/toolchain/bin/../lib/gcc/arm-none-eabi/4.8.4/armv7e-m/fpu/crtbegin.o

.bss            0x1fff0128      0x7e0 load address 0x000045e0
                0x1fff0128                . = ALIGN (0x4)
                0x1fff0128                __START_BSS = .
                0x1fff0128                __bss_start__ = .
 *(.bss)
 .bss           0x1fff0128       0x1c /opt/Freescale/KDS_v3/toolchain/bin/../lib/gcc/arm-none-eabi/4.8.4/armv7e-m/fpu/crtbegin.o
 *(.bss*)
 .bss.count     0x1fff0144        0x4 ./Sources/main.o
                0x1fff0144                count
 .bss.sendbuf_pos
                0x1fff0148        0x2 ./Sources/mcu_tracer.o
                0x1fff0148                sendbuf_pos
 *fill*         0x1fff014a        0x2 
 .bss.taskcall_head
                0x1fff014c        0x4 ./Sources/taskcall.o
                0x1fff014c                taskcall_head
 .bss.time_comulator
                0x1fff0150        0x4 ./Sources/taskcall_hal.o
                0x1fff0150                time_comulator
 .bss.dummyzero
                0x1fff0154        0x1 ./Sources/uart1.o
                0x1fff0154                dummyzero
 *fill*         0x1fff0155        0x3 
 .bss.__malloc_sbrk_start
                0x1fff0158        0x4 /opt/Freescale/KDS_v3/toolchain/bin/../lib/gcc/arm-none-eabi/4.8.4/../../../../arm-none-eabi/lib/armv7e-m/fpu/libg_s.a(lib_a-nano-mallocr.o)
                0x1fff0158                __malloc_sbrk_start
 .bss.__malloc_free_list
                0x1fff015c        0x4 /opt/Freescale/KDS_v3/toolchain/bin/../lib/gcc/arm-none-eabi/4.8.4/../../../../arm-none-eabi/lib/armv7e-m/fpu/libg_s.a(lib_a-nano-mallocr.o)
                0x1fff015c                __malloc_free_list
 .bss.heap_end.4246
                0x1fff0160        0x4 /opt/Freescale/KDS_v3/toolchain/bin/../lib/gcc/arm-none-eabi/4.8.4/../../../../arm-none-eabi/lib/armv7e-m/fpu/libnosys.a(sbrk.o)
 *(COMMON)
 COMMON         0x1fff0164       0x17 ./Sources/Si8900.o
                0x1fff0164                SI8900_sync_flag
                0x1fff0168                global_Si8900_var
                0x1fff016c                SI8900_rec_buf
                0x1fff0178                si8900_transmit_data
 *fill*         0x1fff017b        0x1 
 COMMON         0x1fff017c       0x14 ./Sources/main.o
                0x1fff017c                global_clear_error
                0x1fff0180                global_adc_dclink
                0x1fff0184                global_adc_grid
                0x1fff0188                global_overcurrent
                0x1fff018c                global_adc_voltage
 COMMON         0x1fff0190      0x698 ./Sources/mcu_tracer.o
                0x1fff0190                sendbuf
                0x1fff0578                mainloop_iterations
                0x1fff057c                debug2
                0x1fff0580                monitorvars
                0x1fff0814                global_checksum
                0x1fff0818                debugbefore
                0x1fff081c                mcu_tracer_checksum
                0x1fff0820                debug1
                0x1fff0824                debug3
 COMMON         0x1fff0828       0x10 ./Sources/taskcall.o
                0x1fff0828                _taskcall_sleep_time
                0x1fff0830                _taskcall_active_time
 COMMON         0x1fff0838       0xcc ./Sources/uart1.o
                0x1fff0838                recpos
                0x1fff083c                recievebuf
 COMMON         0x1fff0904        0x4 /opt/Freescale/KDS_v3/toolchain/bin/../lib/gcc/arm-none-eabi/4.8.4/../../../../arm-none-eabi/lib/armv7e-m/fpu/libg_s.a(lib_a-reent.o)
                0x1fff0904                errno
                0x1fff0908                . = ALIGN (0x4)
                0x1fff0908                __bss_end__ = .
                0x1fff0908                __END_BSS = .

.heap           0x20000000      0x400
                0x20000000                . = ALIGN (0x8)
                0x20000000                __end__ = .
                0x20000000                PROVIDE (end, .)
                0x20000000                __HeapBase = .
                0x20000400                . = (. + HEAP_SIZE)
 *fill*         0x20000000      0x400 
                0x20000400                __HeapLimit = .

.stack          0x20000400      0x400
                0x20000400                . = ALIGN (0x8)
                0x20000800                . = (. + STACK_SIZE)
 *fill*         0x20000400      0x400 
                0x20010000                __StackTop = (ORIGIN (m_data_2) + 0x10000)
                0x2000fc00                __StackLimit = (__StackTop - STACK_SIZE)
                0x20010000                PROVIDE (__stack, __StackTop)

.ARM.attributes
                0x00000000       0x30
 *(.ARM.attributes)
 .ARM.attributes
                0x00000000       0x22 /opt/Freescale/KDS_v3/toolchain/bin/../lib/gcc/arm-none-eabi/4.8.4/armv7e-m/fpu/crti.o
 .ARM.attributes
                0x00000022       0x34 /opt/Freescale/KDS_v3/toolchain/bin/../lib/gcc/arm-none-eabi/4.8.4/armv7e-m/fpu/crtbegin.o
 .ARM.attributes
                0x00000056       0x20 /opt/Freescale/KDS_v3/toolchain/bin/../lib/gcc/arm-none-eabi/4.8.4/../../../../arm-none-eabi/lib/armv7e-m/fpu/crt0.o
 .ARM.attributes
                0x00000076       0x39 ./Sources/Si8900.o
 .ARM.attributes
                0x000000af       0x39 ./Sources/adc.o
 .ARM.attributes
                0x000000e8       0x39 ./Sources/adc2.o
 .ARM.attributes
                0x00000121       0x39 ./Sources/flexpwm.o
 .ARM.attributes
                0x0000015a       0x39 ./Sources/lowvoltagewarning.o
 .ARM.attributes
                0x00000193       0x39 ./Sources/main.o
 .ARM.attributes
                0x000001cc       0x39 ./Sources/mcu_tracer.o
 .ARM.attributes
                0x00000205       0x39 ./Sources/taskcall.o
 .ARM.attributes
                0x0000023e       0x39 ./Sources/taskcall_hal.o
 .ARM.attributes
                0x00000277       0x39 ./Sources/uart1.o
 .ARM.attributes
                0x000002b0       0x39 ./Sources/vref.o
 .ARM.attributes
                0x000002e9       0x39 ./Sources/wdog.o
 .ARM.attributes
                0x00000322       0x1f ./Project_Settings/Startup_Code/startup_MK22F51212.o
 .ARM.attributes
                0x00000341       0x39 ./Project_Settings/Startup_Code/system_MK22F51212.o
 .ARM.attributes
                0x0000037a       0x22 /opt/Freescale/KDS_v3/toolchain/bin/../lib/gcc/arm-none-eabi/4.8.4/armv7e-m/fpu/libgcc.a(_arm_addsubdf3.o)
 .ARM.attributes
                0x0000039c       0x22 /opt/Freescale/KDS_v3/toolchain/bin/../lib/gcc/arm-none-eabi/4.8.4/armv7e-m/fpu/libgcc.a(_arm_muldivdf3.o)
 .ARM.attributes
                0x000003be       0x22 /opt/Freescale/KDS_v3/toolchain/bin/../lib/gcc/arm-none-eabi/4.8.4/armv7e-m/fpu/libgcc.a(_arm_truncdfsf2.o)
 .ARM.attributes
                0x000003e0       0x34 /opt/Freescale/KDS_v3/toolchain/bin/../lib/gcc/arm-none-eabi/4.8.4/../../../../arm-none-eabi/lib/armv7e-m/fpu/libg_s.a(lib_a-exit.o)
 .ARM.attributes
                0x00000414       0x34 /opt/Freescale/KDS_v3/toolchain/bin/../lib/gcc/arm-none-eabi/4.8.4/../../../../arm-none-eabi/lib/armv7e-m/fpu/libg_s.a(lib_a-impure.o)
 .ARM.attributes
                0x00000448       0x34 /opt/Freescale/KDS_v3/toolchain/bin/../lib/gcc/arm-none-eabi/4.8.4/../../../../arm-none-eabi/lib/armv7e-m/fpu/libg_s.a(lib_a-init.o)
 .ARM.attributes
                0x0000047c       0x34 /opt/Freescale/KDS_v3/toolchain/bin/../lib/gcc/arm-none-eabi/4.8.4/../../../../arm-none-eabi/lib/armv7e-m/fpu/libg_s.a(lib_a-memset.o)
 .ARM.attributes
                0x000004b0       0x34 /opt/Freescale/KDS_v3/toolchain/bin/../lib/gcc/arm-none-eabi/4.8.4/../../../../arm-none-eabi/lib/armv7e-m/fpu/libg_s.a(lib_a-sprintf.o)
 .ARM.attributes
                0x000004e4       0x34 /opt/Freescale/KDS_v3/toolchain/bin/../lib/gcc/arm-none-eabi/4.8.4/../../../../arm-none-eabi/lib/armv7e-m/fpu/libg_s.a(lib_a-svfprintf.o)
 .ARM.attributes
                0x00000518       0x34 /opt/Freescale/KDS_v3/toolchain/bin/../lib/gcc/arm-none-eabi/4.8.4/../../../../arm-none-eabi/lib/armv7e-m/fpu/libg_s.a(lib_a-vfprintf_i.o)
 .ARM.attributes
                0x0000054c       0x34 /opt/Freescale/KDS_v3/toolchain/bin/../lib/gcc/arm-none-eabi/4.8.4/../../../../arm-none-eabi/lib/armv7e-m/fpu/libg_s.a(lib_a-findfp.o)
 .ARM.attributes
                0x00000580       0x34 /opt/Freescale/KDS_v3/toolchain/bin/../lib/gcc/arm-none-eabi/4.8.4/../../../../arm-none-eabi/lib/armv7e-m/fpu/libg_s.a(lib_a-memchr-stub.o)
 .ARM.attributes
                0x000005b4       0x34 /opt/Freescale/KDS_v3/toolchain/bin/../lib/gcc/arm-none-eabi/4.8.4/../../../../arm-none-eabi/lib/armv7e-m/fpu/libg_s.a(lib_a-memcpy-stub.o)
 .ARM.attributes
                0x000005e8       0x34 /opt/Freescale/KDS_v3/toolchain/bin/../lib/gcc/arm-none-eabi/4.8.4/../../../../arm-none-eabi/lib/armv7e-m/fpu/libg_s.a(lib_a-memmove.o)
 .ARM.attributes
                0x0000061c       0x34 /opt/Freescale/KDS_v3/toolchain/bin/../lib/gcc/arm-none-eabi/4.8.4/../../../../arm-none-eabi/lib/armv7e-m/fpu/libg_s.a(lib_a-nano-freer.o)
 .ARM.attributes
                0x00000650       0x34 /opt/Freescale/KDS_v3/toolchain/bin/../lib/gcc/arm-none-eabi/4.8.4/../../../../arm-none-eabi/lib/armv7e-m/fpu/libg_s.a(lib_a-nano-mallocr.o)
 .ARM.attributes
                0x00000684       0x34 /opt/Freescale/KDS_v3/toolchain/bin/../lib/gcc/arm-none-eabi/4.8.4/../../../../arm-none-eabi/lib/armv7e-m/fpu/libg_s.a(lib_a-nano-reallocr.o)
 .ARM.attributes
                0x000006b8       0x34 /opt/Freescale/KDS_v3/toolchain/bin/../lib/gcc/arm-none-eabi/4.8.4/../../../../arm-none-eabi/lib/armv7e-m/fpu/libg_s.a(lib_a-sbrkr.o)
 .ARM.attributes
                0x000006ec       0x34 /opt/Freescale/KDS_v3/toolchain/bin/../lib/gcc/arm-none-eabi/4.8.4/../../../../arm-none-eabi/lib/armv7e-m/fpu/libg_s.a(lib_a-strlen.o)
 .ARM.attributes
                0x00000720       0x34 /opt/Freescale/KDS_v3/toolchain/bin/../lib/gcc/arm-none-eabi/4.8.4/../../../../arm-none-eabi/lib/armv7e-m/fpu/libg_s.a(lib_a-nano-msizer.o)
 .ARM.attributes
                0x00000754       0x34 /opt/Freescale/KDS_v3/toolchain/bin/../lib/gcc/arm-none-eabi/4.8.4/../../../../arm-none-eabi/lib/armv7e-m/fpu/libg_s.a(lib_a-reent.o)
 .ARM.attributes
                0x00000788       0x34 /opt/Freescale/KDS_v3/toolchain/bin/../lib/gcc/arm-none-eabi/4.8.4/../../../../arm-none-eabi/lib/armv7e-m/fpu/libnosys.a(sbrk.o)
 .ARM.attributes
                0x000007bc       0x34 /opt/Freescale/KDS_v3/toolchain/bin/../lib/gcc/arm-none-eabi/4.8.4/../../../../arm-none-eabi/lib/armv7e-m/fpu/libnosys.a(_exit.o)
 .ARM.attributes
                0x000007f0       0x34 /opt/Freescale/KDS_v3/toolchain/bin/../lib/gcc/arm-none-eabi/4.8.4/armv7e-m/fpu/crtend.o
 .ARM.attributes
                0x00000824       0x22 /opt/Freescale/KDS_v3/toolchain/bin/../lib/gcc/arm-none-eabi/4.8.4/armv7e-m/fpu/crtn.o
                0x00000001                ASSERT ((__StackLimit >= __HeapLimit), region m_data_2 overflowed with stack and heap)
OUTPUT(desperate.elf elf32-littlearm)

.debug_info     0x00000000     0x5e7b
 .debug_info    0x00000000     0x1000 ./Sources/Si8900.o
 .debug_info    0x00001000      0x47f ./Sources/adc.o
 .debug_info    0x0000147f      0x509 ./Sources/adc2.o
 .debug_info    0x00001988      0x9ab ./Sources/flexpwm.o
 .debug_info    0x00002333      0x62c ./Sources/lowvoltagewarning.o
 .debug_info    0x0000295f      0x754 ./Sources/main.o
 .debug_info    0x000030b3      0x5a3 ./Sources/mcu_tracer.o
 .debug_info    0x00003656      0x9af ./Sources/taskcall.o
 .debug_info    0x00004005      0x1b8 ./Sources/taskcall_hal.o
 .debug_info    0x000041bd      0xb17 ./Sources/uart1.o
 .debug_info    0x00004cd4      0x2cf ./Sources/vref.o
 .debug_info    0x00004fa3      0x3ec ./Sources/wdog.o
 .debug_info    0x0000538f       0x7c ./Project_Settings/Startup_Code/startup_MK22F51212.o
 .debug_info    0x0000540b      0xa70 ./Project_Settings/Startup_Code/system_MK22F51212.o

.debug_abbrev   0x00000000     0x150b
 .debug_abbrev  0x00000000      0x29e ./Sources/Si8900.o
 .debug_abbrev  0x0000029e      0x136 ./Sources/adc.o
 .debug_abbrev  0x000003d4      0x10b ./Sources/adc2.o
 .debug_abbrev  0x000004df      0x1b9 ./Sources/flexpwm.o
 .debug_abbrev  0x00000698      0x1b3 ./Sources/lowvoltagewarning.o
 .debug_abbrev  0x0000084b      0x1d5 ./Sources/main.o
 .debug_abbrev  0x00000a20      0x1db ./Sources/mcu_tracer.o
 .debug_abbrev  0x00000bfb      0x228 ./Sources/taskcall.o
 .debug_abbrev  0x00000e23       0xf4 ./Sources/taskcall_hal.o
 .debug_abbrev  0x00000f17      0x234 ./Sources/uart1.o
 .debug_abbrev  0x0000114b       0xf1 ./Sources/vref.o
 .debug_abbrev  0x0000123c      0x17a ./Sources/wdog.o
 .debug_abbrev  0x000013b6       0x14 ./Project_Settings/Startup_Code/startup_MK22F51212.o
 .debug_abbrev  0x000013ca      0x141 ./Project_Settings/Startup_Code/system_MK22F51212.o

.debug_aranges  0x00000000      0x408
 .debug_aranges
                0x00000000       0x80 ./Sources/Si8900.o
 .debug_aranges
                0x00000080       0x30 ./Sources/adc.o
 .debug_aranges
                0x000000b0       0x28 ./Sources/adc2.o
 .debug_aranges
                0x000000d8       0x50 ./Sources/flexpwm.o
 .debug_aranges
                0x00000128       0x38 ./Sources/lowvoltagewarning.o
 .debug_aranges
                0x00000160       0x38 ./Sources/main.o
 .debug_aranges
                0x00000198       0xa0 ./Sources/mcu_tracer.o
 .debug_aranges
                0x00000238       0x88 ./Sources/taskcall.o
 .debug_aranges
                0x000002c0       0x30 ./Sources/taskcall_hal.o
 .debug_aranges
                0x000002f0       0x78 ./Sources/uart1.o
 .debug_aranges
                0x00000368       0x20 ./Sources/vref.o
 .debug_aranges
                0x00000388       0x38 ./Sources/wdog.o
 .debug_aranges
                0x000003c0       0x20 ./Project_Settings/Startup_Code/startup_MK22F51212.o
 .debug_aranges
                0x000003e0       0x28 ./Project_Settings/Startup_Code/system_MK22F51212.o

.debug_ranges   0x00000000      0x330
 .debug_ranges  0x00000000       0x70 ./Sources/Si8900.o
 .debug_ranges  0x00000070       0x20 ./Sources/adc.o
 .debug_ranges  0x00000090       0x18 ./Sources/adc2.o
 .debug_ranges  0x000000a8       0x40 ./Sources/flexpwm.o
 .debug_ranges  0x000000e8       0x28 ./Sources/lowvoltagewarning.o
 .debug_ranges  0x00000110       0x28 ./Sources/main.o
 .debug_ranges  0x00000138       0xa8 ./Sources/mcu_tracer.o
 .debug_ranges  0x000001e0       0x78 ./Sources/taskcall.o
 .debug_ranges  0x00000258       0x20 ./Sources/taskcall_hal.o
 .debug_ranges  0x00000278       0x68 ./Sources/uart1.o
 .debug_ranges  0x000002e0       0x10 ./Sources/vref.o
 .debug_ranges  0x000002f0       0x28 ./Sources/wdog.o
 .debug_ranges  0x00000318       0x18 ./Project_Settings/Startup_Code/system_MK22F51212.o

.debug_macro    0x00000000    0x128ae
 .debug_macro   0x00000000      0x165 ./Sources/Si8900.o
 .debug_macro   0x00000165      0x850 ./Sources/Si8900.o
 .debug_macro   0x000009b5       0x58 ./Sources/Si8900.o
 .debug_macro   0x00000a0d       0x16 ./Sources/Si8900.o
 .debug_macro   0x00000a23       0x35 ./Sources/Si8900.o
 .debug_macro   0x00000a58       0xa3 ./Sources/Si8900.o
 .debug_macro   0x00000afb       0x16 ./Sources/Si8900.o
 .debug_macro   0x00000b11       0x97 ./Sources/Si8900.o
 .debug_macro   0x00000ba8       0x10 ./Sources/Si8900.o
 .debug_macro   0x00000bb8       0xef ./Sources/Si8900.o
 .debug_macro   0x00000ca7       0x4a ./Sources/Si8900.o
 .debug_macro   0x00000cf1       0x52 ./Sources/Si8900.o
 .debug_macro   0x00000d43       0x16 ./Sources/Si8900.o
 .debug_macro   0x00000d59       0x43 ./Sources/Si8900.o
 .debug_macro   0x00000d9c      0x180 ./Sources/Si8900.o
 .debug_macro   0x00000f1c       0x10 ./Sources/Si8900.o
 .debug_macro   0x00000f2c       0x22 ./Sources/Si8900.o
 .debug_macro   0x00000f4e       0xbd ./Sources/Si8900.o
 .debug_macro   0x0000100b       0x16 ./Sources/Si8900.o
 .debug_macro   0x00001021      0x14a ./Sources/Si8900.o
 .debug_macro   0x0000116b       0x16 ./Sources/Si8900.o
 .debug_macro   0x00001181      0x20f ./Sources/Si8900.o
 .debug_macro   0x00001390       0x55 ./Sources/Si8900.o
 .debug_macro   0x000013e5       0x3b ./Sources/Si8900.o
 .debug_macro   0x00001420       0x34 ./Sources/Si8900.o
 .debug_macro   0x00001454       0x26 ./Sources/Si8900.o
 .debug_macro   0x0000147a      0xd1d ./Sources/Si8900.o
 .debug_macro   0x00002197       0xda ./Sources/Si8900.o
 .debug_macro   0x00002271     0xefee ./Sources/Si8900.o
 .debug_macro   0x0001125f       0x46 ./Sources/Si8900.o
 .debug_macro   0x000112a5       0x10 ./Sources/Si8900.o
 .debug_macro   0x000112b5       0x96 ./Sources/adc.o
 .debug_macro   0x0001134b       0x44 ./Sources/adc.o
 .debug_macro   0x0001138f      0x209 ./Sources/adc.o
 .debug_macro   0x00011598       0x8d ./Sources/adc2.o
 .debug_macro   0x00011625       0x96 ./Sources/flexpwm.o
 .debug_macro   0x000116bb      0x15c ./Sources/lowvoltagewarning.o
 .debug_macro   0x00011817      0x1cf ./Sources/main.o
 .debug_macro   0x000119e6      0x166 ./Sources/main.o
 .debug_macro   0x00011b4c      0x2a6 ./Sources/main.o
 .debug_macro   0x00011df2       0x10 ./Sources/main.o
 .debug_macro   0x00011e02       0x35 ./Sources/main.o
 .debug_macro   0x00011e37       0x1c ./Sources/main.o
 .debug_macro   0x00011e53      0x103 ./Sources/mcu_tracer.o
 .debug_macro   0x00011f56      0x1c1 ./Sources/taskcall.o
 .debug_macro   0x00012117       0x16 ./Sources/taskcall.o
 .debug_macro   0x0001212d       0x22 ./Sources/taskcall.o
 .debug_macro   0x0001214f       0x67 ./Sources/taskcall.o
 .debug_macro   0x000121b6      0x133 ./Sources/taskcall_hal.o
 .debug_macro   0x000122e9      0x10e ./Sources/taskcall_hal.o
 .debug_macro   0x000123f7       0x7f ./Sources/taskcall_hal.o
 .debug_macro   0x00012476      0x175 ./Sources/uart1.o
 .debug_macro   0x000125eb       0x8d ./Sources/vref.o
 .debug_macro   0x00012678      0x19a ./Sources/wdog.o
 .debug_macro   0x00012812       0x9c ./Project_Settings/Startup_Code/system_MK22F51212.o

.debug_line     0x00000000     0x2ab6
 .debug_line    0x00000000      0x3f3 ./Sources/Si8900.o
 .debug_line    0x000003f3      0x24a ./Sources/adc.o
 .debug_line    0x0000063d      0x20d ./Sources/adc2.o
 .debug_line    0x0000084a      0x2c1 ./Sources/flexpwm.o
 .debug_line    0x00000b0b      0x2f5 ./Sources/lowvoltagewarning.o
 .debug_line    0x00000e00      0x3f5 ./Sources/main.o
 .debug_line    0x000011f5      0x4cb ./Sources/mcu_tracer.o
 .debug_line    0x000016c0      0x4a8 ./Sources/taskcall.o
 .debug_line    0x00001b68      0x2bb ./Sources/taskcall_hal.o
 .debug_line    0x00001e23      0x3b4 ./Sources/uart1.o
 .debug_line    0x000021d7      0x1f2 ./Sources/vref.o
 .debug_line    0x000023c9      0x3a2 ./Sources/wdog.o
 .debug_line    0x0000276b       0x7b ./Project_Settings/Startup_Code/startup_MK22F51212.o
 .debug_line    0x000027e6      0x2d0 ./Project_Settings/Startup_Code/system_MK22F51212.o

.debug_str      0x00000000    0x631e6
 .debug_str     0x00000000    0x61513 ./Sources/Si8900.o
                              0x61762 (size before relaxing)
 .debug_str     0x00061513       0x91 ./Sources/adc.o
                              0x5ed9a (size before relaxing)
 .debug_str     0x000615a4       0x26 ./Sources/adc2.o
                              0x5ed73 (size before relaxing)
 .debug_str     0x000615ca      0x12b ./Sources/flexpwm.o
                              0x5f38d (size before relaxing)
 .debug_str     0x000616f5      0x10c ./Sources/lowvoltagewarning.o
                              0x61242 (size before relaxing)
 .debug_str     0x00061801     0x1113 ./Sources/main.o
                              0x62022 (size before relaxing)
 .debug_str     0x00062914      0x278 ./Sources/mcu_tracer.o
                               0x57a8 (size before relaxing)
 .debug_str     0x00062b8c      0x2db ./Sources/taskcall.o
                              0x623a2 (size before relaxing)
 .debug_str     0x00062e67       0x8b ./Sources/taskcall_hal.o
                              0x60318 (size before relaxing)
 .debug_str     0x00062ef2      0x144 ./Sources/uart1.o
                              0x6107e (size before relaxing)
 .debug_str     0x00063036       0x1c ./Sources/vref.o
                              0x5ecd4 (size before relaxing)
 .debug_str     0x00063052       0xdc ./Sources/wdog.o
                              0x61ccd (size before relaxing)
 .debug_str     0x0006312e       0xb8 ./Project_Settings/Startup_Code/system_MK22F51212.o
                              0x5f351 (size before relaxing)

.comment        0x00000000       0x70
 .comment       0x00000000       0x70 ./Sources/Si8900.o
                                 0x71 (size before relaxing)
 .comment       0x00000000       0x71 ./Sources/adc.o
 .comment       0x00000000       0x71 ./Sources/adc2.o
 .comment       0x00000000       0x71 ./Sources/flexpwm.o
 .comment       0x00000000       0x71 ./Sources/lowvoltagewarning.o
 .comment       0x00000000       0x71 ./Sources/main.o
 .comment       0x00000000       0x71 ./Sources/mcu_tracer.o
 .comment       0x00000000       0x71 ./Sources/taskcall.o
 .comment       0x00000000       0x71 ./Sources/taskcall_hal.o
 .comment       0x00000000       0x71 ./Sources/uart1.o
 .comment       0x00000000       0x71 ./Sources/vref.o
 .comment       0x00000000       0x71 ./Sources/wdog.o
 .comment       0x00000000       0x71 ./Project_Settings/Startup_Code/system_MK22F51212.o

.debug_frame    0x00000000      0xf48
 .debug_frame   0x00000000      0x17c ./Sources/Si8900.o
 .debug_frame   0x0000017c       0x64 ./Sources/adc.o
 .debug_frame   0x000001e0       0x44 ./Sources/adc2.o
 .debug_frame   0x00000224       0xd4 ./Sources/flexpwm.o
 .debug_frame   0x000002f8       0x84 ./Sources/lowvoltagewarning.o
 .debug_frame   0x0000037c       0x88 ./Sources/main.o
 .debug_frame   0x00000404      0x218 ./Sources/mcu_tracer.o
 .debug_frame   0x0000061c      0x1ac ./Sources/taskcall.o
 .debug_frame   0x000007c8       0x64 ./Sources/taskcall_hal.o
 .debug_frame   0x0000082c      0x150 ./Sources/uart1.o
 .debug_frame   0x0000097c       0x2c ./Sources/vref.o
 .debug_frame   0x000009a8       0x80 ./Sources/wdog.o
 .debug_frame   0x00000a28       0x48 ./Project_Settings/Startup_Code/system_MK22F51212.o
 .debug_frame   0x00000a70       0x28 /opt/Freescale/KDS_v3/toolchain/bin/../lib/gcc/arm-none-eabi/4.8.4/../../../../arm-none-eabi/lib/armv7e-m/fpu/libg_s.a(lib_a-exit.o)
 .debug_frame   0x00000a98       0x2c /opt/Freescale/KDS_v3/toolchain/bin/../lib/gcc/arm-none-eabi/4.8.4/../../../../arm-none-eabi/lib/armv7e-m/fpu/libg_s.a(lib_a-init.o)
 .debug_frame   0x00000ac4       0x20 /opt/Freescale/KDS_v3/toolchain/bin/../lib/gcc/arm-none-eabi/4.8.4/../../../../arm-none-eabi/lib/armv7e-m/fpu/libg_s.a(lib_a-memset.o)
 .debug_frame   0x00000ae4       0x58 /opt/Freescale/KDS_v3/toolchain/bin/../lib/gcc/arm-none-eabi/4.8.4/../../../../arm-none-eabi/lib/armv7e-m/fpu/libg_s.a(lib_a-sprintf.o)
 .debug_frame   0x00000b3c       0x88 /opt/Freescale/KDS_v3/toolchain/bin/../lib/gcc/arm-none-eabi/4.8.4/../../../../arm-none-eabi/lib/armv7e-m/fpu/libg_s.a(lib_a-svfprintf.o)
 .debug_frame   0x00000bc4       0x60 /opt/Freescale/KDS_v3/toolchain/bin/../lib/gcc/arm-none-eabi/4.8.4/../../../../arm-none-eabi/lib/armv7e-m/fpu/libg_s.a(lib_a-vfprintf_i.o)
 .debug_frame   0x00000c24      0x12c /opt/Freescale/KDS_v3/toolchain/bin/../lib/gcc/arm-none-eabi/4.8.4/../../../../arm-none-eabi/lib/armv7e-m/fpu/libg_s.a(lib_a-findfp.o)
 .debug_frame   0x00000d50       0x28 /opt/Freescale/KDS_v3/toolchain/bin/../lib/gcc/arm-none-eabi/4.8.4/../../../../arm-none-eabi/lib/armv7e-m/fpu/libg_s.a(lib_a-memchr-stub.o)
 .debug_frame   0x00000d78       0x28 /opt/Freescale/KDS_v3/toolchain/bin/../lib/gcc/arm-none-eabi/4.8.4/../../../../arm-none-eabi/lib/armv7e-m/fpu/libg_s.a(lib_a-memcpy-stub.o)
 .debug_frame   0x00000da0       0x2c /opt/Freescale/KDS_v3/toolchain/bin/../lib/gcc/arm-none-eabi/4.8.4/../../../../arm-none-eabi/lib/armv7e-m/fpu/libg_s.a(lib_a-memmove.o)
 .debug_frame   0x00000dcc       0x2c /opt/Freescale/KDS_v3/toolchain/bin/../lib/gcc/arm-none-eabi/4.8.4/../../../../arm-none-eabi/lib/armv7e-m/fpu/libg_s.a(lib_a-nano-freer.o)
 .debug_frame   0x00000df8       0x2c /opt/Freescale/KDS_v3/toolchain/bin/../lib/gcc/arm-none-eabi/4.8.4/../../../../arm-none-eabi/lib/armv7e-m/fpu/libg_s.a(lib_a-nano-mallocr.o)
 .debug_frame   0x00000e24       0x30 /opt/Freescale/KDS_v3/toolchain/bin/../lib/gcc/arm-none-eabi/4.8.4/../../../../arm-none-eabi/lib/armv7e-m/fpu/libg_s.a(lib_a-nano-reallocr.o)
 .debug_frame   0x00000e54       0x2c /opt/Freescale/KDS_v3/toolchain/bin/../lib/gcc/arm-none-eabi/4.8.4/../../../../arm-none-eabi/lib/armv7e-m/fpu/libg_s.a(lib_a-sbrkr.o)
 .debug_frame   0x00000e80       0x20 /opt/Freescale/KDS_v3/toolchain/bin/../lib/gcc/arm-none-eabi/4.8.4/../../../../arm-none-eabi/lib/armv7e-m/fpu/libg_s.a(lib_a-strlen.o)
 .debug_frame   0x00000ea0       0x20 /opt/Freescale/KDS_v3/toolchain/bin/../lib/gcc/arm-none-eabi/4.8.4/../../../../arm-none-eabi/lib/armv7e-m/fpu/libg_s.a(lib_a-nano-msizer.o)
 .debug_frame   0x00000ec0       0x48 /opt/Freescale/KDS_v3/toolchain/bin/../lib/gcc/arm-none-eabi/4.8.4/../../../../arm-none-eabi/lib/armv7e-m/fpu/libg_s.a(lib_a-reent.o)
 .debug_frame   0x00000f08       0x20 /opt/Freescale/KDS_v3/toolchain/bin/../lib/gcc/arm-none-eabi/4.8.4/../../../../arm-none-eabi/lib/armv7e-m/fpu/libnosys.a(sbrk.o)
 .debug_frame   0x00000f28       0x20 /opt/Freescale/KDS_v3/toolchain/bin/../lib/gcc/arm-none-eabi/4.8.4/../../../../arm-none-eabi/lib/armv7e-m/fpu/libnosys.a(_exit.o)

.stabstr        0x00000000      0x14d
 .stabstr       0x00000000      0x14d /opt/Freescale/KDS_v3/toolchain/bin/../lib/gcc/arm-none-eabi/4.8.4/../../../../arm-none-eabi/lib/armv7e-m/fpu/libnosys.a(close.o)
