Archive member included because of file (symbol)

/opt/Freescale/KDS_v3/toolchain/bin/../lib/gcc/arm-none-eabi/4.8.4/armv7e-m/fpu/libgcc.a(_arm_addsubdf3.o)
                              ./Sources/main.o (__aeabi_dadd)
/opt/Freescale/KDS_v3/toolchain/bin/../lib/gcc/arm-none-eabi/4.8.4/armv7e-m/fpu/libgcc.a(_arm_muldivdf3.o)
                              ./Sources/main.o (__aeabi_dmul)
/opt/Freescale/KDS_v3/toolchain/bin/../lib/gcc/arm-none-eabi/4.8.4/armv7e-m/fpu/libgcc.a(_arm_truncdfsf2.o)
                              ./Sources/main.o (__aeabi_d2f)
/opt/Freescale/KDS_v3/toolchain/bin/../lib/gcc/arm-none-eabi/4.8.4/../../../../arm-none-eabi/lib/armv7e-m/fpu/libg_s.a(lib_a-exit.o)
                              /opt/Freescale/KDS_v3/toolchain/bin/../lib/gcc/arm-none-eabi/4.8.4/../../../../arm-none-eabi/lib/armv7e-m/fpu/crt0.o (exit)
/opt/Freescale/KDS_v3/toolchain/bin/../lib/gcc/arm-none-eabi/4.8.4/../../../../arm-none-eabi/lib/armv7e-m/fpu/libg_s.a(lib_a-impure.o)
                              /opt/Freescale/KDS_v3/toolchain/bin/../lib/gcc/arm-none-eabi/4.8.4/../../../../arm-none-eabi/lib/armv7e-m/fpu/libg_s.a(lib_a-exit.o) (_global_impure_ptr)
/opt/Freescale/KDS_v3/toolchain/bin/../lib/gcc/arm-none-eabi/4.8.4/../../../../arm-none-eabi/lib/armv7e-m/fpu/libg_s.a(lib_a-init.o)
                              /opt/Freescale/KDS_v3/toolchain/bin/../lib/gcc/arm-none-eabi/4.8.4/../../../../arm-none-eabi/lib/armv7e-m/fpu/crt0.o (__libc_init_array)
/opt/Freescale/KDS_v3/toolchain/bin/../lib/gcc/arm-none-eabi/4.8.4/../../../../arm-none-eabi/lib/armv7e-m/fpu/libg_s.a(lib_a-memset.o)
                              /opt/Freescale/KDS_v3/toolchain/bin/../lib/gcc/arm-none-eabi/4.8.4/../../../../arm-none-eabi/lib/armv7e-m/fpu/crt0.o (memset)
/opt/Freescale/KDS_v3/toolchain/bin/../lib/gcc/arm-none-eabi/4.8.4/../../../../arm-none-eabi/lib/armv7e-m/fpu/libg_s.a(lib_a-printf.o)
                              ./Sources/taskcall.o (printf)
/opt/Freescale/KDS_v3/toolchain/bin/../lib/gcc/arm-none-eabi/4.8.4/../../../../arm-none-eabi/lib/armv7e-m/fpu/libg_s.a(lib_a-puts.o)
                              ./Sources/taskcall.o (puts)
/opt/Freescale/KDS_v3/toolchain/bin/../lib/gcc/arm-none-eabi/4.8.4/../../../../arm-none-eabi/lib/armv7e-m/fpu/libg_s.a(lib_a-sprintf.o)
                              ./Sources/lowvoltagewarning.o (sprintf)
/opt/Freescale/KDS_v3/toolchain/bin/../lib/gcc/arm-none-eabi/4.8.4/../../../../arm-none-eabi/lib/armv7e-m/fpu/libg_s.a(lib_a-svfprintf.o)
                              /opt/Freescale/KDS_v3/toolchain/bin/../lib/gcc/arm-none-eabi/4.8.4/../../../../arm-none-eabi/lib/armv7e-m/fpu/libg_s.a(lib_a-sprintf.o) (_svfprintf_r)
/opt/Freescale/KDS_v3/toolchain/bin/../lib/gcc/arm-none-eabi/4.8.4/../../../../arm-none-eabi/lib/armv7e-m/fpu/libg_s.a(lib_a-vfprintf.o)
                              /opt/Freescale/KDS_v3/toolchain/bin/../lib/gcc/arm-none-eabi/4.8.4/../../../../arm-none-eabi/lib/armv7e-m/fpu/libg_s.a(lib_a-printf.o) (_vfprintf_r)
/opt/Freescale/KDS_v3/toolchain/bin/../lib/gcc/arm-none-eabi/4.8.4/../../../../arm-none-eabi/lib/armv7e-m/fpu/libg_s.a(lib_a-vfprintf_i.o)
                              /opt/Freescale/KDS_v3/toolchain/bin/../lib/gcc/arm-none-eabi/4.8.4/../../../../arm-none-eabi/lib/armv7e-m/fpu/libg_s.a(lib_a-svfprintf.o) (_printf_i)
/opt/Freescale/KDS_v3/toolchain/bin/../lib/gcc/arm-none-eabi/4.8.4/../../../../arm-none-eabi/lib/armv7e-m/fpu/libg_s.a(lib_a-wbuf.o)
                              /opt/Freescale/KDS_v3/toolchain/bin/../lib/gcc/arm-none-eabi/4.8.4/../../../../arm-none-eabi/lib/armv7e-m/fpu/libg_s.a(lib_a-puts.o) (__swbuf_r)
/opt/Freescale/KDS_v3/toolchain/bin/../lib/gcc/arm-none-eabi/4.8.4/../../../../arm-none-eabi/lib/armv7e-m/fpu/libg_s.a(lib_a-wsetup.o)
                              /opt/Freescale/KDS_v3/toolchain/bin/../lib/gcc/arm-none-eabi/4.8.4/../../../../arm-none-eabi/lib/armv7e-m/fpu/libg_s.a(lib_a-puts.o) (__swsetup_r)
/opt/Freescale/KDS_v3/toolchain/bin/../lib/gcc/arm-none-eabi/4.8.4/../../../../arm-none-eabi/lib/armv7e-m/fpu/libg_s.a(lib_a-fflush.o)
                              /opt/Freescale/KDS_v3/toolchain/bin/../lib/gcc/arm-none-eabi/4.8.4/../../../../arm-none-eabi/lib/armv7e-m/fpu/libg_s.a(lib_a-wbuf.o) (_fflush_r)
/opt/Freescale/KDS_v3/toolchain/bin/../lib/gcc/arm-none-eabi/4.8.4/../../../../arm-none-eabi/lib/armv7e-m/fpu/libg_s.a(lib_a-findfp.o)
                              /opt/Freescale/KDS_v3/toolchain/bin/../lib/gcc/arm-none-eabi/4.8.4/../../../../arm-none-eabi/lib/armv7e-m/fpu/libg_s.a(lib_a-printf.o) (__sinit)
/opt/Freescale/KDS_v3/toolchain/bin/../lib/gcc/arm-none-eabi/4.8.4/../../../../arm-none-eabi/lib/armv7e-m/fpu/libg_s.a(lib_a-fvwrite.o)
                              /opt/Freescale/KDS_v3/toolchain/bin/../lib/gcc/arm-none-eabi/4.8.4/../../../../arm-none-eabi/lib/armv7e-m/fpu/libg_s.a(lib_a-vfprintf.o) (__sfvwrite_r)
/opt/Freescale/KDS_v3/toolchain/bin/../lib/gcc/arm-none-eabi/4.8.4/../../../../arm-none-eabi/lib/armv7e-m/fpu/libg_s.a(lib_a-fwalk.o)
[...]
Memory Configuration

Name             Origin             Length             Attributes
m_interrupts     0x00000000         0x00000400         xr
m_flash_config   0x00000400         0x00000010         xr
m_text           0x00000410         0x0007fbf0         xr
m_data           0x1fff0000         0x00010000         rw
m_data_2         0x20000000         0x00010000         rw
*default*        0x00000000         0xffffffff

Linker script and memory map

LOAD /opt/Freescale/KDS_v3/toolchain/bin/../lib/gcc/arm-none-eabi/4.8.4/armv7e-m/fpu/crti.o
LOAD /opt/Freescale/KDS_v3/toolchain/bin/../lib/gcc/arm-none-eabi/4.8.4/armv7e-m/fpu/crtbegin.o
LOAD /opt/Freescale/KDS_v3/toolchain/bin/../lib/gcc/arm-none-eabi/4.8.4/../../../../arm-none-eabi/lib/armv7e-m/fpu/crt0.o
LOAD ./Sources/Si8900.o
LOAD ./Sources/adc.o
LOAD ./Sources/adcdma1.o
LOAD ./Sources/flexpwm.o
LOAD ./Sources/leds.o
LOAD ./Sources/lowvoltagewarning.o
LOAD ./Sources/main.o
LOAD ./Sources/mcu_tracer.o
LOAD ./Sources/taskcall.o
LOAD ./Sources/taskcall_hal.o
LOAD ./Sources/uart1.o
LOAD ./Sources/vref.o
LOAD ./Sources/wdog.o
LOAD ./Project_Settings/Startup_Code/startup_MK22F51212.o
LOAD ./Project_Settings/Startup_Code/system_MK22F51212.o
LOAD /opt/Freescale/KDS_v3/toolchain/bin/../lib/gcc/arm-none-eabi/4.8.4/../../../../arm-none-eabi/lib/armv7e-m/fpu/libstdc++_s.a
LOAD /opt/Freescale/KDS_v3/toolchain/bin/../lib/gcc/arm-none-eabi/4.8.4/../../../../arm-none-eabi/lib/armv7e-m/fpu/libm.a
START GROUP
LOAD /opt/Freescale/KDS_v3/toolchain/bin/../lib/gcc/arm-none-eabi/4.8.4/armv7e-m/fpu/libgcc.a
LOAD /opt/Freescale/KDS_v3/toolchain/bin/../lib/gcc/arm-none-eabi/4.8.4/../../../../arm-none-eabi/lib/armv7e-m/fpu/libg_s.a
LOAD /opt/Freescale/KDS_v3/toolchain/bin/../lib/gcc/arm-none-eabi/4.8.4/../../../../arm-none-eabi/lib/armv7e-m/fpu/libc_s.a
END GROUP
START GROUP
LOAD /opt/Freescale/KDS_v3/toolchain/bin/../lib/gcc/arm-none-eabi/4.8.4/armv7e-m/fpu/libgcc.a
LOAD /opt/Freescale/KDS_v3/toolchain/bin/../lib/gcc/arm-none-eabi/4.8.4/../../../../arm-none-eabi/lib/armv7e-m/fpu/libc_s.a
LOAD /opt/Freescale/KDS_v3/toolchain/bin/../lib/gcc/arm-none-eabi/4.8.4/../../../../arm-none-eabi/lib/armv7e-m/fpu/libnosys.a
END GROUP
START GROUP
LOAD /opt/Freescale/KDS_v3/toolchain/bin/../lib/gcc/arm-none-eabi/4.8.4/armv7e-m/fpu/libgcc.a
LOAD /opt/Freescale/KDS_v3/toolchain/bin/../lib/gcc/arm-none-eabi/4.8.4/../../../../arm-none-eabi/lib/armv7e-m/fpu/libc_s.a
LOAD /opt/Freescale/KDS_v3/toolchain/bin/../lib/gcc/arm-none-eabi/4.8.4/../../../../arm-none-eabi/lib/armv7e-m/fpu/libnosys.a
END GROUP
LOAD /opt/Freescale/KDS_v3/toolchain/bin/../lib/gcc/arm-none-eabi/4.8.4/armv7e-m/fpu/crtend.o
LOAD /opt/Freescale/KDS_v3/toolchain/bin/../lib/gcc/arm-none-eabi/4.8.4/armv7e-m/fpu/crtn.o
                0x00000400                HEAP_SIZE = DEFINED (__heap_size__)?__heap_size__:0x400
                0x00000400                STACK_SIZE = DEFINED (__stack_size__)?__stack_size__:0x400

.interrupts     0x00000000      0x400
                0x00000000                __VECTOR_TABLE = .
                0x00000000                . = ALIGN (0x4)
 *(.isr_vector)
 .isr_vector    0x00000000      0x400 ./Project_Settings/Startup_Code/startup_MK22F51212.o
                0x00000000                __isr_vector
                0x00000400                . = ALIGN (0x4)

.flash_config   0x00000400       0x10
                0x00000400                . = ALIGN (0x4)
 *(.FlashConfig)
 .FlashConfig   0x00000400       0x10 ./Project_Settings/Startup_Code/startup_MK22F51212.o
                0x00000410                . = ALIGN (0x4)

.text           0x00000410     0x45ac
                0x00000410                . = ALIGN (0x4)
 *(.text)
 .text          0x00000410       0x54 /opt/Freescale/KDS_v3/toolchain/bin/../lib/gcc/arm-none-eabi/4.8.4/armv7e-m/fpu/crtbegin.o
 .text          0x00000464       0x74 /opt/Freescale/KDS_v3/toolchain/bin/../lib/gcc/arm-none-eabi/4.8.4/../../../../arm-none-eabi/lib/armv7e-m/fpu/crt0.o
                0x00000464                _mainCRTStartup
                0x00000464                _start
 .text          0x000004d8       0x30 ./Project_Settings/Startup_Code/startup_MK22F51212.o
                0x000004d8                Reset_Handler
                0x00000504                Reserved96_IRQHandler
                0x00000504                Reserved54_IRQHandler
                0x00000504                DebugMon_Handler
                0x00000504                I2C0_IRQHandler
                0x00000504                HardFault_Handler
                0x00000504                Reserved86_IRQHandler
                0x00000504                Reserved85_IRQHandler
                0x00000504                PendSV_Handler
                0x00000504                NMI_Handler
                0x00000504                UART0_RX_TX_IRQHandler
                0x00000504                I2C1_IRQHandler
                0x00000504                DMA2_IRQHandler
                0x00000504                Reserved99_IRQHandler
                0x00000504                PIT0_IRQHandler
                0x00000504                LLWU_IRQHandler
                0x00000504                Reserved84_IRQHandler
                0x00000504                Reserved92_IRQHandler
                0x00000504                UART2_RX_TX_IRQHandler
                0x00000504                SWI_IRQHandler
                0x00000504                ADC0_IRQHandler
                0x00000504                UsageFault_Handler
                0x00000504                I2S0_Tx_IRQHandler
                0x00000504                SPI1_IRQHandler
                0x00000504                DefaultISR
                0x00000504                DMA9_IRQHandler
                0x00000504                DMA14_IRQHandler
                0x00000504                Reserved82_IRQHandler
                0x00000504                CMP1_IRQHandler
                0x00000504                Reserved71_IRQHandler
                0x00000504                PORTD_IRQHandler
                0x00000504                PORTB_IRQHandler
                0x00000504                Reserved70_IRQHandler
                0x00000504                ADC1_IRQHandler
                0x00000504                PIT2_IRQHandler
                0x00000504                I2S0_Rx_IRQHandler
                0x00000504                Reserved53_IRQHandler
                0x00000504                DMA5_IRQHandler
                0x00000504                RTC_IRQHandler
                0x00000504                PDB0_IRQHandler
                0x00000504                FTM1_IRQHandler
                0x00000504                Reserved61_IRQHandler
                0x00000504                Reserved95_IRQHandler
                0x00000504                PIT3_IRQHandler
                0x00000504                RTC_Seconds_IRQHandler
                0x00000504                MCG_IRQHandler
                0x00000504                DMA11_IRQHandler
                0x00000504                Read_Collision_IRQHandler
                0x00000504                Reserved98_IRQHandler
                0x00000504                DMA7_IRQHandler
                0x00000504                Reserved101_IRQHandler
                0x00000504                USB0_IRQHandler
                0x00000504                WDOG_EWM_IRQHandler
                0x00000504                MemManage_Handler
                0x00000504                Reserved90_IRQHandler
                0x00000504                Reserved83_IRQHandler
                0x00000504                SVC_Handler
                0x00000504                DMA13_IRQHandler
                0x00000504                DMA3_IRQHandler
                0x00000504                Reserved100_IRQHandler
                0x00000504                RNG_IRQHandler
                0x00000504                DMA0_IRQHandler
                0x00000504                Reserved97_IRQHandler
                0x00000504                Reserved91_IRQHandler
                0x00000504                LPUART0_IRQHandler
                0x00000504                DMA15_IRQHandler
                0x00000504                DAC0_IRQHandler
                0x00000504                Reserved81_IRQHandler
                0x00000504                Reserved94_IRQHandler
                0x00000504                PIT1_IRQHandler
                0x00000504                UART0_ERR_IRQHandler
                0x00000504                DMA_Error_IRQHandler
                0x00000504                SPI0_IRQHandler
                0x00000504                PORTA_IRQHandler
                0x00000504                DAC1_IRQHandler
                0x00000504                MCM_IRQHandler
                0x00000504                DMA12_IRQHandler
                0x00000504                FTM3_IRQHandler
                0x00000504                PORTE_IRQHandler
                0x00000504                FTM2_IRQHandler
                0x00000504                LPTMR0_IRQHandler
                0x00000504                BusFault_Handler
                0x00000504                DMA8_IRQHandler
                0x00000504                Reserved93_IRQHandler
                0x00000504                DMA10_IRQHandler
                0x00000504                UART1_RX_TX_IRQHandler
                0x00000504                CMP0_IRQHandler
                0x00000504                PORTC_IRQHandler
                0x00000504                DMA6_IRQHandler
                0x00000504                FTF_IRQHandler
                0x00000504                DMA1_IRQHandler
 .text          0x00000508      0x370 /opt/Freescale/KDS_v3/toolchain/bin/../lib/gcc/arm-none-eabi/4.8.4/armv7e-m/fpu/libgcc.a(_arm_addsubdf3.o)
                0x00000508                __aeabi_drsub
                0x00000510                __aeabi_dsub
                0x00000510                __subdf3
                0x00000514                __adddf3
                0x00000514                __aeabi_dadd
                0x0000078c                __aeabi_ui2d
                0x0000078c                __floatunsidf
                0x000007ac                __floatsidf
                0x000007ac                __aeabi_i2d
                0x000007d0                __extendsfdf2
                0x000007d0                __aeabi_f2d
                0x0000080c                __aeabi_ul2d
                0x0000080c                __floatundidf
                0x0000081c                __floatdidf
                0x0000081c                __aeabi_l2d
 .text          0x00000878      0x424 /opt/Freescale/KDS_v3/toolchain/bin/../lib/gcc/arm-none-eabi/4.8.4/armv7e-m/fpu/libgcc.a(_arm_muldivdf3.o)
                0x00000878                __aeabi_dmul
                0x00000878                __muldf3
                0x00000acc                __aeabi_ddiv
                0x00000acc                __divdf3
 .text          0x00000c9c       0xa0 /opt/Freescale/KDS_v3/toolchain/bin/../lib/gcc/arm-none-eabi/4.8.4/armv7e-m/fpu/libgcc.a(_arm_truncdfsf2.o)
                0x00000c9c                __aeabi_d2f
                0x00000c9c                __truncdfsf2
 *(.text*)
 .text.NVIC_EnableIRQ
                0x00000d3c       0x30 ./Sources/Si8900.o
 .text.NVIC_DisableIRQ
                0x00000d6c       0x34 ./Sources/Si8900.o
 .text.Si8900_init
                0x00000da0       0x1c ./Sources/Si8900.o
                0x00000da0                Si8900_init
 .text.Si8900_hw_init
                0x00000dbc       0xf4 ./Sources/Si8900.o
                0x00000dbc                Si8900_hw_init
 .text.SI8900_clear_buffer
                0x00000eb0       0x30 ./Sources/Si8900.o
                0x00000eb0                SI8900_clear_buffer
 .text.SI8900_tx_dma_init
                0x00000ee0      0x148 ./Sources/Si8900.o
                0x00000ee0                SI8900_tx_dma_init
 .text.SI8900_rec_dma_init
                0x00001028       0xb8 ./Sources/Si8900.o
                0x00001028                SI8900_rec_dma_init
 .text.SI8900_autobaudrate_detection
                0x000010e0       0x58 ./Sources/Si8900.o
                0x000010e0                SI8900_autobaudrate_detection
 .text.SI8900_rec_buf_sync_test
                0x00001138       0x38 ./Sources/Si8900.o
                0x00001138                SI8900_rec_buf_sync_test
 .text.SI8900_req_adc
                0x00001170       0x24 ./Sources/Si8900.o
                0x00001170                SI8900_req_adc
 .text.SI8900_data_lineup
                0x00001194       0x20 ./Sources/Si8900.o
                0x00001194                SI8900_data_lineup
 .text.SI8900_get_ch
                0x000011b4       0x78 ./Sources/Si8900.o
                0x000011b4                SI8900_get_ch
 .text.DMA4_IRQHandler
                0x0000122c       0x54 ./Sources/Si8900.o
                0x0000122c                DMA4_IRQHandler
 .text.SI8900_void_data
                0x00001280       0x24 ./Sources/Si8900.o
                0x00001280                SI8900_void_data
 .text.UART2_ERR_IRQHandler
                0x000012a4       0x24 ./Sources/Si8900.o
                0x000012a4                UART2_ERR_IRQHandler
 .text.ADC_init
                0x000012c8       0x5c ./Sources/adc.o
                0x000012c8                ADC_init
 .text.ADC_read
                0x00001324       0x48 ./Sources/adc.o
                0x00001324                ADC_read
 .text.ADC_dma1_init
                0x0000136c       0x10 ./Sources/adcdma1.o
                0x0000136c                ADC_dma1_init
 .text.ADC_dma1_init1
                0x0000137c       0x7c ./Sources/adcdma1.o
                0x0000137c                ADC_dma1_init1
 .text.ADC_dma1_init2
                0x000013f8      0x1b8 ./Sources/adcdma1.o
                0x000013f8                ADC_dma1_init2
 .text.NVIC_EnableIRQ
                0x000015b0       0x30 ./Sources/flexpwm.o
 .text.FTM_protect_init
                0x000015e0       0xc8 ./Sources/flexpwm.o
                0x000015e0                FTM_protect_init
 .text.FTM_fault_interrupt_enable
                0x000016a8       0x1c ./Sources/flexpwm.o
                0x000016a8                FTM_fault_interrupt_enable
 .text.FTM0_IRQHandler
                0x000016c4       0x50 ./Sources/flexpwm.o
                0x000016c4                FTM0_IRQHandler
 .text.FTM_clear_error
                0x00001714       0x48 ./Sources/flexpwm.o
                0x00001714                FTM_clear_error
 .text.FTM_init
                0x0000175c      0x224 ./Sources/flexpwm.o
                0x0000175c                FTM_init
 .text.FTM_setpwm
                0x00001980       0x80 ./Sources/flexpwm.o
                0x00001980                FTM_setpwm
 .text.NVIC_EnableIRQ
                0x00001a00       0x30 ./Sources/lowvoltagewarning.o
 .text.lvd_init
                0x00001a30       0x1c ./Sources/lowvoltagewarning.o
                0x00001a30                lvd_init
 *fill*         0x00001a4c        0x4 
 .text.LVD_LVW_IRQHandler
                0x00001a50       0x88 ./Sources/lowvoltagewarning.o
                0x00001a50                LVD_LVW_IRQHandler
 .text.lvd_reset
                0x00001ad8       0x1c ./Sources/lowvoltagewarning.o
                0x00001ad8                lvd_reset
 .text.led_sample_init
                0x00001af4       0x64 ./Sources/main.o
                0x00001af4                led_sample_init
 .text.led_count_task
                0x00001b58       0xa0 ./Sources/main.o
                0x00001b58                led_count_task
 .text.adc_conv_test
                0x00001bf8      0x368 ./Sources/main.o
                0x00001bf8                adc_conv_test
 .text.main     0x00001f60       0xa0 ./Sources/main.o
                0x00001f60                main
 .text.mcu_tracer_config
                0x00002000       0x14 ./Sources/mcu_tracer.o
                0x00002000                mcu_tracer_config
 .text.mcu_tracer_fill
                0x00002014      0x744 ./Sources/mcu_tracer.o
                0x00002014                mcu_tracer_fill
 .text.rec_char
                0x00002758       0x64 ./Sources/mcu_tracer.o
                0x00002758                rec_char
 .text.rec_checksum
                0x000027bc       0x5c ./Sources/mcu_tracer.o
                0x000027bc                rec_checksum
 .text.mcu_tracer_process
                0x00002818      0x120 ./Sources/mcu_tracer.o
                0x00002818                mcu_tracer_process
 .text.mcu_tracer_reject_data_check
                0x00002938       0x1c ./Sources/mcu_tracer.o
                0x00002938                mcu_tracer_reject_data_check
 .text.mcu_tracer_write_serial
                0x00002954       0x40 ./Sources/mcu_tracer.o
                0x00002954                mcu_tracer_write_serial
 .text.mcu_tracer_flush_buffer
                0x00002994       0x20 ./Sources/mcu_tracer.o
                0x00002994                mcu_tracer_flush_buffer
 .text.mcu_tracer_write_string
                0x000029b4       0x30 ./Sources/mcu_tracer.o
                0x000029b4                mcu_tracer_write_string
 .text.mcu_tracer_send_checksum
                0x000029e4       0x34 ./Sources/mcu_tracer.o
                0x000029e4                mcu_tracer_send_checksum
 .text.mcu_tracer_init
                0x00002a18       0xa0 ./Sources/mcu_tracer.o
                0x00002a18                mcu_tracer_init
 .text.mcu_tracer_vals
                0x00002ab8       0x98 ./Sources/mcu_tracer.o
                0x00002ab8                mcu_tracer_vals
 .text.mcu_tracer_update
                0x00002b50       0xd0 ./Sources/mcu_tracer.o
                0x00002b50                mcu_tracer_update
 .text.mcu_tracer_msg
                0x00002c20       0x28 ./Sources/mcu_tracer.o
                0x00002c20                mcu_tracer_msg
 .text.mcu_tracer_inform
                0x00002c48       0x94 ./Sources/mcu_tracer.o
                0x00002c48                mcu_tracer_inform
 .text.mcu_tracer_ping
                0x00002cdc       0x18 ./Sources/mcu_tracer.o
                0x00002cdc                mcu_tracer_ping
 .text.mcu_tracer_emergency_reply
                0x00002cf4       0x1c ./Sources/mcu_tracer.o
                0x00002cf4                mcu_tracer_emergency_reply
 .text.mcu_tracer_emergency
                0x00002d10       0x10 ./Sources/mcu_tracer.o
                0x00002d10                mcu_tracer_emergency
 .text.NVIC_SetPriority
                0x00002d20       0x54 ./Sources/taskcall.o
 .text.SysTick_Config
                0x00002d74       0x44 ./Sources/taskcall.o
 .text._taskcall_task_register_time
                0x00002db8       0x24 ./Sources/taskcall.o
                0x00002db8                _taskcall_task_register_time
 .text._taskcall_task_register
                0x00002ddc       0x6c ./Sources/taskcall.o
                0x00002ddc                _taskcall_task_register
 .text._taskcall_task_remove
                0x00002e48       0x54 ./Sources/taskcall.o
                0x00002e48                _taskcall_task_remove
 .text._taskcall_task_first_remove
                0x00002e9c       0x2c ./Sources/taskcall.o
                0x00002e9c                _taskcall_task_first_remove
 .text._taskcall_substract_time
                0x00002ec8       0x44 ./Sources/taskcall.o
                0x00002ec8                _taskcall_substract_time
 .text._taskcall_start
                0x00002f0c       0x10 ./Sources/taskcall.o
                0x00002f0c                _taskcall_start
 .text._taskcall_exec
                0x00002f1c       0xc8 ./Sources/taskcall.o
                0x00002f1c                _taskcall_exec
 .text.SysTick_Handler
                0x00002fe4        0xc ./Sources/taskcall.o
                0x00002fe4                SysTick_Handler
 .text._taskcaller_get_time
                0x00002ff0       0x6c ./Sources/taskcall_hal.o
                0x00002ff0                _taskcaller_get_time
 .text._taskcaller_get_time_passive
                0x0000305c       0x74 ./Sources/taskcall_hal.o
                0x0000305c                _taskcaller_get_time_passive
 .text._taskcaller_set_wakeup
                0x000030d0       0x60 ./Sources/taskcall_hal.o
                0x000030d0                _taskcaller_set_wakeup
 .text.NVIC_EnableIRQ
                0x00003130       0x30 ./Sources/uart1.o
 .text.UART1_init_defaultparam
                0x00003160       0x6c ./Sources/uart1.o
                0x00003160                UART1_init_defaultparam
 .text.UART1_startup
                0x000031cc       0xcc ./Sources/uart1.o
                0x000031cc                UART1_startup
 .text.UART1_dmaconfig
                0x00003298       0xd0 ./Sources/uart1.o
                0x00003298                UART1_dmaconfig
 .text.UART1_dma_complete
                0x00003368       0x24 ./Sources/uart1.o
                0x00003368                UART1_dma_complete
 .text.UART1_dma_complete_wait
                0x0000338c       0x28 ./Sources/uart1.o
                0x0000338c                UART1_dma_complete_wait
 .text.UART1_txBulk
                0x000033b4       0x94 ./Sources/uart1.o
                0x000033b4                UART1_txBulk
 .text.UART1_dma_config_rec
                0x00003448       0xc4 ./Sources/uart1.o
                0x00003448                UART1_dma_config_rec
 .text.UART1_rec_size
                0x0000350c       0x30 ./Sources/uart1.o
                0x0000350c                UART1_rec_size
 .text.UART1_rec_buf_reset
                0x0000353c       0xc4 ./Sources/uart1.o
                0x0000353c                UART1_rec_buf_reset
 .text.UART1_buffercontent
                0x00003600       0x24 ./Sources/uart1.o
                0x00003600                UART1_buffercontent
 .text.UART1_getch
                0x00003624       0x44 ./Sources/uart1.o
                0x00003624                UART1_getch
 .text.UART1_ERR_IRQHandler
                0x00003668       0x2c ./Sources/uart1.o
                0x00003668                UART1_ERR_IRQHandler
 .text.VREF_init
                0x00003694       0x74 ./Sources/vref.o
                0x00003694                VREF_init
 .text.wdog_init
                0x00003708       0x60 ./Sources/wdog.o
                0x00003708                wdog_init
 .text.wdog_refresh
                0x00003768       0x24 ./Sources/wdog.o
                0x00003768                wdog_refresh
 .text.wdog_refresh_func
                0x0000378c       0x34 ./Sources/wdog.o
                0x0000378c                wdog_refresh_func
 .text.startup_reason_report
                0x000037c0      0x144 ./Sources/wdog.o
                0x000037c0                startup_reason_report
 .text.SystemInit
                0x00003904      0x1f4 ./Project_Settings/Startup_Code/system_MK22F51212.o
                0x00003904                SystemInit
 .text.SystemCoreClockUpdate
                0x00003af8      0x270 ./Project_Settings/Startup_Code/system_MK22F51212.o
                0x00003af8                SystemCoreClockUpdate
 .text.exit     0x00003d68       0x28 /opt/Freescale/KDS_v3/toolchain/bin/../lib/gcc/arm-none-eabi/4.8.4/../../../../arm-none-eabi/lib/armv7e-m/fpu/libg_s.a(lib_a-exit.o)
                0x00003d68                exit
 .text.__libc_init_array
                0x00003d90       0x4c /opt/Freescale/KDS_v3/toolchain/bin/../lib/gcc/arm-none-eabi/4.8.4/../../../../arm-none-eabi/lib/armv7e-m/fpu/libg_s.a(lib_a-init.o)
                0x00003d90                __libc_init_array
 .text.memset   0x00003ddc       0x10 /opt/Freescale/KDS_v3/toolchain/bin/../lib/gcc/arm-none-eabi/4.8.4/../../../../arm-none-eabi/lib/armv7e-m/fpu/libg_s.a(lib_a-memset.o)
                0x00003ddc                memset
 .text.sprintf  0x00003dec       0x48 /opt/Freescale/KDS_v3/toolchain/bin/../lib/gcc/arm-none-eabi/4.8.4/../../../../arm-none-eabi/lib/armv7e-m/fpu/libg_s.a(lib_a-sprintf.o)
                0x00003dec                sprintf
                0x00003dec                siprintf
 .text.__ssputs_r
                0x00003e34       0xb8 /opt/Freescale/KDS_v3/toolchain/bin/../lib/gcc/arm-none-eabi/4.8.4/../../../../arm-none-eabi/lib/armv7e-m/fpu/libg_s.a(lib_a-svfprintf.o)
                0x00003e34                __ssputs_r
 .text._svfprintf_r
                0x00003eec      0x1dc /opt/Freescale/KDS_v3/toolchain/bin/../lib/gcc/arm-none-eabi/4.8.4/../../../../arm-none-eabi/lib/armv7e-m/fpu/libg_s.a(lib_a-svfprintf.o)
                0x00003eec                _svfprintf_r
                0x00003eec                _svfiprintf_r
 .text._printf_common
                0x000040c8       0xe4 /opt/Freescale/KDS_v3/toolchain/bin/../lib/gcc/arm-none-eabi/4.8.4/../../../../arm-none-eabi/lib/armv7e-m/fpu/libg_s.a(lib_a-vfprintf_i.o)
                0x000040c8                _printf_common
 .text._printf_i
                0x000041ac      0x228 /opt/Freescale/KDS_v3/toolchain/bin/../lib/gcc/arm-none-eabi/4.8.4/../../../../arm-none-eabi/lib/armv7e-m/fpu/libg_s.a(lib_a-vfprintf_i.o)
                0x000041ac                _printf_i
 .text.memchr   0x000043d4       0x1e /opt/Freescale/KDS_v3/toolchain/bin/../lib/gcc/arm-none-eabi/4.8.4/../../../../arm-none-eabi/lib/armv7e-m/fpu/libg_s.a(lib_a-memchr-stub.o)
                0x000043d4                memchr
 .text.memcpy   0x000043f2       0x12 /opt/Freescale/KDS_v3/toolchain/bin/../lib/gcc/arm-none-eabi/4.8.4/../../../../arm-none-eabi/lib/armv7e-m/fpu/libg_s.a(lib_a-memcpy-stub.o)
                0x000043f2                memcpy
 .text.memmove  0x00004404       0x36 /opt/Freescale/KDS_v3/toolchain/bin/../lib/gcc/arm-none-eabi/4.8.4/../../../../arm-none-eabi/lib/armv7e-m/fpu/libg_s.a(lib_a-memmove.o)
                0x00004404                memmove
 *fill*         0x0000443a        0x2 
 .text._free_r  0x0000443c       0x88 /opt/Freescale/KDS_v3/toolchain/bin/../lib/gcc/arm-none-eabi/4.8.4/../../../../arm-none-eabi/lib/armv7e-m/fpu/libg_s.a(lib_a-nano-freer.o)
                0x0000443c                _free_r
 .text._malloc_r
                0x000044c4       0xa8 /opt/Freescale/KDS_v3/toolchain/bin/../lib/gcc/arm-none-eabi/4.8.4/../../../../arm-none-eabi/lib/armv7e-m/fpu/libg_s.a(lib_a-nano-mallocr.o)
                0x000044c4                _malloc_r
 .text._realloc_r
                0x0000456c       0x4c /opt/Freescale/KDS_v3/toolchain/bin/../lib/gcc/arm-none-eabi/4.8.4/../../../../arm-none-eabi/lib/armv7e-m/fpu/libg_s.a(lib_a-nano-reallocr.o)
                0x0000456c                _realloc_r
 .text._sbrk_r  0x000045b8       0x20 /opt/Freescale/KDS_v3/toolchain/bin/../lib/gcc/arm-none-eabi/4.8.4/../../../../arm-none-eabi/lib/armv7e-m/fpu/libg_s.a(lib_a-sbrkr.o)
                0x000045b8                _sbrk_r
 .text.strlen   0x000045d8       0x10 /opt/Freescale/KDS_v3/toolchain/bin/../lib/gcc/arm-none-eabi/4.8.4/../../../../arm-none-eabi/lib/armv7e-m/fpu/libg_s.a(lib_a-strlen.o)
                0x000045d8                strlen
 .text._malloc_usable_size_r
                0x000045e8       0x12 /opt/Freescale/KDS_v3/toolchain/bin/../lib/gcc/arm-none-eabi/4.8.4/../../../../arm-none-eabi/lib/armv7e-m/fpu/libg_s.a(lib_a-nano-msizer.o)
                0x000045e8                _malloc_usable_size_r
 *fill*         0x000045fa        0x2 
 .text._sbrk    0x000045fc       0x34 /opt/Freescale/KDS_v3/toolchain/bin/../lib/gcc/arm-none-eabi/4.8.4/../../../../arm-none-eabi/lib/armv7e-m/fpu/libnosys.a(sbrk.o)
                0x000045fc                _sbrk
 .text._exit    0x00004630        0x4 /opt/Freescale/KDS_v3/toolchain/bin/../lib/gcc/arm-none-eabi/4.8.4/../../../../arm-none-eabi/lib/armv7e-m/fpu/libnosys.a(_exit.o)
                0x00004630                _exit
 *(.rodata)
 .rodata        0x00004634       0xa8 ./Sources/flexpwm.o
 .rodata        0x000046dc       0x24 ./Sources/lowvoltagewarning.o
 .rodata        0x00004700       0xd4 ./Sources/mcu_tracer.o
 .rodata        0x000047d4      0x134 ./Sources/wdog.o
 *(.rodata*)
 .rodata.str1.1
                0x00004908        0x2 /opt/Freescale/KDS_v3/toolchain/bin/../lib/gcc/arm-none-eabi/4.8.4/../../../../arm-none-eabi/lib/armv7e-m/fpu/libg_s.a(lib_a-impure.o)
 *fill*         0x0000490a        0x2 
 .rodata._global_impure_ptr
                0x0000490c        0x4 /opt/Freescale/KDS_v3/toolchain/bin/../lib/gcc/arm-none-eabi/4.8.4/../../../../arm-none-eabi/lib/armv7e-m/fpu/libg_s.a(lib_a-impure.o)
                0x0000490c                _global_impure_ptr
 .rodata.str1.1
                0x00004910       0x11 /opt/Freescale/KDS_v3/toolchain/bin/../lib/gcc/arm-none-eabi/4.8.4/../../../../arm-none-eabi/lib/armv7e-m/fpu/libg_s.a(lib_a-svfprintf.o)
 .rodata.str1.1
                0x00004921       0x22 /opt/Freescale/KDS_v3/toolchain/bin/../lib/gcc/arm-none-eabi/4.8.4/../../../../arm-none-eabi/lib/armv7e-m/fpu/libg_s.a(lib_a-vfprintf_i.o)
 *fill*         0x00004943        0x1 
 .rodata.__sf_fake_stdin
                0x00004944       0x20 /opt/Freescale/KDS_v3/toolchain/bin/../lib/gcc/arm-none-eabi/4.8.4/../../../../arm-none-eabi/lib/armv7e-m/fpu/libg_s.a(lib_a-findfp.o)
                0x00004944                __sf_fake_stdin
 .rodata.__sf_fake_stdout
                0x00004964       0x20 /opt/Freescale/KDS_v3/toolchain/bin/../lib/gcc/arm-none-eabi/4.8.4/../../../../arm-none-eabi/lib/armv7e-m/fpu/libg_s.a(lib_a-findfp.o)
                0x00004964                __sf_fake_stdout
 .rodata.__sf_fake_stderr
                0x00004984       0x20 /opt/Freescale/KDS_v3/toolchain/bin/../lib/gcc/arm-none-eabi/4.8.4/../../../../arm-none-eabi/lib/armv7e-m/fpu/libg_s.a(lib_a-findfp.o)
                0x00004984                __sf_fake_stderr
 *(.glue_7)
 .glue_7        0x00000000        0x0 linker stubs
 *(.glue_7t)
 .glue_7t       0x00000000        0x0 linker stubs
 *(.eh_frame)
 .eh_frame      0x000049a4        0x0 /opt/Freescale/KDS_v3/toolchain/bin/../lib/gcc/arm-none-eabi/4.8.4/armv7e-m/fpu/crtbegin.o
 *(.init)
 .init          0x000049a4        0x4 /opt/Freescale/KDS_v3/toolchain/bin/../lib/gcc/arm-none-eabi/4.8.4/armv7e-m/fpu/crti.o
                0x000049a4                _init
 .init          0x000049a8        0x8 /opt/Freescale/KDS_v3/toolchain/bin/../lib/gcc/arm-none-eabi/4.8.4/armv7e-m/fpu/crtn.o
 *(.fini)
 .fini          0x000049b0        0x4 /opt/Freescale/KDS_v3/toolchain/bin/../lib/gcc/arm-none-eabi/4.8.4/armv7e-m/fpu/crti.o
                0x000049b0                _fini
 .fini          0x000049b4        0x8 /opt/Freescale/KDS_v3/toolchain/bin/../lib/gcc/arm-none-eabi/4.8.4/armv7e-m/fpu/crtn.o
                0x000049bc                . = ALIGN (0x4)

.vfp11_veneer   0x000049bc        0x0
 .vfp11_veneer  0x00000000        0x0 linker stubs

.v4_bx          0x000049bc        0x0
 .v4_bx         0x00000000        0x0 linker stubs

.iplt           0x000049bc        0x0
 .iplt          0x00000000        0x0 /opt/Freescale/KDS_v3/toolchain/bin/../lib/gcc/arm-none-eabi/4.8.4/armv7e-m/fpu/crtbegin.o

.ARM.extab
 *(.ARM.extab* .gnu.linkonce.armextab.*)

.ARM            0x000049bc        0x8
                0x000049bc                __exidx_start = .
 *(.ARM.exidx*)
 .ARM.exidx     0x000049bc        0x8 /opt/Freescale/KDS_v3/toolchain/bin/../lib/gcc/arm-none-eabi/4.8.4/../../../../arm-none-eabi/lib/armv7e-m/fpu/crt0.o
                0x000049c4                __exidx_end = .

.rel.dyn        0x000049c4        0x0
 .rel.iplt      0x00000000        0x0 /opt/Freescale/KDS_v3/toolchain/bin/../lib/gcc/arm-none-eabi/4.8.4/armv7e-m/fpu/crtbegin.o

.ctors          0x000049c4        0x0
                0x000049c4                __CTOR_LIST__ = .
 *crtbegin.o(.ctors)
 *crtbegin?.o(.ctors)
 *(EXCLUDE_FILE(*crtend.o *crtend?.o) .ctors)
 *(SORT(.ctors.*))
 *(.ctors)
                0x000049c4                __CTOR_END__ = .

.dtors          0x000049c4        0x0
                0x000049c4                __DTOR_LIST__ = .
 *crtbegin.o(.dtors)
 *crtbegin?.o(.dtors)
 *(EXCLUDE_FILE(*crtend.o *crtend?.o) .dtors)
 *(SORT(.dtors.*))
 *(.dtors)
                0x000049c4                __DTOR_END__ = .

.preinit_array  0x000049c4        0x0
                0x000049c4                PROVIDE (__preinit_array_start, .)
 *(.preinit_array*)
                0x000049c4                PROVIDE (__preinit_array_end, .)

.init_array     0x000049c4        0x4
                0x000049c4                PROVIDE (__init_array_start, .)
 *(SORT(.init_array.*))
 *(.init_array*)
 .init_array    0x000049c4        0x4 /opt/Freescale/KDS_v3/toolchain/bin/../lib/gcc/arm-none-eabi/4.8.4/armv7e-m/fpu/crtbegin.o
                0x000049c8                PROVIDE (__init_array_end, .)

.fini_array     0x000049c8        0x4
                0x000049c8                PROVIDE (__fini_array_start, .)
 *(SORT(.fini_array.*))
 *(.fini_array*)
 .fini_array    0x000049c8        0x4 /opt/Freescale/KDS_v3/toolchain/bin/../lib/gcc/arm-none-eabi/4.8.4/armv7e-m/fpu/crtbegin.o
                0x000049cc                PROVIDE (__fini_array_end, .)
                0x000049cc                __etext = .
                0x000049cc                __DATA_ROM = .

.data           0x1fff0000      0x124 load address 0x000049cc
                0x1fff0000                . = ALIGN (0x4)
                0x1fff0000                __DATA_RAM = .
                0x1fff0000                __data_start__ = .
 *(.data)
 *(.data*)
 .data.reset_lvd
                0x1fff0000       0x28 ./Sources/lowvoltagewarning.o
                0x1fff0000                reset_lvd
 .data.task_led_lauflicht
                0x1fff0028       0x28 ./Sources/main.o
                0x1fff0028                task_led_lauflicht
 .data.task_adc_conv_test
                0x1fff0050       0x28 ./Sources/main.o
                0x1fff0050                task_adc_conv_test
 .data.global_pwm_ton
                0x1fff0078        0x4 ./Sources/main.o
                0x1fff0078                global_pwm_ton
 .data.global_pwm_tcy
                0x1fff007c        0x4 ./Sources/main.o
                0x1fff007c                global_pwm_tcy
 .data.global_pwm_tp
                0x1fff0080        0x4 ./Sources/main.o
                0x1fff0080                global_pwm_tp
 .data.global_pwm_tpsc
                0x1fff0084        0x4 ./Sources/main.o
                0x1fff0084                global_pwm_tpsc
 .data.led_lauflicht
                0x1fff0088        0x4 ./Sources/mcu_tracer.o
                0x1fff0088                led_lauflicht
 *fill*         0x1fff008c        0x4 
 .data.task_watchdog_reset
                0x1fff0090       0x28 ./Sources/wdog.o
                0x1fff0090                task_watchdog_reset
 .data.SystemCoreClock
                0x1fff00b8        0x4 ./Project_Settings/Startup_Code/system_MK22F51212.o
                0x1fff00b8                SystemCoreClock
 .data.impure_data
                0x1fff00bc       0x60 /opt/Freescale/KDS_v3/toolchain/bin/../lib/gcc/arm-none-eabi/4.8.4/../../../../arm-none-eabi/lib/armv7e-m/fpu/libg_s.a(lib_a-impure.o)
 .data._impure_ptr
                0x1fff011c        0x4 /opt/Freescale/KDS_v3/toolchain/bin/../lib/gcc/arm-none-eabi/4.8.4/../../../../arm-none-eabi/lib/armv7e-m/fpu/libg_s.a(lib_a-impure.o)
                0x1fff011c                _impure_ptr
 *(.jcr*)
 .jcr           0x1fff0120        0x0 /opt/Freescale/KDS_v3/toolchain/bin/../lib/gcc/arm-none-eabi/4.8.4/armv7e-m/fpu/crtbegin.o
 .jcr           0x1fff0120        0x4 /opt/Freescale/KDS_v3/toolchain/bin/../lib/gcc/arm-none-eabi/4.8.4/armv7e-m/fpu/crtend.o
                0x1fff0124                . = ALIGN (0x4)
                0x1fff0124                __data_end__ = .
                0x00004af0                __DATA_END = (__DATA_ROM + (__data_end__ - __data_start__))

.igot.plt       0x1fff0124        0x0 load address 0x00004af0
 .igot.plt      0x00000000        0x0 /opt/Freescale/KDS_v3/toolchain/bin/../lib/gcc/arm-none-eabi/4.8.4/armv7e-m/fpu/crtbegin.o

.bss            0x1fff0128      0x7f8 load address 0x00004af8
                0x1fff0128                . = ALIGN (0x4)
                0x1fff0128                __START_BSS = .
                0x1fff0128                __bss_start__ = .
 *(.bss)
 .bss           0x1fff0128       0x1c /opt/Freescale/KDS_v3/toolchain/bin/../lib/gcc/arm-none-eabi/4.8.4/armv7e-m/fpu/crtbegin.o
 *(.bss*)
 .bss.count     0x1fff0144        0x4 ./Sources/main.o
                0x1fff0144                count
 .bss.mcu_tracer_reject_data
                0x1fff0148        0x1 ./Sources/mcu_tracer.o
                0x1fff0148                mcu_tracer_reject_data
 *fill*         0x1fff0149        0x1 
 .bss.sendbuf_pos
                0x1fff014a        0x2 ./Sources/mcu_tracer.o
                0x1fff014a                sendbuf_pos
 .bss.taskcall_head
                0x1fff014c        0x4 ./Sources/taskcall.o
                0x1fff014c                taskcall_head
 .bss.time_comulator
                0x1fff0150        0x4 ./Sources/taskcall_hal.o
                0x1fff0150                time_comulator
 .bss.dummyzero
                0x1fff0154        0x1 ./Sources/uart1.o
                0x1fff0154                dummyzero
 *fill*         0x1fff0155        0x3 
 .bss.__malloc_sbrk_start
                0x1fff0158        0x4 /opt/Freescale/KDS_v3/toolchain/bin/../lib/gcc/arm-none-eabi/4.8.4/../../../../arm-none-eabi/lib/armv7e-m/fpu/libg_s.a(lib_a-nano-mallocr.o)
                0x1fff0158                __malloc_sbrk_start
 .bss.__malloc_free_list
                0x1fff015c        0x4 /opt/Freescale/KDS_v3/toolchain/bin/../lib/gcc/arm-none-eabi/4.8.4/../../../../arm-none-eabi/lib/armv7e-m/fpu/libg_s.a(lib_a-nano-mallocr.o)
                0x1fff015c                __malloc_free_list
 .bss.heap_end.4246
                0x1fff0160        0x4 /opt/Freescale/KDS_v3/toolchain/bin/../lib/gcc/arm-none-eabi/4.8.4/../../../../arm-none-eabi/lib/armv7e-m/fpu/libnosys.a(sbrk.o)
 *(COMMON)
 COMMON         0x1fff0164       0x13 ./Sources/Si8900.o
                0x1fff0164                SI8900_sync_flag
                0x1fff0168                SI8900_rec_buf
                0x1fff0174                si8900_transmit_data
 *fill*         0x1fff0177        0x1 
 COMMON         0x1fff0178        0xb ./Sources/adcdma1.o
                0x1fff0178                adc_result
                0x1fff0180                adc_mux
 *fill*         0x1fff0183        0x1 
 COMMON         0x1fff0184       0x20 ./Sources/main.o
                0x1fff0184                global_clear_error
                0x1fff0188                global_adc_dclink
                0x1fff018c                global_si8900_secsup
                0x1fff0190                global_si8900_uled
                0x1fff0194                global_adc_grid
                0x1fff0198                global_overcurrent
                0x1fff019c                global_adc_voltage
                0x1fff01a0                global_si8900_iled
 COMMON         0x1fff01a4      0x698 ./Sources/mcu_tracer.o
                0x1fff01a4                sendbuf
                0x1fff058c                mainloop_iterations
                0x1fff0590                debug2
                0x1fff0594                monitorvars
                0x1fff0828                global_checksum
                0x1fff082c                debugbefore
                0x1fff0830                mcu_tracer_checksum
                0x1fff0834                debug1
                0x1fff0838                debug3
 *fill*         0x1fff083c        0x4 
 COMMON         0x1fff0840       0x10 ./Sources/taskcall.o
                0x1fff0840                _taskcall_sleep_time
                0x1fff0848                _taskcall_active_time
 COMMON         0x1fff0850       0xcc ./Sources/uart1.o
                0x1fff0850                recpos
                0x1fff0854                recievebuf
 COMMON         0x1fff091c        0x4 /opt/Freescale/KDS_v3/toolchain/bin/../lib/gcc/arm-none-eabi/4.8.4/../../../../arm-none-eabi/lib/armv7e-m/fpu/libg_s.a(lib_a-reent.o)
                0x1fff091c                errno
                0x1fff0920                . = ALIGN (0x4)
                0x1fff0920                __bss_end__ = .
                0x1fff0920                __END_BSS = .

.heap           0x20000000      0x400
                0x20000000                . = ALIGN (0x8)
                0x20000000                __end__ = .
                0x20000000                PROVIDE (end, .)
                0x20000000                __HeapBase = .
                0x20000400                . = (. + HEAP_SIZE)
 *fill*         0x20000000      0x400 
                0x20000400                __HeapLimit = .

.stack          0x20000400      0x400
                0x20000400                . = ALIGN (0x8)
                0x20000800                . = (. + STACK_SIZE)
 *fill*         0x20000400      0x400 
                0x20010000                __StackTop = (ORIGIN (m_data_2) + 0x10000)
                0x2000fc00                __StackLimit = (__StackTop - STACK_SIZE)
                0x20010000                PROVIDE (__stack, __StackTop)

.ARM.attributes
                0x00000000       0x30
 *(.ARM.attributes)
 .ARM.attributes
                0x00000000       0x22 /opt/Freescale/KDS_v3/toolchain/bin/../lib/gcc/arm-none-eabi/4.8.4/armv7e-m/fpu/crti.o
 .ARM.attributes
                0x00000022       0x34 /opt/Freescale/KDS_v3/toolchain/bin/../lib/gcc/arm-none-eabi/4.8.4/armv7e-m/fpu/crtbegin.o
 .ARM.attributes
                0x00000056       0x20 /opt/Freescale/KDS_v3/toolchain/bin/../lib/gcc/arm-none-eabi/4.8.4/../../../../arm-none-eabi/lib/armv7e-m/fpu/crt0.o
 .ARM.attributes
                0x00000076       0x39 ./Sources/Si8900.o
 .ARM.attributes
                0x000000af       0x39 ./Sources/adc.o
 .ARM.attributes
                0x000000e8       0x39 ./Sources/adcdma1.o
 .ARM.attributes
                0x00000121       0x39 ./Sources/flexpwm.o
 .ARM.attributes
                0x0000015a       0x39 ./Sources/lowvoltagewarning.o
 .ARM.attributes
                0x00000193       0x39 ./Sources/main.o
 .ARM.attributes
                0x000001cc       0x39 ./Sources/mcu_tracer.o
 .ARM.attributes
                0x00000205       0x39 ./Sources/taskcall.o
 .ARM.attributes
                0x0000023e       0x39 ./Sources/taskcall_hal.o
 .ARM.attributes
                0x00000277       0x39 ./Sources/uart1.o
 .ARM.attributes
                0x000002b0       0x39 ./Sources/vref.o
 .ARM.attributes
                0x000002e9       0x39 ./Sources/wdog.o
 .ARM.attributes
                0x00000322       0x1f ./Project_Settings/Startup_Code/startup_MK22F51212.o
 .ARM.attributes
                0x00000341       0x39 ./Project_Settings/Startup_Code/system_MK22F51212.o
 .ARM.attributes
                0x0000037a       0x22 /opt/Freescale/KDS_v3/toolchain/bin/../lib/gcc/arm-none-eabi/4.8.4/armv7e-m/fpu/libgcc.a(_arm_addsubdf3.o)
 .ARM.attributes
                0x0000039c       0x22 /opt/Freescale/KDS_v3/toolchain/bin/../lib/gcc/arm-none-eabi/4.8.4/armv7e-m/fpu/libgcc.a(_arm_muldivdf3.o)
 .ARM.attributes
                0x000003be       0x22 /opt/Freescale/KDS_v3/toolchain/bin/../lib/gcc/arm-none-eabi/4.8.4/armv7e-m/fpu/libgcc.a(_arm_truncdfsf2.o)
 .ARM.attributes
                0x000003e0       0x34 /opt/Freescale/KDS_v3/toolchain/bin/../lib/gcc/arm-none-eabi/4.8.4/../../../../arm-none-eabi/lib/armv7e-m/fpu/libg_s.a(lib_a-exit.o)
 .ARM.attributes
                0x00000414       0x34 /opt/Freescale/KDS_v3/toolchain/bin/../lib/gcc/arm-none-eabi/4.8.4/../../../../arm-none-eabi/lib/armv7e-m/fpu/libg_s.a(lib_a-impure.o)
 .ARM.attributes
                0x00000448       0x34 /opt/Freescale/KDS_v3/toolchain/bin/../lib/gcc/arm-none-eabi/4.8.4/../../../../arm-none-eabi/lib/armv7e-m/fpu/libg_s.a(lib_a-init.o)
 .ARM.attributes
                0x0000047c       0x34 /opt/Freescale/KDS_v3/toolchain/bin/../lib/gcc/arm-none-eabi/4.8.4/../../../../arm-none-eabi/lib/armv7e-m/fpu/libg_s.a(lib_a-memset.o)
 .ARM.attributes
                0x000004b0       0x34 /opt/Freescale/KDS_v3/toolchain/bin/../lib/gcc/arm-none-eabi/4.8.4/../../../../arm-none-eabi/lib/armv7e-m/fpu/libg_s.a(lib_a-sprintf.o)
 .ARM.attributes
                0x000004e4       0x34 /opt/Freescale/KDS_v3/toolchain/bin/../lib/gcc/arm-none-eabi/4.8.4/../../../../arm-none-eabi/lib/armv7e-m/fpu/libg_s.a(lib_a-svfprintf.o)
 .ARM.attributes
                0x00000518       0x34 /opt/Freescale/KDS_v3/toolchain/bin/../lib/gcc/arm-none-eabi/4.8.4/../../../../arm-none-eabi/lib/armv7e-m/fpu/libg_s.a(lib_a-vfprintf_i.o)
 .ARM.attributes
                0x0000054c       0x34 /opt/Freescale/KDS_v3/toolchain/bin/../lib/gcc/arm-none-eabi/4.8.4/../../../../arm-none-eabi/lib/armv7e-m/fpu/libg_s.a(lib_a-findfp.o)
 .ARM.attributes
                0x00000580       0x34 /opt/Freescale/KDS_v3/toolchain/bin/../lib/gcc/arm-none-eabi/4.8.4/../../../../arm-none-eabi/lib/armv7e-m/fpu/libg_s.a(lib_a-memchr-stub.o)
 .ARM.attributes
                0x000005b4       0x34 /opt/Freescale/KDS_v3/toolchain/bin/../lib/gcc/arm-none-eabi/4.8.4/../../../../arm-none-eabi/lib/armv7e-m/fpu/libg_s.a(lib_a-memcpy-stub.o)
 .ARM.attributes
                0x000005e8       0x34 /opt/Freescale/KDS_v3/toolchain/bin/../lib/gcc/arm-none-eabi/4.8.4/../../../../arm-none-eabi/lib/armv7e-m/fpu/libg_s.a(lib_a-memmove.o)
 .ARM.attributes
                0x0000061c       0x34 /opt/Freescale/KDS_v3/toolchain/bin/../lib/gcc/arm-none-eabi/4.8.4/../../../../arm-none-eabi/lib/armv7e-m/fpu/libg_s.a(lib_a-nano-freer.o)
 .ARM.attributes
                0x00000650       0x34 /opt/Freescale/KDS_v3/toolchain/bin/../lib/gcc/arm-none-eabi/4.8.4/../../../../arm-none-eabi/lib/armv7e-m/fpu/libg_s.a(lib_a-nano-mallocr.o)
 .ARM.attributes
                0x00000684       0x34 /opt/Freescale/KDS_v3/toolchain/bin/../lib/gcc/arm-none-eabi/4.8.4/../../../../arm-none-eabi/lib/armv7e-m/fpu/libg_s.a(lib_a-nano-reallocr.o)
 .ARM.attributes
                0x000006b8       0x34 /opt/Freescale/KDS_v3/toolchain/bin/../lib/gcc/arm-none-eabi/4.8.4/../../../../arm-none-eabi/lib/armv7e-m/fpu/libg_s.a(lib_a-sbrkr.o)
 .ARM.attributes
                0x000006ec       0x34 /opt/Freescale/KDS_v3/toolchain/bin/../lib/gcc/arm-none-eabi/4.8.4/../../../../arm-none-eabi/lib/armv7e-m/fpu/libg_s.a(lib_a-strlen.o)
 .ARM.attributes
                0x00000720       0x34 /opt/Freescale/KDS_v3/toolchain/bin/../lib/gcc/arm-none-eabi/4.8.4/../../../../arm-none-eabi/lib/armv7e-m/fpu/libg_s.a(lib_a-nano-msizer.o)
 .ARM.attributes
                0x00000754       0x34 /opt/Freescale/KDS_v3/toolchain/bin/../lib/gcc/arm-none-eabi/4.8.4/../../../../arm-none-eabi/lib/armv7e-m/fpu/libg_s.a(lib_a-reent.o)
 .ARM.attributes
                0x00000788       0x34 /opt/Freescale/KDS_v3/toolchain/bin/../lib/gcc/arm-none-eabi/4.8.4/../../../../arm-none-eabi/lib/armv7e-m/fpu/libnosys.a(sbrk.o)
 .ARM.attributes
                0x000007bc       0x34 /opt/Freescale/KDS_v3/toolchain/bin/../lib/gcc/arm-none-eabi/4.8.4/../../../../arm-none-eabi/lib/armv7e-m/fpu/libnosys.a(_exit.o)
 .ARM.attributes
                0x000007f0       0x34 /opt/Freescale/KDS_v3/toolchain/bin/../lib/gcc/arm-none-eabi/4.8.4/armv7e-m/fpu/crtend.o
 .ARM.attributes
                0x00000824       0x22 /opt/Freescale/KDS_v3/toolchain/bin/../lib/gcc/arm-none-eabi/4.8.4/armv7e-m/fpu/crtn.o
                0x00000001                ASSERT ((__StackLimit >= __HeapLimit), region m_data_2 overflowed with stack and heap)
OUTPUT(desperate.elf elf32-littlearm)

.debug_info     0x00000000     0x6898
 .debug_info    0x00000000     0x1015 ./Sources/Si8900.o
 .debug_info    0x00001015      0x47f ./Sources/adc.o
 .debug_info    0x00001494      0x831 ./Sources/adcdma1.o
 .debug_info    0x00001cc5      0x9ab ./Sources/flexpwm.o
 .debug_info    0x00002670      0x62c ./Sources/lowvoltagewarning.o
 .debug_info    0x00002c9c      0x9cb ./Sources/main.o
 .debug_info    0x00003667      0x621 ./Sources/mcu_tracer.o
 .debug_info    0x00003c88      0x9af ./Sources/taskcall.o
 .debug_info    0x00004637      0x1b8 ./Sources/taskcall_hal.o
 .debug_info    0x000047ef      0xf02 ./Sources/uart1.o
 .debug_info    0x000056f1      0x2cf ./Sources/vref.o
 .debug_info    0x000059c0      0x3ec ./Sources/wdog.o
 .debug_info    0x00005dac       0x7c ./Project_Settings/Startup_Code/startup_MK22F51212.o
 .debug_info    0x00005e28      0xa70 ./Project_Settings/Startup_Code/system_MK22F51212.o

.debug_abbrev   0x00000000     0x15c5
 .debug_abbrev  0x00000000      0x2cc ./Sources/Si8900.o
 .debug_abbrev  0x000002cc      0x136 ./Sources/adc.o
 .debug_abbrev  0x00000402      0x13b ./Sources/adcdma1.o
 .debug_abbrev  0x0000053d      0x1bb ./Sources/flexpwm.o
 .debug_abbrev  0x000006f8      0x1b3 ./Sources/lowvoltagewarning.o
 .debug_abbrev  0x000008ab      0x1c4 ./Sources/main.o
 .debug_abbrev  0x00000a6f      0x1f1 ./Sources/mcu_tracer.o
 .debug_abbrev  0x00000c60      0x228 ./Sources/taskcall.o
 .debug_abbrev  0x00000e88       0xf4 ./Sources/taskcall_hal.o
 .debug_abbrev  0x00000f7c      0x289 ./Sources/uart1.o
 .debug_abbrev  0x00001205       0xf1 ./Sources/vref.o
 .debug_abbrev  0x000012f6      0x17a ./Sources/wdog.o
 .debug_abbrev  0x00001470       0x14 ./Project_Settings/Startup_Code/startup_MK22F51212.o
 .debug_abbrev  0x00001484      0x141 ./Project_Settings/Startup_Code/system_MK22F51212.o

.debug_aranges  0x00000000      0x438
 .debug_aranges
                0x00000000       0x90 ./Sources/Si8900.o
 .debug_aranges
                0x00000090       0x30 ./Sources/adc.o
 .debug_aranges
                0x000000c0       0x30 ./Sources/adcdma1.o
 .debug_aranges
                0x000000f0       0x50 ./Sources/flexpwm.o
 .debug_aranges
                0x00000140       0x38 ./Sources/lowvoltagewarning.o
 .debug_aranges
                0x00000178       0x38 ./Sources/main.o
 .debug_aranges
                0x000001b0       0xa8 ./Sources/mcu_tracer.o
 .debug_aranges
                0x00000258       0x88 ./Sources/taskcall.o
 .debug_aranges
                0x000002e0       0x30 ./Sources/taskcall_hal.o
 .debug_aranges
                0x00000310       0x88 ./Sources/uart1.o
 .debug_aranges
                0x00000398       0x20 ./Sources/vref.o
 .debug_aranges
                0x000003b8       0x38 ./Sources/wdog.o
 .debug_aranges
                0x000003f0       0x20 ./Project_Settings/Startup_Code/startup_MK22F51212.o
 .debug_aranges
                0x00000410       0x28 ./Project_Settings/Startup_Code/system_MK22F51212.o

.debug_ranges   0x00000000      0x360
 .debug_ranges  0x00000000       0x80 ./Sources/Si8900.o
 .debug_ranges  0x00000080       0x20 ./Sources/adc.o
 .debug_ranges  0x000000a0       0x20 ./Sources/adcdma1.o
 .debug_ranges  0x000000c0       0x40 ./Sources/flexpwm.o
 .debug_ranges  0x00000100       0x28 ./Sources/lowvoltagewarning.o
 .debug_ranges  0x00000128       0x28 ./Sources/main.o
 .debug_ranges  0x00000150       0xb0 ./Sources/mcu_tracer.o
 .debug_ranges  0x00000200       0x78 ./Sources/taskcall.o
 .debug_ranges  0x00000278       0x20 ./Sources/taskcall_hal.o
 .debug_ranges  0x00000298       0x78 ./Sources/uart1.o
 .debug_ranges  0x00000310       0x10 ./Sources/vref.o
 .debug_ranges  0x00000320       0x28 ./Sources/wdog.o
 .debug_ranges  0x00000348       0x18 ./Project_Settings/Startup_Code/system_MK22F51212.o

.debug_macro    0x00000000    0x129ab
 .debug_macro   0x00000000      0x165 ./Sources/Si8900.o
 .debug_macro   0x00000165      0x850 ./Sources/Si8900.o
 .debug_macro   0x000009b5       0x58 ./Sources/Si8900.o
 .debug_macro   0x00000a0d       0x16 ./Sources/Si8900.o
 .debug_macro   0x00000a23       0x35 ./Sources/Si8900.o
 .debug_macro   0x00000a58       0xa3 ./Sources/Si8900.o
 .debug_macro   0x00000afb       0x16 ./Sources/Si8900.o
 .debug_macro   0x00000b11       0x97 ./Sources/Si8900.o
 .debug_macro   0x00000ba8       0x10 ./Sources/Si8900.o
 .debug_macro   0x00000bb8       0xef ./Sources/Si8900.o
 .debug_macro   0x00000ca7       0x4a ./Sources/Si8900.o
 .debug_macro   0x00000cf1       0x52 ./Sources/Si8900.o
 .debug_macro   0x00000d43       0x16 ./Sources/Si8900.o
 .debug_macro   0x00000d59       0x43 ./Sources/Si8900.o
 .debug_macro   0x00000d9c      0x180 ./Sources/Si8900.o
 .debug_macro   0x00000f1c       0x10 ./Sources/Si8900.o
 .debug_macro   0x00000f2c       0x22 ./Sources/Si8900.o
 .debug_macro   0x00000f4e       0xbd ./Sources/Si8900.o
 .debug_macro   0x0000100b       0x16 ./Sources/Si8900.o
 .debug_macro   0x00001021      0x14a ./Sources/Si8900.o
 .debug_macro   0x0000116b       0x16 ./Sources/Si8900.o
 .debug_macro   0x00001181      0x20f ./Sources/Si8900.o
 .debug_macro   0x00001390       0x55 ./Sources/Si8900.o
 .debug_macro   0x000013e5       0x3b ./Sources/Si8900.o
 .debug_macro   0x00001420       0x34 ./Sources/Si8900.o
 .debug_macro   0x00001454       0x26 ./Sources/Si8900.o
 .debug_macro   0x0000147a      0xd1d ./Sources/Si8900.o
 .debug_macro   0x00002197       0xda ./Sources/Si8900.o
 .debug_macro   0x00002271     0xefee ./Sources/Si8900.o
 .debug_macro   0x0001125f       0x46 ./Sources/Si8900.o
 .debug_macro   0x000112a5       0x10 ./Sources/Si8900.o
 .debug_macro   0x000112b5       0x96 ./Sources/adc.o
 .debug_macro   0x0001134b       0x44 ./Sources/adc.o
 .debug_macro   0x0001138f      0x209 ./Sources/adc.o
 .debug_macro   0x00011598      0x152 ./Sources/adcdma1.o
 .debug_macro   0x000116ea       0x1c ./Sources/adcdma1.o
 .debug_macro   0x00011706       0x96 ./Sources/flexpwm.o
 .debug_macro   0x0001179c      0x15c ./Sources/lowvoltagewarning.o
 .debug_macro   0x000118f8      0x1e2 ./Sources/main.o
 .debug_macro   0x00011ada      0x166 ./Sources/main.o
 .debug_macro   0x00011c40      0x2a6 ./Sources/main.o
 .debug_macro   0x00011ee6       0x10 ./Sources/main.o
 .debug_macro   0x00011ef6       0x35 ./Sources/main.o
 .debug_macro   0x00011f2b       0x1c ./Sources/main.o
 .debug_macro   0x00011f47      0x103 ./Sources/mcu_tracer.o
 .debug_macro   0x0001204a      0x1c1 ./Sources/taskcall.o
 .debug_macro   0x0001220b       0x16 ./Sources/taskcall.o
 .debug_macro   0x00012221       0x22 ./Sources/taskcall.o
 .debug_macro   0x00012243       0x67 ./Sources/taskcall.o
 .debug_macro   0x000122aa      0x133 ./Sources/taskcall_hal.o
 .debug_macro   0x000123dd      0x10e ./Sources/taskcall_hal.o
 .debug_macro   0x000124eb       0x7f ./Sources/taskcall_hal.o
 .debug_macro   0x0001256a      0x17e ./Sources/uart1.o
 .debug_macro   0x000126e8       0x8d ./Sources/vref.o
 .debug_macro   0x00012775      0x19a ./Sources/wdog.o
 .debug_macro   0x0001290f       0x9c ./Project_Settings/Startup_Code/system_MK22F51212.o

.debug_line     0x00000000     0x2c72
 .debug_line    0x00000000      0x423 ./Sources/Si8900.o
 .debug_line    0x00000423      0x24a ./Sources/adc.o
 .debug_line    0x0000066d      0x2de ./Sources/adcdma1.o
 .debug_line    0x0000094b      0x2c2 ./Sources/flexpwm.o
 .debug_line    0x00000c0d      0x2f5 ./Sources/lowvoltagewarning.o
 .debug_line    0x00000f02      0x420 ./Sources/main.o
 .debug_line    0x00001322      0x507 ./Sources/mcu_tracer.o
 .debug_line    0x00001829      0x4a8 ./Sources/taskcall.o
 .debug_line    0x00001cd1      0x2bb ./Sources/taskcall_hal.o
 .debug_line    0x00001f8c      0x407 ./Sources/uart1.o
 .debug_line    0x00002393      0x1f2 ./Sources/vref.o
 .debug_line    0x00002585      0x3a2 ./Sources/wdog.o
 .debug_line    0x00002927       0x7b ./Project_Settings/Startup_Code/startup_MK22F51212.o
 .debug_line    0x000029a2      0x2d0 ./Project_Settings/Startup_Code/system_MK22F51212.o

.debug_str      0x00000000    0x63432
 .debug_str     0x00000000    0x61543 ./Sources/Si8900.o
                              0x61792 (size before relaxing)
 .debug_str     0x00061543       0x91 ./Sources/adc.o
                              0x5edb6 (size before relaxing)
 .debug_str     0x000615d4       0xa2 ./Sources/adcdma1.o
                              0x60f06 (size before relaxing)
 .debug_str     0x00061676      0x12b ./Sources/flexpwm.o
                              0x5f3a9 (size before relaxing)
 .debug_str     0x000617a1      0x10c ./Sources/lowvoltagewarning.o
                              0x6125e (size before relaxing)
 .debug_str     0x000618ad     0x1160 ./Sources/main.o
                              0x6217e (size before relaxing)
 .debug_str     0x00062a0d      0x2c8 ./Sources/mcu_tracer.o
                               0x583d (size before relaxing)
 .debug_str     0x00062cd5      0x2db ./Sources/taskcall.o
                              0x623be (size before relaxing)
 .debug_str     0x00062fb0       0x8b ./Sources/taskcall_hal.o
                              0x60334 (size before relaxing)
 .debug_str     0x0006303b      0x163 ./Sources/uart1.o
                              0x6165b (size before relaxing)
 .debug_str     0x0006319e       0x26 ./Sources/vref.o
                              0x5ecf0 (size before relaxing)
 .debug_str     0x000631c4       0xdc ./Sources/wdog.o
                              0x61ce9 (size before relaxing)
 .debug_str     0x000632a0      0x192 ./Project_Settings/Startup_Code/system_MK22F51212.o
                              0x5f351 (size before relaxing)

.comment        0x00000000       0x70
 .comment       0x00000000       0x70 ./Sources/Si8900.o
                                 0x71 (size before relaxing)
 .comment       0x00000000       0x71 ./Sources/adc.o
 .comment       0x00000000       0x71 ./Sources/adcdma1.o
 .comment       0x00000000       0x71 ./Sources/flexpwm.o
 .comment       0x00000000       0x71 ./Sources/lowvoltagewarning.o
 .comment       0x00000000       0x71 ./Sources/main.o
 .comment       0x00000000       0x71 ./Sources/mcu_tracer.o
 .comment       0x00000000       0x71 ./Sources/taskcall.o
 .comment       0x00000000       0x71 ./Sources/taskcall_hal.o
 .comment       0x00000000       0x71 ./Sources/uart1.o
 .comment       0x00000000       0x71 ./Sources/vref.o
 .comment       0x00000000       0x71 ./Sources/wdog.o
 .comment       0x00000000       0x71 ./Project_Settings/Startup_Code/system_MK22F51212.o

.debug_frame    0x00000000      0xfe8
 .debug_frame   0x00000000      0x1b0 ./Sources/Si8900.o
 .debug_frame   0x000001b0       0x64 ./Sources/adc.o
 .debug_frame   0x00000214       0x5c ./Sources/adcdma1.o
 .debug_frame   0x00000270       0xd4 ./Sources/flexpwm.o
 .debug_frame   0x00000344       0x84 ./Sources/lowvoltagewarning.o
 .debug_frame   0x000003c8       0x88 ./Sources/main.o
 .debug_frame   0x00000450      0x234 ./Sources/mcu_tracer.o
 .debug_frame   0x00000684      0x1ac ./Sources/taskcall.o
 .debug_frame   0x00000830       0x64 ./Sources/taskcall_hal.o
 .debug_frame   0x00000894      0x188 ./Sources/uart1.o
 .debug_frame   0x00000a1c       0x2c ./Sources/vref.o
 .debug_frame   0x00000a48       0x80 ./Sources/wdog.o
 .debug_frame   0x00000ac8       0x48 ./Project_Settings/Startup_Code/system_MK22F51212.o
 .debug_frame   0x00000b10       0x28 /opt/Freescale/KDS_v3/toolchain/bin/../lib/gcc/arm-none-eabi/4.8.4/../../../../arm-none-eabi/lib/armv7e-m/fpu/libg_s.a(lib_a-exit.o)
 .debug_frame   0x00000b38       0x2c /opt/Freescale/KDS_v3/toolchain/bin/../lib/gcc/arm-none-eabi/4.8.4/../../../../arm-none-eabi/lib/armv7e-m/fpu/libg_s.a(lib_a-init.o)
 .debug_frame   0x00000b64       0x20 /opt/Freescale/KDS_v3/toolchain/bin/../lib/gcc/arm-none-eabi/4.8.4/../../../../arm-none-eabi/lib/armv7e-m/fpu/libg_s.a(lib_a-memset.o)
 .debug_frame   0x00000b84       0x58 /opt/Freescale/KDS_v3/toolchain/bin/../lib/gcc/arm-none-eabi/4.8.4/../../../../arm-none-eabi/lib/armv7e-m/fpu/libg_s.a(lib_a-sprintf.o)
 .debug_frame   0x00000bdc       0x88 /opt/Freescale/KDS_v3/toolchain/bin/../lib/gcc/arm-none-eabi/4.8.4/../../../../arm-none-eabi/lib/armv7e-m/fpu/libg_s.a(lib_a-svfprintf.o)
 .debug_frame   0x00000c64       0x60 /opt/Freescale/KDS_v3/toolchain/bin/../lib/gcc/arm-none-eabi/4.8.4/../../../../arm-none-eabi/lib/armv7e-m/fpu/libg_s.a(lib_a-vfprintf_i.o)
 .debug_frame   0x00000cc4      0x12c /opt/Freescale/KDS_v3/toolchain/bin/../lib/gcc/arm-none-eabi/4.8.4/../../../../arm-none-eabi/lib/armv7e-m/fpu/libg_s.a(lib_a-findfp.o)
 .debug_frame   0x00000df0       0x28 /opt/Freescale/KDS_v3/toolchain/bin/../lib/gcc/arm-none-eabi/4.8.4/../../../../arm-none-eabi/lib/armv7e-m/fpu/libg_s.a(lib_a-memchr-stub.o)
 .debug_frame   0x00000e18       0x28 /opt/Freescale/KDS_v3/toolchain/bin/../lib/gcc/arm-none-eabi/4.8.4/../../../../arm-none-eabi/lib/armv7e-m/fpu/libg_s.a(lib_a-memcpy-stub.o)
 .debug_frame   0x00000e40       0x2c /opt/Freescale/KDS_v3/toolchain/bin/../lib/gcc/arm-none-eabi/4.8.4/../../../../arm-none-eabi/lib/armv7e-m/fpu/libg_s.a(lib_a-memmove.o)
 .debug_frame   0x00000e6c       0x2c /opt/Freescale/KDS_v3/toolchain/bin/../lib/gcc/arm-none-eabi/4.8.4/../../../../arm-none-eabi/lib/armv7e-m/fpu/libg_s.a(lib_a-nano-freer.o)
 .debug_frame   0x00000e98       0x2c /opt/Freescale/KDS_v3/toolchain/bin/../lib/gcc/arm-none-eabi/4.8.4/../../../../arm-none-eabi/lib/armv7e-m/fpu/libg_s.a(lib_a-nano-mallocr.o)
 .debug_frame   0x00000ec4       0x30 /opt/Freescale/KDS_v3/toolchain/bin/../lib/gcc/arm-none-eabi/4.8.4/../../../../arm-none-eabi/lib/armv7e-m/fpu/libg_s.a(lib_a-nano-reallocr.o)
 .debug_frame   0x00000ef4       0x2c /opt/Freescale/KDS_v3/toolchain/bin/../lib/gcc/arm-none-eabi/4.8.4/../../../../arm-none-eabi/lib/armv7e-m/fpu/libg_s.a(lib_a-sbrkr.o)
 .debug_frame   0x00000f20       0x20 /opt/Freescale/KDS_v3/toolchain/bin/../lib/gcc/arm-none-eabi/4.8.4/../../../../arm-none-eabi/lib/armv7e-m/fpu/libg_s.a(lib_a-strlen.o)
 .debug_frame   0x00000f40       0x20 /opt/Freescale/KDS_v3/toolchain/bin/../lib/gcc/arm-none-eabi/4.8.4/../../../../arm-none-eabi/lib/armv7e-m/fpu/libg_s.a(lib_a-nano-msizer.o)
 .debug_frame   0x00000f60       0x48 /opt/Freescale/KDS_v3/toolchain/bin/../lib/gcc/arm-none-eabi/4.8.4/../../../../arm-none-eabi/lib/armv7e-m/fpu/libg_s.a(lib_a-reent.o)
 .debug_frame   0x00000fa8       0x20 /opt/Freescale/KDS_v3/toolchain/bin/../lib/gcc/arm-none-eabi/4.8.4/../../../../arm-none-eabi/lib/armv7e-m/fpu/libnosys.a(sbrk.o)
 .debug_frame   0x00000fc8       0x20 /opt/Freescale/KDS_v3/toolchain/bin/../lib/gcc/arm-none-eabi/4.8.4/../../../../arm-none-eabi/lib/armv7e-m/fpu/libnosys.a(_exit.o)

.stabstr        0x00000000      0x14d
 .stabstr       0x00000000      0x14d /opt/Freescale/KDS_v3/toolchain/bin/../lib/gcc/arm-none-eabi/4.8.4/../../../../arm-none-eabi/lib/armv7e-m/fpu/libnosys.a(close.o)
