Archive member included to satisfy reference by file (symbol)

c:/freescale/gcc/bin/../lib/gcc/arm-none-eabi/5.3.1/armv7e-m/fpu\libgcc.a(_aeabi_uldivmod.o)
                              ./Sources/delay.o (__aeabi_uldivmod)
c:/freescale/gcc/bin/../lib/gcc/arm-none-eabi/5.3.1/armv7e-m/fpu\libgcc.a(_udivmoddi4.o)
                              c:/freescale/gcc/bin/../lib/gcc/arm-none-eabi/5.3.1/armv7e-m/fpu\libgcc.a(_aeabi_uldivmod.o) (__udivmoddi4)
c:/freescale/gcc/bin/../lib/gcc/arm-none-eabi/5.3.1/armv7e-m/fpu\libgcc.a(_dvmd_tls.o)
                              c:/freescale/gcc/bin/../lib/gcc/arm-none-eabi/5.3.1/armv7e-m/fpu\libgcc.a(_aeabi_uldivmod.o) (__aeabi_ldiv0)
c:/freescale/gcc/bin/../lib/gcc/arm-none-eabi/5.3.1/../../../../arm-none-eabi/lib/armv7e-m/fpu\libg_nano.a(lib_a-exit.o)
                              c:/freescale/gcc/bin/../lib/gcc/arm-none-eabi/5.3.1/../../../../arm-none-eabi/lib/armv7e-m/fpu/crt0.o (exit)
c:/freescale/gcc/bin/../lib/gcc/arm-none-eabi/5.3.1/../../../../arm-none-eabi/lib/armv7e-m/fpu\libg_nano.a(lib_a-impure.o)
                              c:/freescale/gcc/bin/../lib/gcc/arm-none-eabi/5.3.1/../../../../arm-none-eabi/lib/armv7e-m/fpu\libg_nano.a(lib_a-exit.o) (_global_impure_ptr)
c:/freescale/gcc/bin/../lib/gcc/arm-none-eabi/5.3.1/../../../../arm-none-eabi/lib/armv7e-m/fpu\libg_nano.a(lib_a-init.o)
                              c:/freescale/gcc/bin/../lib/gcc/arm-none-eabi/5.3.1/../../../../arm-none-eabi/lib/armv7e-m/fpu/crt0.o (__libc_init_array)
c:/freescale/gcc/bin/../lib/gcc/arm-none-eabi/5.3.1/../../../../arm-none-eabi/lib/armv7e-m/fpu\libg_nano.a(lib_a-memset.o)
                              c:/freescale/gcc/bin/../lib/gcc/arm-none-eabi/5.3.1/../../../../arm-none-eabi/lib/armv7e-m/fpu/crt0.o (memset)
c:/freescale/gcc/bin/../lib/gcc/arm-none-eabi/5.3.1/../../../../arm-none-eabi/lib/armv7e-m/fpu\libg_nano.a(lib_a-reent.o)
                              ./Startup_Code/newlib_stubs.o (errno)
c:/freescale/gcc/bin/../lib/gcc/arm-none-eabi/5.3.1/../../../../arm-none-eabi/lib/armv7e-m/fpu\libg_nano.a(lib_a-sprintf.o)
                              ./Startup_Code/uart1.o (sprintf)
c:/freescale/gcc/bin/../lib/gcc/arm-none-eabi/5.3.1/../../../../arm-none-eabi/lib/armv7e-m/fpu\libg_nano.a(lib_a-strlen.o)
                              ./Sources/main.o (strlen)
c:/freescale/gcc/bin/../lib/gcc/arm-none-eabi/5.3.1/../../../../arm-none-eabi/lib/armv7e-m/fpu\libg_nano.a(lib_a-nano-freer.o)
                              c:/freescale/gcc/bin/../lib/gcc/arm-none-eabi/5.3.1/../../../../arm-none-eabi/lib/armv7e-m/fpu\libg_nano.a(lib_a-reent.o) (_free_r)
c:/freescale/gcc/bin/../lib/gcc/arm-none-eabi/5.3.1/../../../../arm-none-eabi/lib/armv7e-m/fpu\libg_nano.a(lib_a-nano-mallocr.o)
                              c:/freescale/gcc/bin/../lib/gcc/arm-none-eabi/5.3.1/../../../../arm-none-eabi/lib/armv7e-m/fpu\libg_nano.a(lib_a-nano-freer.o) (__malloc_free_list)
c:/freescale/gcc/bin/../lib/gcc/arm-none-eabi/5.3.1/../../../../arm-none-eabi/lib/armv7e-m/fpu\libg_nano.a(lib_a-nano-svfprintf.o)
                              c:/freescale/gcc/bin/../lib/gcc/arm-none-eabi/5.3.1/../../../../arm-none-eabi/lib/armv7e-m/fpu\libg_nano.a(lib_a-sprintf.o) (_svfprintf_r)
c:/freescale/gcc/bin/../lib/gcc/arm-none-eabi/5.3.1/../../../../arm-none-eabi/lib/armv7e-m/fpu\libg_nano.a(lib_a-nano-vfprintf_i.o)
                              c:/freescale/gcc/bin/../lib/gcc/arm-none-eabi/5.3.1/../../../../arm-none-eabi/lib/armv7e-m/fpu\libg_nano.a(lib_a-nano-svfprintf.o) (_printf_i)
c:/freescale/gcc/bin/../lib/gcc/arm-none-eabi/5.3.1/../../../../arm-none-eabi/lib/armv7e-m/fpu\libg_nano.a(lib_a-sbrkr.o)
                              c:/freescale/gcc/bin/../lib/gcc/arm-none-eabi/5.3.1/../../../../arm-none-eabi/lib/armv7e-m/fpu\libg_nano.a(lib_a-nano-mallocr.o) (_sbrk_r)
c:/freescale/gcc/bin/../lib/gcc/arm-none-eabi/5.3.1/../../../../arm-none-eabi/lib/armv7e-m/fpu\libg_nano.a(lib_a-memchr.o)
                              c:/freescale/gcc/bin/../lib/gcc/arm-none-eabi/5.3.1/../../../../arm-none-eabi/lib/armv7e-m/fpu\libg_nano.a(lib_a-nano-svfprintf.o) (memchr)
c:/freescale/gcc/bin/../lib/gcc/arm-none-eabi/5.3.1/../../../../arm-none-eabi/lib/armv7e-m/fpu\libg_nano.a(lib_a-memcpy-stub.o)
                              c:/freescale/gcc/bin/../lib/gcc/arm-none-eabi/5.3.1/../../../../arm-none-eabi/lib/armv7e-m/fpu\libg_nano.a(lib_a-nano-svfprintf.o) (memcpy)
c:/freescale/gcc/bin/../lib/gcc/arm-none-eabi/5.3.1/../../../../arm-none-eabi/lib/armv7e-m/fpu\libg_nano.a(lib_a-memmove.o)
                              c:/freescale/gcc/bin/../lib/gcc/arm-none-eabi/5.3.1/../../../../arm-none-eabi/lib/armv7e-m/fpu\libg_nano.a(lib_a-nano-svfprintf.o) (memmove)
c:/freescale/gcc/bin/../lib/gcc/arm-none-eabi/5.3.1/../../../../arm-none-eabi/lib/armv7e-m/fpu\libg_nano.a(lib_a-nano-reallocr.o)
                              c:/freescale/gcc/bin/../lib/gcc/arm-none-eabi/5.3.1/../../../../arm-none-eabi/lib/armv7e-m/fpu\libg_nano.a(lib_a-nano-svfprintf.o) (_realloc_r)
c:/freescale/gcc/bin/../lib/gcc/arm-none-eabi/5.3.1/../../../../arm-none-eabi/lib/armv7e-m/fpu\libg_nano.a(lib_a-nano-msizer.o)
                              c:/freescale/gcc/bin/../lib/gcc/arm-none-eabi/5.3.1/../../../../arm-none-eabi/lib/armv7e-m/fpu\libg_nano.a(lib_a-nano-reallocr.o) (_malloc_usable_size_r)

Allocating common symbols
Common symbol       size              file

dest                0xa               ./Startup_Code/uart1.o
errno               0x4               c:/freescale/gcc/bin/../lib/gcc/arm-none-eabi/5.3.1/../../../../arm-none-eabi/lib/armv7e-m/fpu\libg_nano.a(lib_a-reent.o)
strdebug            0xa               ./Startup_Code/uart1.o
recpos              0x2               ./Startup_Code/uart1.o
recievebuf          0xa               ./Startup_Code/uart1.o

Discarded input sections

 .text          0x00000000        0x0 c:/freescale/gcc/bin/../lib/gcc/arm-none-eabi/5.3.1/armv7e-m/fpu/crti.o
 .data          0x00000000        0x0 c:/freescale/gcc/bin/../lib/gcc/arm-none-eabi/5.3.1/armv7e-m/fpu/crti.o
 .bss           0x00000000        0x0 c:/freescale/gcc/bin/../lib/gcc/arm-none-eabi/5.3.1/armv7e-m/fpu/crti.o
 .data          0x00000000        0x4 c:/freescale/gcc/bin/../lib/gcc/arm-none-eabi/5.3.1/armv7e-m/fpu/crtbegin.o
 .data          0x00000000        0x0 c:/freescale/gcc/bin/../lib/gcc/arm-none-eabi/5.3.1/../../../../arm-none-eabi/lib/armv7e-m/fpu/crt0.o
 .bss           0x00000000        0x0 c:/freescale/gcc/bin/../lib/gcc/arm-none-eabi/5.3.1/../../../../arm-none-eabi/lib/armv7e-m/fpu/crt0.o
 .ARM.extab     0x00000000        0x0 c:/freescale/gcc/bin/../lib/gcc/arm-none-eabi/5.3.1/../../../../arm-none-eabi/lib/armv7e-m/fpu/crt0.o
 .group         0x00000000        0x8 ./Startup_Code/clock.o
 .group         0x00000000        0x8 ./Startup_Code/clock.o
 .group         0x00000000        0x8 ./Startup_Code/clock.o
 .group         0x00000000        0x8 ./Startup_Code/clock.o
 .group         0x00000000        0x8 ./Startup_Code/clock.o
 .group         0x00000000        0x8 ./Startup_Code/clock.o
 .group         0x00000000        0x8 ./Startup_Code/clock.o
 .group         0x00000000        0x8 ./Startup_Code/clock.o
 .group         0x00000000        0x8 ./Startup_Code/clock.o
 .group         0x00000000        0x8 ./Startup_Code/clock.o
 .group         0x00000000        0x8 ./Startup_Code/clock.o
 .group         0x00000000        0x8 ./Startup_Code/clock.o
 .group         0x00000000        0x8 ./Startup_Code/clock.o
 .group         0x00000000        0x8 ./Startup_Code/clock.o
 .group         0x00000000        0x8 ./Startup_Code/clock.o
 .group         0x00000000        0x8 ./Startup_Code/clock.o
 .group         0x00000000        0x8 ./Startup_Code/clock.o
 .group         0x00000000        0x8 ./Startup_Code/clock.o
 .group         0x00000000        0x8 ./Startup_Code/clock.o
 .group         0x00000000        0x8 ./Startup_Code/clock.o
 .group         0x00000000        0x8 ./Startup_Code/clock.o
 .group         0x00000000        0x8 ./Startup_Code/clock.o
 .group         0x00000000        0x8 ./Startup_Code/clock.o
 .group         0x00000000        0x8 ./Startup_Code/clock.o
 .group         0x00000000        0x8 ./Startup_Code/clock.o
 .group         0x00000000        0x8 ./Startup_Code/clock.o
 .group         0x00000000        0x8 ./Startup_Code/clock.o
 .group         0x00000000        0x8 ./Startup_Code/clock.o
 .text          0x00000000        0x0 ./Startup_Code/clock.o
 .data          0x00000000        0x0 ./Startup_Code/clock.o
 .bss           0x00000000        0x0 ./Startup_Code/clock.o
 .text.hsRunMode
                0x00000000       0x64 ./Startup_Code/clock.o
 .group         0x00000000        0x8 ./Startup_Code/console.o
 .group         0x00000000        0x8 ./Startup_Code/console.o
 .group         0x00000000        0x8 ./Startup_Code/console.o
 .group         0x00000000        0x8 ./Startup_Code/console.o
 .group         0x00000000        0x8 ./Startup_Code/console.o
 .group         0x00000000        0x8 ./Startup_Code/console.o
 .group         0x00000000        0x8 ./Startup_Code/console.o
 .group         0x00000000        0x8 ./Startup_Code/console.o
 .group         0x00000000        0x8 ./Startup_Code/console.o
 .group         0x00000000        0x8 ./Startup_Code/console.o
 .group         0x00000000        0x8 ./Startup_Code/console.o
 .group         0x00000000        0x8 ./Startup_Code/console.o
 .group         0x00000000        0x8 ./Startup_Code/console.o
 .group         0x00000000        0x8 ./Startup_Code/console.o
 .group         0x00000000        0x8 ./Startup_Code/console.o
 .text          0x00000000        0x0 ./Startup_Code/console.o
 .data          0x00000000        0x0 ./Startup_Code/console.o
 .bss           0x00000000        0x0 ./Startup_Code/console.o
 .text.console_initialise
                0x00000000       0xf0 ./Startup_Code/console.o
 .text.console_txChar
                0x00000000       0x30 ./Startup_Code/console.o
 .text.console_rxChar
                0x00000000       0x48 ./Startup_Code/console.o
 .debug_info    0x00000000      0x4f0 ./Startup_Code/console.o
 .debug_abbrev  0x00000000      0x176 ./Startup_Code/console.o
 .debug_aranges
                0x00000000       0x30 ./Startup_Code/console.o
 .debug_ranges  0x00000000       0x20 ./Startup_Code/console.o
 .debug_macro   0x00000000       0xe4 ./Startup_Code/console.o
 .debug_macro   0x00000000      0x892 ./Startup_Code/console.o
 .debug_macro   0x00000000       0x22 ./Startup_Code/console.o
 .debug_macro   0x00000000       0x4f ./Startup_Code/console.o
 .debug_macro   0x00000000       0x44 ./Startup_Code/console.o
 .debug_macro   0x00000000       0xfd ./Startup_Code/console.o
 .debug_macro   0x00000000       0x22 ./Startup_Code/console.o
 .debug_macro   0x00000000      0x1df ./Startup_Code/console.o
 .debug_macro   0x00000000       0x2e ./Startup_Code/console.o
 .debug_macro   0x00000000       0x3b ./Startup_Code/console.o
 .debug_macro   0x00000000       0x2d ./Startup_Code/console.o
 .debug_macro   0x00000000       0x26 ./Startup_Code/console.o
 .debug_macro   0x00000000      0xc13 ./Startup_Code/console.o
 .debug_macro   0x00000000       0x10 ./Startup_Code/console.o
 .debug_macro   0x00000000     0x764e ./Startup_Code/console.o
 .debug_macro   0x00000000      0x391 ./Startup_Code/console.o
 .debug_line    0x00000000      0x273 ./Startup_Code/console.o
 .debug_str     0x00000000    0x3bb05 ./Startup_Code/console.o
 .comment       0x00000000       0x6f ./Startup_Code/console.o
 .debug_frame   0x00000000       0x88 ./Startup_Code/console.o
 .ARM.attributes
                0x00000000       0x39 ./Startup_Code/console.o
 .group         0x00000000        0x8 ./Startup_Code/newlib_stubs.o
 .group         0x00000000        0x8 ./Startup_Code/newlib_stubs.o
 .group         0x00000000        0x8 ./Startup_Code/newlib_stubs.o
 .group         0x00000000        0x8 ./Startup_Code/newlib_stubs.o
 .group         0x00000000        0x8 ./Startup_Code/newlib_stubs.o
 .group         0x00000000        0x8 ./Startup_Code/newlib_stubs.o
 .group         0x00000000        0x8 ./Startup_Code/newlib_stubs.o
 .group         0x00000000        0x8 ./Startup_Code/newlib_stubs.o
 .group         0x00000000        0x8 ./Startup_Code/newlib_stubs.o
 .group         0x00000000        0x8 ./Startup_Code/newlib_stubs.o
 .group         0x00000000        0x8 ./Startup_Code/newlib_stubs.o
 .group         0x00000000        0x8 ./Startup_Code/newlib_stubs.o
 .group         0x00000000        0x8 ./Startup_Code/newlib_stubs.o
 .group         0x00000000        0x8 ./Startup_Code/newlib_stubs.o
 .group         0x00000000        0x8 ./Startup_Code/newlib_stubs.o
 .group         0x00000000        0x8 ./Startup_Code/newlib_stubs.o
 .group         0x00000000        0x8 ./Startup_Code/newlib_stubs.o
 .group         0x00000000        0x8 ./Startup_Code/newlib_stubs.o
 .group         0x00000000        0x8 ./Startup_Code/newlib_stubs.o
 .group         0x00000000        0x8 ./Startup_Code/newlib_stubs.o
 .group         0x00000000        0x8 ./Startup_Code/newlib_stubs.o
 .group         0x00000000        0x8 ./Startup_Code/newlib_stubs.o
 .group         0x00000000        0x8 ./Startup_Code/newlib_stubs.o
 .group         0x00000000        0x8 ./Startup_Code/newlib_stubs.o
 .group         0x00000000        0x8 ./Startup_Code/newlib_stubs.o
 .group         0x00000000        0x8 ./Startup_Code/newlib_stubs.o
 .group         0x00000000        0x8 ./Startup_Code/newlib_stubs.o
 .group         0x00000000        0x8 ./Startup_Code/newlib_stubs.o
 .text          0x00000000        0x0 ./Startup_Code/newlib_stubs.o
 .data          0x00000000        0x0 ./Startup_Code/newlib_stubs.o
 .bss           0x00000000        0x0 ./Startup_Code/newlib_stubs.o
 .text.console_txChar
                0x00000000       0x14 ./Startup_Code/newlib_stubs.o
 .text.console_rxChar
                0x00000000       0x10 ./Startup_Code/newlib_stubs.o
 .bss.__env     0x00000000        0x4 ./Startup_Code/newlib_stubs.o
 .data.environ  0x00000000        0x4 ./Startup_Code/newlib_stubs.o
 .text._close   0x00000000       0x18 ./Startup_Code/newlib_stubs.o
 .text._execve  0x00000000       0x28 ./Startup_Code/newlib_stubs.o
 .text._fork    0x00000000       0x1c ./Startup_Code/newlib_stubs.o
 .text._fstat   0x00000000       0x20 ./Startup_Code/newlib_stubs.o
 .text._getpid  0x00000000       0x10 ./Startup_Code/newlib_stubs.o
 .text._isatty  0x00000000       0x2c ./Startup_Code/newlib_stubs.o
 .text._kill    0x00000000       0x24 ./Startup_Code/newlib_stubs.o
 .text._link    0x00000000       0x24 ./Startup_Code/newlib_stubs.o
 .text._lseek   0x00000000       0x1c ./Startup_Code/newlib_stubs.o
 .text._stat    0x00000000       0x20 ./Startup_Code/newlib_stubs.o
 .text._times   0x00000000       0x18 ./Startup_Code/newlib_stubs.o
 .text._unlink  0x00000000       0x24 ./Startup_Code/newlib_stubs.o
 .text._wait    0x00000000       0x24 ./Startup_Code/newlib_stubs.o
 .text.os_tmr_call
                0x00000000       0x18 ./Startup_Code/newlib_stubs.o
 .text._usbdm_read
                0x00000000       0x58 ./Startup_Code/newlib_stubs.o
 .text._usbdm_write
                0x00000000       0x60 ./Startup_Code/newlib_stubs.o
 .debug_macro   0x00000000      0x892 ./Startup_Code/newlib_stubs.o
 .debug_macro   0x00000000       0x22 ./Startup_Code/newlib_stubs.o
 .debug_macro   0x00000000       0x4c ./Startup_Code/newlib_stubs.o
 .debug_macro   0x00000000       0x55 ./Startup_Code/newlib_stubs.o
 .debug_macro   0x00000000       0x35 ./Startup_Code/newlib_stubs.o
 .debug_macro   0x00000000       0x9c ./Startup_Code/newlib_stubs.o
 .debug_macro   0x00000000      0x174 ./Startup_Code/newlib_stubs.o
 .debug_macro   0x00000000       0x4a ./Startup_Code/newlib_stubs.o
 .debug_macro   0x00000000       0x52 ./Startup_Code/newlib_stubs.o
 .debug_macro   0x00000000       0x16 ./Startup_Code/newlib_stubs.o
 .debug_macro   0x00000000       0x43 ./Startup_Code/newlib_stubs.o
 .debug_macro   0x00000000      0x187 ./Startup_Code/newlib_stubs.o
 .debug_macro   0x00000000       0xfd ./Startup_Code/newlib_stubs.o
 .debug_macro   0x00000000       0x22 ./Startup_Code/newlib_stubs.o
 .debug_macro   0x00000000      0x1df ./Startup_Code/newlib_stubs.o
 .debug_macro   0x00000000      0x30d ./Startup_Code/newlib_stubs.o
 .debug_macro   0x00000000       0x35 ./Startup_Code/newlib_stubs.o
 .data          0x00000000        0x0 ./Startup_Code/startup_ARMLtdGCC.o
 .bss           0x00000000        0x0 ./Startup_Code/startup_ARMLtdGCC.o
 .group         0x00000000        0x8 ./Startup_Code/system.o
 .group         0x00000000        0x8 ./Startup_Code/system.o
 .group         0x00000000        0x8 ./Startup_Code/system.o
 .group         0x00000000        0x8 ./Startup_Code/system.o
 .group         0x00000000        0x8 ./Startup_Code/system.o
 .group         0x00000000        0x8 ./Startup_Code/system.o
 .group         0x00000000        0x8 ./Startup_Code/system.o
 .group         0x00000000        0x8 ./Startup_Code/system.o
 .group         0x00000000        0x8 ./Startup_Code/system.o
 .group         0x00000000        0x8 ./Startup_Code/system.o
 .group         0x00000000        0x8 ./Startup_Code/system.o
 .group         0x00000000        0x8 ./Startup_Code/system.o
 .group         0x00000000        0x8 ./Startup_Code/system.o
 .group         0x00000000        0x8 ./Startup_Code/system.o
 .text          0x00000000        0x0 ./Startup_Code/system.o
 .data          0x00000000        0x0 ./Startup_Code/system.o
 .bss           0x00000000        0x0 ./Startup_Code/system.o
 .text.SystemCoreClockUpdate
                0x00000000       0x10 ./Startup_Code/system.o
 .data.SystemBusClock
                0x00000000        0x4 ./Startup_Code/system.o
 .data.SystemCoreClock
                0x00000000        0x4 ./Startup_Code/system.o
 .text.clock_initialise
                0x00000000       0x10 ./Startup_Code/system.o
 .text.console_initialise
                0x00000000       0x14 ./Startup_Code/system.o
 .debug_macro   0x00000000      0x892 ./Startup_Code/system.o
 .debug_macro   0x00000000       0x22 ./Startup_Code/system.o
 .debug_macro   0x00000000       0x4f ./Startup_Code/system.o
 .debug_macro   0x00000000       0x44 ./Startup_Code/system.o
 .debug_macro   0x00000000       0xfd ./Startup_Code/system.o
 .debug_macro   0x00000000       0x22 ./Startup_Code/system.o
 .debug_macro   0x00000000      0x1df ./Startup_Code/system.o
 .debug_macro   0x00000000       0x3b ./Startup_Code/system.o
 .debug_macro   0x00000000       0x2d ./Startup_Code/system.o
 .debug_macro   0x00000000       0x26 ./Startup_Code/system.o
 .debug_macro   0x00000000      0xc13 ./Startup_Code/system.o
 .debug_macro   0x00000000       0x10 ./Startup_Code/system.o
 .debug_macro   0x00000000     0x764e ./Startup_Code/system.o
 .group         0x00000000        0x8 ./Startup_Code/uart1.o
 .group         0x00000000        0x8 ./Startup_Code/uart1.o
 .group         0x00000000        0x8 ./Startup_Code/uart1.o
 .group         0x00000000        0x8 ./Startup_Code/uart1.o
 .group         0x00000000        0x8 ./Startup_Code/uart1.o
 .group         0x00000000        0x8 ./Startup_Code/uart1.o
 .group         0x00000000        0x8 ./Startup_Code/uart1.o
 .group         0x00000000        0x8 ./Startup_Code/uart1.o
 .group         0x00000000        0x8 ./Startup_Code/uart1.o
 .group         0x00000000        0x8 ./Startup_Code/uart1.o
 .group         0x00000000        0x8 ./Startup_Code/uart1.o
 .group         0x00000000        0x8 ./Startup_Code/uart1.o
 .group         0x00000000        0x8 ./Startup_Code/uart1.o
 .group         0x00000000        0x8 ./Startup_Code/uart1.o
 .group         0x00000000        0x8 ./Startup_Code/uart1.o
 .group         0x00000000        0x8 ./Startup_Code/uart1.o
 .group         0x00000000        0x8 ./Startup_Code/uart1.o
 .group         0x00000000        0x8 ./Startup_Code/uart1.o
 .group         0x00000000        0x8 ./Startup_Code/uart1.o
 .group         0x00000000        0x8 ./Startup_Code/uart1.o
 .group         0x00000000        0x8 ./Startup_Code/uart1.o
 .group         0x00000000        0x8 ./Startup_Code/uart1.o
 .group         0x00000000        0x8 ./Startup_Code/uart1.o
 .group         0x00000000        0x8 ./Startup_Code/uart1.o
 .group         0x00000000        0x8 ./Startup_Code/uart1.o
 .group         0x00000000        0x8 ./Startup_Code/uart1.o
 .group         0x00000000        0x8 ./Startup_Code/uart1.o
 .group         0x00000000        0x8 ./Startup_Code/uart1.o
 .group         0x00000000        0x8 ./Startup_Code/uart1.o
 .group         0x00000000        0x8 ./Startup_Code/uart1.o
 .group         0x00000000        0x8 ./Startup_Code/uart1.o
 .text          0x00000000        0x0 ./Startup_Code/uart1.o
 .data          0x00000000        0x0 ./Startup_Code/uart1.o
 .bss           0x00000000        0x0 ./Startup_Code/uart1.o
 .text.UART1_txChar
                0x00000000       0x30 ./Startup_Code/uart1.o
 .data.source   0x00000000        0xa ./Startup_Code/uart1.o
 .text.dma_idiotentest
                0x00000000      0x154 ./Startup_Code/uart1.o
 .bss.counter_idiotentest
                0x00000000        0x4 ./Startup_Code/uart1.o
 .rodata        0x00000000        0x3 ./Startup_Code/uart1.o
 .text.print_idiotentest
                0x00000000       0x40 ./Startup_Code/uart1.o
 .text.UART1_print_rec_buf
                0x00000000       0x14 ./Startup_Code/uart1.o
 .debug_macro   0x00000000      0x892 ./Startup_Code/uart1.o
 .debug_macro   0x00000000       0x22 ./Startup_Code/uart1.o
 .debug_macro   0x00000000       0x4f ./Startup_Code/uart1.o
 .debug_macro   0x00000000       0x44 ./Startup_Code/uart1.o
 .debug_macro   0x00000000       0xfd ./Startup_Code/uart1.o
 .debug_macro   0x00000000       0x22 ./Startup_Code/uart1.o
 .debug_macro   0x00000000      0x1df ./Startup_Code/uart1.o
 .debug_macro   0x00000000       0x2e ./Startup_Code/uart1.o
 .debug_macro   0x00000000       0x3b ./Startup_Code/uart1.o
 .debug_macro   0x00000000       0x2d ./Startup_Code/uart1.o
 .debug_macro   0x00000000       0x26 ./Startup_Code/uart1.o
 .debug_macro   0x00000000      0xc13 ./Startup_Code/uart1.o
 .debug_macro   0x00000000       0x10 ./Startup_Code/uart1.o
 .debug_macro   0x00000000     0x764e ./Startup_Code/uart1.o
 .debug_macro   0x00000000      0x391 ./Startup_Code/uart1.o
 .debug_macro   0x00000000       0x35 ./Startup_Code/uart1.o
 .debug_macro   0x00000000       0x9c ./Startup_Code/uart1.o
 .debug_macro   0x00000000      0x30d ./Startup_Code/uart1.o
 .debug_macro   0x00000000       0x52 ./Startup_Code/uart1.o
 .debug_macro   0x00000000       0x16 ./Startup_Code/uart1.o
 .debug_macro   0x00000000       0x43 ./Startup_Code/uart1.o
 .debug_macro   0x00000000      0x187 ./Startup_Code/uart1.o
 .debug_macro   0x00000000       0x22 ./Startup_Code/uart1.o
 .debug_macro   0x00000000       0x55 ./Startup_Code/uart1.o
 .group         0x00000000        0x8 ./Startup_Code/vectors.o
 .group         0x00000000        0x8 ./Startup_Code/vectors.o
 .group         0x00000000        0x8 ./Startup_Code/vectors.o
 .group         0x00000000        0x8 ./Startup_Code/vectors.o
 .group         0x00000000        0x8 ./Startup_Code/vectors.o
 .group         0x00000000        0x8 ./Startup_Code/vectors.o
 .group         0x00000000        0x8 ./Startup_Code/vectors.o
 .group         0x00000000        0x8 ./Startup_Code/vectors.o
 .group         0x00000000        0x8 ./Startup_Code/vectors.o
 .group         0x00000000        0x8 ./Startup_Code/vectors.o
 .group         0x00000000        0x8 ./Startup_Code/vectors.o
 .group         0x00000000        0x8 ./Startup_Code/vectors.o
 .group         0x00000000        0x8 ./Startup_Code/vectors.o
 .group         0x00000000        0x8 ./Startup_Code/vectors.o
 .group         0x00000000        0x8 ./Startup_Code/vectors.o
 .group         0x00000000        0x8 ./Startup_Code/vectors.o
 .group         0x00000000        0x8 ./Startup_Code/vectors.o
 .group         0x00000000        0x8 ./Startup_Code/vectors.o
 .group         0x00000000        0x8 ./Startup_Code/vectors.o
 .group         0x00000000        0x8 ./Startup_Code/vectors.o
 .group         0x00000000        0x8 ./Startup_Code/vectors.o
 .group         0x00000000        0x8 ./Startup_Code/vectors.o
 .group         0x00000000        0x8 ./Startup_Code/vectors.o
 .group         0x00000000        0x8 ./Startup_Code/vectors.o
 .group         0x00000000        0x8 ./Startup_Code/vectors.o
 .text          0x00000000        0x0 ./Startup_Code/vectors.o
 .data          0x00000000        0x0 ./Startup_Code/vectors.o
 .bss           0x00000000        0x0 ./Startup_Code/vectors.o
 .debug_macro   0x00000000      0x892 ./Startup_Code/vectors.o
 .debug_macro   0x00000000       0x22 ./Startup_Code/vectors.o
 .debug_macro   0x00000000       0x4f ./Startup_Code/vectors.o
 .debug_macro   0x00000000       0x44 ./Startup_Code/vectors.o
 .debug_macro   0x00000000       0xfd ./Startup_Code/vectors.o
 .debug_macro   0x00000000       0x22 ./Startup_Code/vectors.o
 .debug_macro   0x00000000      0x1df ./Startup_Code/vectors.o
 .debug_macro   0x00000000       0x52 ./Startup_Code/vectors.o
 .debug_macro   0x00000000       0x35 ./Startup_Code/vectors.o
 .debug_macro   0x00000000       0x9c ./Startup_Code/vectors.o
 .debug_macro   0x00000000      0x174 ./Startup_Code/vectors.o
 .debug_macro   0x00000000       0x52 ./Startup_Code/vectors.o
 .debug_macro   0x00000000       0x16 ./Startup_Code/vectors.o
 .debug_macro   0x00000000       0x43 ./Startup_Code/vectors.o
 .debug_macro   0x00000000      0x187 ./Startup_Code/vectors.o
 .debug_macro   0x00000000      0x30d ./Startup_Code/vectors.o
 .debug_macro   0x00000000       0x10 ./Startup_Code/vectors.o
 .debug_macro   0x00000000       0x35 ./Startup_Code/vectors.o
 .debug_macro   0x00000000       0x34 ./Startup_Code/vectors.o
 .debug_macro   0x00000000       0x3b ./Startup_Code/vectors.o
 .debug_macro   0x00000000       0x2d ./Startup_Code/vectors.o
 .debug_macro   0x00000000       0x26 ./Startup_Code/vectors.o
 .debug_macro   0x00000000      0xc13 ./Startup_Code/vectors.o
 .debug_macro   0x00000000       0x10 ./Startup_Code/vectors.o
 .debug_macro   0x00000000     0x764e ./Startup_Code/vectors.o
 .group         0x00000000        0x8 ./Sources/delay.o
 .group         0x00000000        0x8 ./Sources/delay.o
 .group         0x00000000        0x8 ./Sources/delay.o
 .group         0x00000000        0x8 ./Sources/delay.o
 .group         0x00000000        0x8 ./Sources/delay.o
 .group         0x00000000        0x8 ./Sources/delay.o
 .group         0x00000000        0x8 ./Sources/delay.o
 .group         0x00000000        0x8 ./Sources/delay.o
 .group         0x00000000        0x8 ./Sources/delay.o
 .group         0x00000000        0x8 ./Sources/delay.o
 .group         0x00000000        0x8 ./Sources/delay.o
 .group         0x00000000        0x8 ./Sources/delay.o
 .group         0x00000000        0x8 ./Sources/delay.o
 .group         0x00000000        0x8 ./Sources/delay.o
 .text          0x00000000        0x0 ./Sources/delay.o
 .data          0x00000000        0x0 ./Sources/delay.o
 .bss           0x00000000        0x0 ./Sources/delay.o
 .data.TIMER_MASK
                0x00000000        0x4 ./Sources/delay.o
 .text.enableTimer
                0x00000000       0x20 ./Sources/delay.o
 .text.getTicks
                0x00000000       0x18 ./Sources/delay.o
 .text.waitTicks
                0x00000000       0x58 ./Sources/delay.o
 .text.waitUS   0x00000000       0x50 ./Sources/delay.o
 .text.waitMS   0x00000000       0x50 ./Sources/delay.o
 .debug_info    0x00000000      0x208 ./Sources/delay.o
 .debug_abbrev  0x00000000      0x134 ./Sources/delay.o
 .debug_aranges
                0x00000000       0x40 ./Sources/delay.o
 .debug_ranges  0x00000000       0x30 ./Sources/delay.o
 .debug_macro   0x00000000       0xb7 ./Sources/delay.o
 .debug_macro   0x00000000      0x892 ./Sources/delay.o
 .debug_macro   0x00000000       0x22 ./Sources/delay.o
 .debug_macro   0x00000000       0x4f ./Sources/delay.o
 .debug_macro   0x00000000       0x44 ./Sources/delay.o
 .debug_macro   0x00000000       0xfd ./Sources/delay.o
 .debug_macro   0x00000000       0x22 ./Sources/delay.o
 .debug_macro   0x00000000      0x1df ./Sources/delay.o
 .debug_macro   0x00000000       0x34 ./Sources/delay.o
 .debug_macro   0x00000000       0x3b ./Sources/delay.o
 .debug_macro   0x00000000       0x2d ./Sources/delay.o
 .debug_macro   0x00000000       0x26 ./Sources/delay.o
 .debug_macro   0x00000000      0xc13 ./Sources/delay.o
 .debug_macro   0x00000000       0x10 ./Sources/delay.o
 .debug_macro   0x00000000     0x764e ./Sources/delay.o
 .debug_line    0x00000000      0x26a ./Sources/delay.o
 .debug_str     0x00000000    0x3a751 ./Sources/delay.o
 .comment       0x00000000       0x6f ./Sources/delay.o
 .debug_frame   0x00000000       0xc8 ./Sources/delay.o
 .ARM.attributes
                0x00000000       0x39 ./Sources/delay.o
 .group         0x00000000        0x8 ./Sources/leds.o
 .group         0x00000000        0x8 ./Sources/leds.o
 .group         0x00000000        0x8 ./Sources/leds.o
 .group         0x00000000        0x8 ./Sources/leds.o
 .group         0x00000000        0x8 ./Sources/leds.o
 .group         0x00000000        0x8 ./Sources/leds.o
 .group         0x00000000        0x8 ./Sources/leds.o
 .group         0x00000000        0x8 ./Sources/leds.o
 .group         0x00000000        0x8 ./Sources/leds.o
 .group         0x00000000        0x8 ./Sources/leds.o
 .group         0x00000000        0x8 ./Sources/leds.o
 .group         0x00000000        0x8 ./Sources/leds.o
 .group         0x00000000        0x8 ./Sources/leds.o
 .group         0x00000000        0x8 ./Sources/leds.o
 .group         0x00000000        0x8 ./Sources/leds.o
 .group         0x00000000        0x8 ./Sources/leds.o
 .text          0x00000000        0x0 ./Sources/leds.o
 .data          0x00000000        0x0 ./Sources/leds.o
 .bss           0x00000000        0x0 ./Sources/leds.o
 .text.greenLedOn
                0x00000000       0x18 ./Sources/leds.o
 .text.redLedToggle
                0x00000000       0x18 ./Sources/leds.o
 .text.blueLedOn
                0x00000000       0x18 ./Sources/leds.o
 .text.blueLedToggle
                0x00000000       0x18 ./Sources/leds.o
 .text.blueLedEnable
                0x00000000       0x20 ./Sources/leds.o
 .text.blueLedDisable
                0x00000000       0x20 ./Sources/leds.o
 .debug_macro   0x00000000      0x892 ./Sources/leds.o
 .debug_macro   0x00000000       0x22 ./Sources/leds.o
 .debug_macro   0x00000000       0x4f ./Sources/leds.o
 .debug_macro   0x00000000       0x44 ./Sources/leds.o
 .debug_macro   0x00000000       0xfd ./Sources/leds.o
 .debug_macro   0x00000000       0x22 ./Sources/leds.o
 .debug_macro   0x00000000      0x1df ./Sources/leds.o
 .debug_macro   0x00000000       0x2e ./Sources/leds.o
 .debug_macro   0x00000000       0x3b ./Sources/leds.o
 .debug_macro   0x00000000       0x2d ./Sources/leds.o
 .debug_macro   0x00000000       0x26 ./Sources/leds.o
 .debug_macro   0x00000000      0xc13 ./Sources/leds.o
 .debug_macro   0x00000000       0x10 ./Sources/leds.o
 .debug_macro   0x00000000     0x764e ./Sources/leds.o
 .debug_macro   0x00000000       0x52 ./Sources/leds.o
 .group         0x00000000        0x8 ./Sources/main.o
 .group         0x00000000        0x8 ./Sources/main.o
 .group         0x00000000        0x8 ./Sources/main.o
 .group         0x00000000        0x8 ./Sources/main.o
 .group         0x00000000        0x8 ./Sources/main.o
 .group         0x00000000        0x8 ./Sources/main.o
 .group         0x00000000        0x8 ./Sources/main.o
 .group         0x00000000        0x8 ./Sources/main.o
 .group         0x00000000        0x8 ./Sources/main.o
 .group         0x00000000        0x8 ./Sources/main.o
 .group         0x00000000        0x8 ./Sources/main.o
 .group         0x00000000        0x8 ./Sources/main.o
 .group         0x00000000        0x8 ./Sources/main.o
 .group         0x00000000        0x8 ./Sources/main.o
 .group         0x00000000        0x8 ./Sources/main.o
 .group         0x00000000        0x8 ./Sources/main.o
 .group         0x00000000        0x8 ./Sources/main.o
 .group         0x00000000        0x8 ./Sources/main.o
 .group         0x00000000        0x8 ./Sources/main.o
 .group         0x00000000        0x8 ./Sources/main.o
 .group         0x00000000        0x8 ./Sources/main.o
 .group         0x00000000        0x8 ./Sources/main.o
 .group         0x00000000        0x8 ./Sources/main.o
 .group         0x00000000        0x8 ./Sources/main.o
 .group         0x00000000        0x8 ./Sources/main.o
 .group         0x00000000        0x8 ./Sources/main.o
 .group         0x00000000        0x8 ./Sources/main.o
 .group         0x00000000        0x8 ./Sources/main.o
 .group         0x00000000        0x8 ./Sources/main.o
 .group         0x00000000        0x8 ./Sources/main.o
 .group         0x00000000        0x8 ./Sources/main.o
 .group         0x00000000        0x8 ./Sources/main.o
 .group         0x00000000        0x8 ./Sources/main.o
 .text          0x00000000        0x0 ./Sources/main.o
 .data          0x00000000        0x0 ./Sources/main.o
 .bss           0x00000000        0x0 ./Sources/main.o
 .debug_macro   0x00000000      0x892 ./Sources/main.o
 .debug_macro   0x00000000       0x22 ./Sources/main.o
 .debug_macro   0x00000000       0x4c ./Sources/main.o
 .debug_macro   0x00000000       0x55 ./Sources/main.o
 .debug_macro   0x00000000       0x35 ./Sources/main.o
 .debug_macro   0x00000000       0x9c ./Sources/main.o
 .debug_macro   0x00000000       0x16 ./Sources/main.o
 .debug_macro   0x00000000       0x4a ./Sources/main.o
 .debug_macro   0x00000000       0x97 ./Sources/main.o
 .debug_macro   0x00000000      0x30d ./Sources/main.o
 .debug_macro   0x00000000       0xfd ./Sources/main.o
 .debug_macro   0x00000000       0x10 ./Sources/main.o
 .debug_macro   0x00000000       0x52 ./Sources/main.o
 .debug_macro   0x00000000       0x16 ./Sources/main.o
 .debug_macro   0x00000000       0x43 ./Sources/main.o
 .debug_macro   0x00000000      0x187 ./Sources/main.o
 .debug_macro   0x00000000       0x22 ./Sources/main.o
 .debug_macro   0x00000000       0x22 ./Sources/main.o
 .debug_macro   0x00000000       0x55 ./Sources/main.o
 .debug_macro   0x00000000       0x16 ./Sources/main.o
 .debug_macro   0x00000000      0x143 ./Sources/main.o
 .debug_macro   0x00000000       0xfd ./Sources/main.o
 .debug_macro   0x00000000      0x1df ./Sources/main.o
 .debug_macro   0x00000000       0x34 ./Sources/main.o
 .debug_macro   0x00000000       0x3b ./Sources/main.o
 .debug_macro   0x00000000       0x2d ./Sources/main.o
 .debug_macro   0x00000000       0x26 ./Sources/main.o
 .debug_macro   0x00000000      0xc13 ./Sources/main.o
 .debug_macro   0x00000000     0x764e ./Sources/main.o
 .debug_macro   0x00000000       0x52 ./Sources/main.o
 .debug_macro   0x00000000      0x391 ./Sources/main.o
 .debug_macro   0x00000000       0x35 ./Sources/main.o
 .text          0x00000000       0x30 c:/freescale/gcc/bin/../lib/gcc/arm-none-eabi/5.3.1/armv7e-m/fpu\libgcc.a(_aeabi_uldivmod.o)
 .data          0x00000000        0x0 c:/freescale/gcc/bin/../lib/gcc/arm-none-eabi/5.3.1/armv7e-m/fpu\libgcc.a(_aeabi_uldivmod.o)
 .bss           0x00000000        0x0 c:/freescale/gcc/bin/../lib/gcc/arm-none-eabi/5.3.1/armv7e-m/fpu\libgcc.a(_aeabi_uldivmod.o)
 .debug_frame   0x00000000       0x2c c:/freescale/gcc/bin/../lib/gcc/arm-none-eabi/5.3.1/armv7e-m/fpu\libgcc.a(_aeabi_uldivmod.o)
 .ARM.attributes
                0x00000000       0x22 c:/freescale/gcc/bin/../lib/gcc/arm-none-eabi/5.3.1/armv7e-m/fpu\libgcc.a(_aeabi_uldivmod.o)
 .text          0x00000000      0x2e4 c:/freescale/gcc/bin/../lib/gcc/arm-none-eabi/5.3.1/armv7e-m/fpu\libgcc.a(_udivmoddi4.o)
 .data          0x00000000        0x0 c:/freescale/gcc/bin/../lib/gcc/arm-none-eabi/5.3.1/armv7e-m/fpu\libgcc.a(_udivmoddi4.o)
 .bss           0x00000000        0x0 c:/freescale/gcc/bin/../lib/gcc/arm-none-eabi/5.3.1/armv7e-m/fpu\libgcc.a(_udivmoddi4.o)
 .ARM.extab     0x00000000        0x0 c:/freescale/gcc/bin/../lib/gcc/arm-none-eabi/5.3.1/armv7e-m/fpu\libgcc.a(_udivmoddi4.o)
 .ARM.exidx     0x00000000        0x8 c:/freescale/gcc/bin/../lib/gcc/arm-none-eabi/5.3.1/armv7e-m/fpu\libgcc.a(_udivmoddi4.o)
 .debug_frame   0x00000000       0x34 c:/freescale/gcc/bin/../lib/gcc/arm-none-eabi/5.3.1/armv7e-m/fpu\libgcc.a(_udivmoddi4.o)
 .ARM.attributes
                0x00000000       0x34 c:/freescale/gcc/bin/../lib/gcc/arm-none-eabi/5.3.1/armv7e-m/fpu\libgcc.a(_udivmoddi4.o)
 .text          0x00000000        0x4 c:/freescale/gcc/bin/../lib/gcc/arm-none-eabi/5.3.1/armv7e-m/fpu\libgcc.a(_dvmd_tls.o)
 .data          0x00000000        0x0 c:/freescale/gcc/bin/../lib/gcc/arm-none-eabi/5.3.1/armv7e-m/fpu\libgcc.a(_dvmd_tls.o)
 .bss           0x00000000        0x0 c:/freescale/gcc/bin/../lib/gcc/arm-none-eabi/5.3.1/armv7e-m/fpu\libgcc.a(_dvmd_tls.o)
 .ARM.attributes
                0x00000000       0x22 c:/freescale/gcc/bin/../lib/gcc/arm-none-eabi/5.3.1/armv7e-m/fpu\libgcc.a(_dvmd_tls.o)
 .text          0x00000000        0x0 c:/freescale/gcc/bin/../lib/gcc/arm-none-eabi/5.3.1/../../../../arm-none-eabi/lib/armv7e-m/fpu\libg_nano.a(lib_a-exit.o)
 .data          0x00000000        0x0 c:/freescale/gcc/bin/../lib/gcc/arm-none-eabi/5.3.1/../../../../arm-none-eabi/lib/armv7e-m/fpu\libg_nano.a(lib_a-exit.o)
 .bss           0x00000000        0x0 c:/freescale/gcc/bin/../lib/gcc/arm-none-eabi/5.3.1/../../../../arm-none-eabi/lib/armv7e-m/fpu\libg_nano.a(lib_a-exit.o)
 .text          0x00000000        0x0 c:/freescale/gcc/bin/../lib/gcc/arm-none-eabi/5.3.1/../../../../arm-none-eabi/lib/armv7e-m/fpu\libg_nano.a(lib_a-impure.o)
 .data          0x00000000        0x0 c:/freescale/gcc/bin/../lib/gcc/arm-none-eabi/5.3.1/../../../../arm-none-eabi/lib/armv7e-m/fpu\libg_nano.a(lib_a-impure.o)
 .bss           0x00000000        0x0 c:/freescale/gcc/bin/../lib/gcc/arm-none-eabi/5.3.1/../../../../arm-none-eabi/lib/armv7e-m/fpu\libg_nano.a(lib_a-impure.o)
 .text          0x00000000        0x0 c:/freescale/gcc/bin/../lib/gcc/arm-none-eabi/5.3.1/../../../../arm-none-eabi/lib/armv7e-m/fpu\libg_nano.a(lib_a-init.o)
 .data          0x00000000        0x0 c:/freescale/gcc/bin/../lib/gcc/arm-none-eabi/5.3.1/../../../../arm-none-eabi/lib/armv7e-m/fpu\libg_nano.a(lib_a-init.o)
 .bss           0x00000000        0x0 c:/freescale/gcc/bin/../lib/gcc/arm-none-eabi/5.3.1/../../../../arm-none-eabi/lib/armv7e-m/fpu\libg_nano.a(lib_a-init.o)
 .text          0x00000000        0x0 c:/freescale/gcc/bin/../lib/gcc/arm-none-eabi/5.3.1/../../../../arm-none-eabi/lib/armv7e-m/fpu\libg_nano.a(lib_a-memset.o)
 .data          0x00000000        0x0 c:/freescale/gcc/bin/../lib/gcc/arm-none-eabi/5.3.1/../../../../arm-none-eabi/lib/armv7e-m/fpu\libg_nano.a(lib_a-memset.o)
 .bss           0x00000000        0x0 c:/freescale/gcc/bin/../lib/gcc/arm-none-eabi/5.3.1/../../../../arm-none-eabi/lib/armv7e-m/fpu\libg_nano.a(lib_a-memset.o)
 .text          0x00000000        0x0 c:/freescale/gcc/bin/../lib/gcc/arm-none-eabi/5.3.1/../../../../arm-none-eabi/lib/armv7e-m/fpu\libg_nano.a(lib_a-reent.o)
 .data          0x00000000        0x0 c:/freescale/gcc/bin/../lib/gcc/arm-none-eabi/5.3.1/../../../../arm-none-eabi/lib/armv7e-m/fpu\libg_nano.a(lib_a-reent.o)
 .bss           0x00000000        0x0 c:/freescale/gcc/bin/../lib/gcc/arm-none-eabi/5.3.1/../../../../arm-none-eabi/lib/armv7e-m/fpu\libg_nano.a(lib_a-reent.o)
 .text.cleanup_glue
                0x00000000       0x1a c:/freescale/gcc/bin/../lib/gcc/arm-none-eabi/5.3.1/../../../../arm-none-eabi/lib/armv7e-m/fpu\libg_nano.a(lib_a-reent.o)
 .text._reclaim_reent
                0x00000000       0xb4 c:/freescale/gcc/bin/../lib/gcc/arm-none-eabi/5.3.1/../../../../arm-none-eabi/lib/armv7e-m/fpu\libg_nano.a(lib_a-reent.o)
 .text          0x00000000        0x0 c:/freescale/gcc/bin/../lib/gcc/arm-none-eabi/5.3.1/../../../../arm-none-eabi/lib/armv7e-m/fpu\libg_nano.a(lib_a-sprintf.o)
 .data          0x00000000        0x0 c:/freescale/gcc/bin/../lib/gcc/arm-none-eabi/5.3.1/../../../../arm-none-eabi/lib/armv7e-m/fpu\libg_nano.a(lib_a-sprintf.o)
 .bss           0x00000000        0x0 c:/freescale/gcc/bin/../lib/gcc/arm-none-eabi/5.3.1/../../../../arm-none-eabi/lib/armv7e-m/fpu\libg_nano.a(lib_a-sprintf.o)
 .text._sprintf_r
                0x00000000       0x40 c:/freescale/gcc/bin/../lib/gcc/arm-none-eabi/5.3.1/../../../../arm-none-eabi/lib/armv7e-m/fpu\libg_nano.a(lib_a-sprintf.o)
 .data          0x00000000        0x0 c:/freescale/gcc/bin/../lib/gcc/arm-none-eabi/5.3.1/../../../../arm-none-eabi/lib/armv7e-m/fpu\libg_nano.a(lib_a-strlen.o)
 .bss           0x00000000        0x0 c:/freescale/gcc/bin/../lib/gcc/arm-none-eabi/5.3.1/../../../../arm-none-eabi/lib/armv7e-m/fpu\libg_nano.a(lib_a-strlen.o)
 .text          0x00000000        0x0 c:/freescale/gcc/bin/../lib/gcc/arm-none-eabi/5.3.1/../../../../arm-none-eabi/lib/armv7e-m/fpu\libg_nano.a(lib_a-nano-freer.o)
 .data          0x00000000        0x0 c:/freescale/gcc/bin/../lib/gcc/arm-none-eabi/5.3.1/../../../../arm-none-eabi/lib/armv7e-m/fpu\libg_nano.a(lib_a-nano-freer.o)
 .bss           0x00000000        0x0 c:/freescale/gcc/bin/../lib/gcc/arm-none-eabi/5.3.1/../../../../arm-none-eabi/lib/armv7e-m/fpu\libg_nano.a(lib_a-nano-freer.o)
 .text          0x00000000        0x0 c:/freescale/gcc/bin/../lib/gcc/arm-none-eabi/5.3.1/../../../../arm-none-eabi/lib/armv7e-m/fpu\libg_nano.a(lib_a-nano-mallocr.o)
 .data          0x00000000        0x0 c:/freescale/gcc/bin/../lib/gcc/arm-none-eabi/5.3.1/../../../../arm-none-eabi/lib/armv7e-m/fpu\libg_nano.a(lib_a-nano-mallocr.o)
 .bss           0x00000000        0x0 c:/freescale/gcc/bin/../lib/gcc/arm-none-eabi/5.3.1/../../../../arm-none-eabi/lib/armv7e-m/fpu\libg_nano.a(lib_a-nano-mallocr.o)
 .text          0x00000000        0x0 c:/freescale/gcc/bin/../lib/gcc/arm-none-eabi/5.3.1/../../../../arm-none-eabi/lib/armv7e-m/fpu\libg_nano.a(lib_a-nano-svfprintf.o)
 .data          0x00000000        0x0 c:/freescale/gcc/bin/../lib/gcc/arm-none-eabi/5.3.1/../../../../arm-none-eabi/lib/armv7e-m/fpu\libg_nano.a(lib_a-nano-svfprintf.o)
 .bss           0x00000000        0x0 c:/freescale/gcc/bin/../lib/gcc/arm-none-eabi/5.3.1/../../../../arm-none-eabi/lib/armv7e-m/fpu\libg_nano.a(lib_a-nano-svfprintf.o)
 .text.__ssprint_r
                0x00000000       0xfe c:/freescale/gcc/bin/../lib/gcc/arm-none-eabi/5.3.1/../../../../arm-none-eabi/lib/armv7e-m/fpu\libg_nano.a(lib_a-nano-svfprintf.o)
 .text          0x00000000        0x0 c:/freescale/gcc/bin/../lib/gcc/arm-none-eabi/5.3.1/../../../../arm-none-eabi/lib/armv7e-m/fpu\libg_nano.a(lib_a-nano-vfprintf_i.o)
 .data          0x00000000        0x0 c:/freescale/gcc/bin/../lib/gcc/arm-none-eabi/5.3.1/../../../../arm-none-eabi/lib/armv7e-m/fpu\libg_nano.a(lib_a-nano-vfprintf_i.o)
 .bss           0x00000000        0x0 c:/freescale/gcc/bin/../lib/gcc/arm-none-eabi/5.3.1/../../../../arm-none-eabi/lib/armv7e-m/fpu\libg_nano.a(lib_a-nano-vfprintf_i.o)
 .text          0x00000000        0x0 c:/freescale/gcc/bin/../lib/gcc/arm-none-eabi/5.3.1/../../../../arm-none-eabi/lib/armv7e-m/fpu\libg_nano.a(lib_a-sbrkr.o)
 .data          0x00000000        0x0 c:/freescale/gcc/bin/../lib/gcc/arm-none-eabi/5.3.1/../../../../arm-none-eabi/lib/armv7e-m/fpu\libg_nano.a(lib_a-sbrkr.o)
 .bss           0x00000000        0x0 c:/freescale/gcc/bin/../lib/gcc/arm-none-eabi/5.3.1/../../../../arm-none-eabi/lib/armv7e-m/fpu\libg_nano.a(lib_a-sbrkr.o)
 .data          0x00000000        0x0 c:/freescale/gcc/bin/../lib/gcc/arm-none-eabi/5.3.1/../../../../arm-none-eabi/lib/armv7e-m/fpu\libg_nano.a(lib_a-memchr.o)
 .bss           0x00000000        0x0 c:/freescale/gcc/bin/../lib/gcc/arm-none-eabi/5.3.1/../../../../arm-none-eabi/lib/armv7e-m/fpu\libg_nano.a(lib_a-memchr.o)
 .text          0x00000000        0x0 c:/freescale/gcc/bin/../lib/gcc/arm-none-eabi/5.3.1/../../../../arm-none-eabi/lib/armv7e-m/fpu\libg_nano.a(lib_a-memcpy-stub.o)
 .data          0x00000000        0x0 c:/freescale/gcc/bin/../lib/gcc/arm-none-eabi/5.3.1/../../../../arm-none-eabi/lib/armv7e-m/fpu\libg_nano.a(lib_a-memcpy-stub.o)
 .bss           0x00000000        0x0 c:/freescale/gcc/bin/../lib/gcc/arm-none-eabi/5.3.1/../../../../arm-none-eabi/lib/armv7e-m/fpu\libg_nano.a(lib_a-memcpy-stub.o)
 .text          0x00000000        0x0 c:/freescale/gcc/bin/../lib/gcc/arm-none-eabi/5.3.1/../../../../arm-none-eabi/lib/armv7e-m/fpu\libg_nano.a(lib_a-memmove.o)
 .data          0x00000000        0x0 c:/freescale/gcc/bin/../lib/gcc/arm-none-eabi/5.3.1/../../../../arm-none-eabi/lib/armv7e-m/fpu\libg_nano.a(lib_a-memmove.o)
 .bss           0x00000000        0x0 c:/freescale/gcc/bin/../lib/gcc/arm-none-eabi/5.3.1/../../../../arm-none-eabi/lib/armv7e-m/fpu\libg_nano.a(lib_a-memmove.o)
 .text          0x00000000        0x0 c:/freescale/gcc/bin/../lib/gcc/arm-none-eabi/5.3.1/../../../../arm-none-eabi/lib/armv7e-m/fpu\libg_nano.a(lib_a-nano-reallocr.o)
 .data          0x00000000        0x0 c:/freescale/gcc/bin/../lib/gcc/arm-none-eabi/5.3.1/../../../../arm-none-eabi/lib/armv7e-m/fpu\libg_nano.a(lib_a-nano-reallocr.o)
 .bss           0x00000000        0x0 c:/freescale/gcc/bin/../lib/gcc/arm-none-eabi/5.3.1/../../../../arm-none-eabi/lib/armv7e-m/fpu\libg_nano.a(lib_a-nano-reallocr.o)
 .text          0x00000000        0x0 c:/freescale/gcc/bin/../lib/gcc/arm-none-eabi/5.3.1/../../../../arm-none-eabi/lib/armv7e-m/fpu\libg_nano.a(lib_a-nano-msizer.o)
 .data          0x00000000        0x0 c:/freescale/gcc/bin/../lib/gcc/arm-none-eabi/5.3.1/../../../../arm-none-eabi/lib/armv7e-m/fpu\libg_nano.a(lib_a-nano-msizer.o)
 .bss           0x00000000        0x0 c:/freescale/gcc/bin/../lib/gcc/arm-none-eabi/5.3.1/../../../../arm-none-eabi/lib/armv7e-m/fpu\libg_nano.a(lib_a-nano-msizer.o)
 .text          0x00000000        0x0 c:/freescale/gcc/bin/../lib/gcc/arm-none-eabi/5.3.1/armv7e-m/fpu/crtend.o
 .data          0x00000000        0x0 c:/freescale/gcc/bin/../lib/gcc/arm-none-eabi/5.3.1/armv7e-m/fpu/crtend.o
 .bss           0x00000000        0x0 c:/freescale/gcc/bin/../lib/gcc/arm-none-eabi/5.3.1/armv7e-m/fpu/crtend.o
 .text          0x00000000        0x0 c:/freescale/gcc/bin/../lib/gcc/arm-none-eabi/5.3.1/armv7e-m/fpu/crtn.o
 .data          0x00000000        0x0 c:/freescale/gcc/bin/../lib/gcc/arm-none-eabi/5.3.1/armv7e-m/fpu/crtn.o
 .bss           0x00000000        0x0 c:/freescale/gcc/bin/../lib/gcc/arm-none-eabi/5.3.1/armv7e-m/fpu/crtn.o

Memory Configuration

Name             Origin             Length             Attributes
bitband          0x22000000         0x02000000         rw
aips0            0x40000000         0x00080000         rw
aips1            0x40080000         0x0007f000         rw
gpio             0x400ff000         0x00001000         rw
gpioBitband      0x42000000         0x02000000         rw
peripherals      0xe0000000         0x00100000         rw
rom              0x00000000         0x00080000         xr
ram              0x1fff0000         0x00020000         xrw
gdbGuard         0x20010000         0x00000020         r
*default*        0x00000000         0xffffffff

Linker script and memory map

LOAD c:/freescale/gcc/bin/../lib/gcc/arm-none-eabi/5.3.1/armv7e-m/fpu/crti.o
LOAD c:/freescale/gcc/bin/../lib/gcc/arm-none-eabi/5.3.1/armv7e-m/fpu/crtbegin.o
LOAD c:/freescale/gcc/bin/../lib/gcc/arm-none-eabi/5.3.1/../../../../arm-none-eabi/lib/armv7e-m/fpu/crt0.o
LOAD ./Startup_Code/clock.o
LOAD ./Startup_Code/console.o
LOAD ./Startup_Code/newlib_stubs.o
LOAD ./Startup_Code/startup_ARMLtdGCC.o
LOAD ./Startup_Code/system.o
LOAD ./Startup_Code/uart1.o
LOAD ./Startup_Code/vectors.o
LOAD ./Sources/delay.o
LOAD ./Sources/leds.o
LOAD ./Sources/main.o
START GROUP
LOAD c:/freescale/gcc/bin/../lib/gcc/arm-none-eabi/5.3.1/armv7e-m/fpu\libgcc.a
LOAD c:/freescale/gcc/bin/../lib/gcc/arm-none-eabi/5.3.1/../../../../arm-none-eabi/lib/armv7e-m/fpu\libg_nano.a
LOAD c:/freescale/gcc/bin/../lib/gcc/arm-none-eabi/5.3.1/../../../../arm-none-eabi/lib/armv7e-m/fpu\libc_nano.a
END GROUP
START GROUP
LOAD c:/freescale/gcc/bin/../lib/gcc/arm-none-eabi/5.3.1/armv7e-m/fpu\libgcc.a
LOAD c:/freescale/gcc/bin/../lib/gcc/arm-none-eabi/5.3.1/../../../../arm-none-eabi/lib/armv7e-m/fpu\libc_nano.a
END GROUP
LOAD c:/freescale/gcc/bin/../lib/gcc/arm-none-eabi/5.3.1/armv7e-m/fpu/crtend.o
LOAD c:/freescale/gcc/bin/../lib/gcc/arm-none-eabi/5.3.1/armv7e-m/fpu/crtn.o
                0x00008000                __stack_size = 0x8000
                0x00008000                __heap_size = 0x8000
                0x00000000                __sram_u_size = 0x0
                0x00008000                PROVIDE (__stack_size__, __stack_size)
                0x00008000                PROVIDE (__heap_size__, __heap_size)
                0x000004e0                PROVIDE (__HardReset, Reset_Handler)
                [!provide]                PROVIDE (_start, main)

.interrupts     0x00000000      0x410
                0x00000000                __flash_start = .
                0x00000000                __VECTOR_TABLE = .
 *(.interrupt_vectors)
 .interrupt_vectors
                0x00000000      0x168 ./Startup_Code/vectors.o
                0x00000000                __vector_table
 *(.isr_vector)
                0x00000001                ASSERT ((. != __flash_start), No reset vector found)
                0x00000168                __VECTOR_TABLE_END = .
                0x00000400                . = (__flash_start + 0x400)
 *fill*         0x00000168      0x298 
 *(.security_information)
 .security_information
                0x00000400       0x10 ./Startup_Code/vectors.o
                0x00000400                securityInfo
 *(.FlashConfig)
                0x00000001                ASSERT ((. == (__flash_start + 0x410)), No Freescale security information)
                0x00000000                M_VECTOR_RAM_SIZE = DEFINED (__ram_vector_table__)?(__VECTOR_TABLE_END - __VECTOR_TABLE):0x0

.text           0x00000410     0x17bc
 *(.text)
 .text          0x00000410       0x5c c:/freescale/gcc/bin/../lib/gcc/arm-none-eabi/5.3.1/armv7e-m/fpu/crtbegin.o
 .text          0x0000046c       0x74 c:/freescale/gcc/bin/../lib/gcc/arm-none-eabi/5.3.1/../../../../arm-none-eabi/lib/armv7e-m/fpu/crt0.o
                0x0000046c                _start
                0x0000046c                _mainCRTStartup
 .text          0x000004e0       0x48 ./Startup_Code/startup_ARMLtdGCC.o
                0x000004e0                Reset_Handler
 .text          0x00000528       0x10 c:/freescale/gcc/bin/../lib/gcc/arm-none-eabi/5.3.1/../../../../arm-none-eabi/lib/armv7e-m/fpu\libg_nano.a(lib_a-strlen.o)
                0x00000528                strlen
 *fill*         0x00000538        0x8 
 .text          0x00000540       0xa0 c:/freescale/gcc/bin/../lib/gcc/arm-none-eabi/5.3.1/../../../../arm-none-eabi/lib/armv7e-m/fpu\libg_nano.a(lib_a-memchr.o)
                0x00000540                memchr
 *(.text*)
 .text.clock_initialise
                0x000005e0      0x198 ./Startup_Code/clock.o
                0x000005e0                clock_initialise
 .text.SystemCoreClockUpdate
                0x00000778      0x244 ./Startup_Code/clock.o
                0x00000778                SystemCoreClockUpdate
 .text._sbrk    0x000009bc       0x54 ./Startup_Code/newlib_stubs.o
                0x000009bc                _sbrk
 .text._exit    0x00000a10        0xc ./Startup_Code/newlib_stubs.o
                0x00000a10                _exit
 .text.rtc_initialise
                0x00000a1c       0x10 ./Startup_Code/system.o
                0x00000a1c                rtc_initialise
 .text.software_init_hook
                0x00000a2c       0x10 ./Startup_Code/system.o
                0x00000a2c                software_init_hook
 .text.SystemInitLowLevel
                0x00000a3c       0x44 ./Startup_Code/system.o
                0x00000a3c                SystemInitLowLevel
 .text.SystemInit
                0x00000a80       0x30 ./Startup_Code/system.o
                0x00000a80                SystemInit
 .text.UART1_init_defaultparam
                0x00000ab0       0x70 ./Startup_Code/uart1.o
                0x00000ab0                UART1_init_defaultparam
 .text.UART1_startup
                0x00000b20       0xa4 ./Startup_Code/uart1.o
                0x00000b20                UART1_startup
 .text.UART1_dmaconfig
                0x00000bc4      0x158 ./Startup_Code/uart1.o
                0x00000bc4                UART1_dmaconfig
 .text.UART1_dma_complete
                0x00000d1c       0x24 ./Startup_Code/uart1.o
                0x00000d1c                UART1_dma_complete
 .text.UART1_dma_complete_wait
                0x00000d40       0x28 ./Startup_Code/uart1.o
                0x00000d40                UART1_dma_complete_wait
 .text.UART1_txBulk
                0x00000d68       0x9c ./Startup_Code/uart1.o
                0x00000d68                UART1_txBulk
 .text.UART1_dma_config_rec
                0x00000e04      0x14c ./Startup_Code/uart1.o
                0x00000e04                UART1_dma_config_rec
 .text.UART1_rec_size
                0x00000f50       0x30 ./Startup_Code/uart1.o
                0x00000f50                UART1_rec_size
 .text.UART1_rec_buf_reset
                0x00000f80       0xc4 ./Startup_Code/uart1.o
                0x00000f80                UART1_rec_buf_reset
 .text.UART1_getch
                0x00001044       0x44 ./Startup_Code/uart1.o
                0x00001044                UART1_getch
 .text.Default_Handler
                0x00001088       0x20 ./Startup_Code/vectors.o
                0x00001088                RTC_Alarm_IRQHandler
                0x00001088                DebugMon_Handler
                0x00001088                I2C0_IRQHandler
                0x00001088                SysTick_Handler
                0x00001088                PendSV_Handler
                0x00001088                NMI_Handler
                0x00001088                UART0_RX_TX_IRQHandler
                0x00001088                I2C1_IRQHandler
                0x00001088                DMA2_IRQHandler
                0x00001088                PIT0_IRQHandler
                0x00001088                LLWU_IRQHandler
                0x00001088                UART2_RX_TX_IRQHandler
                0x00001088                SWI_IRQHandler
                0x00001088                ADC0_IRQHandler
                0x00001088                UsageFault_Handler
                0x00001088                I2S0_Tx_IRQHandler
                0x00001088                SPI1_IRQHandler
                0x00001088                DMA9_IRQHandler
                0x00001088                DMA14_IRQHandler
                0x00001088                CMP1_IRQHandler
                0x00001088                PORTD_IRQHandler
                0x00001088                PORTB_IRQHandler
                0x00001088                ADC1_IRQHandler
                0x00001088                PIT2_IRQHandler
                0x00001088                I2S0_Rx_IRQHandler
                0x00001088                DMA5_IRQHandler
                0x00001088                PDB0_IRQHandler
                0x00001088                FTM1_IRQHandler
                0x00001088                PIT3_IRQHandler
                0x00001088                RTC_Seconds_IRQHandler
                0x00001088                MCG_IRQHandler
                0x00001088                UART2_ERR_IRQHandler
                0x00001088                DMA11_IRQHandler
                0x00001088                LPUART0_RX_TX_IRQHandler
                0x00001088                Default_Handler
                0x00001088                DMA7_IRQHandler
                0x00001088                USB0_IRQHandler
                0x00001088                MemManage_Handler
                0x00001088                SVC_Handler
                0x00001088                DMA13_IRQHandler
                0x00001088                DMA3_IRQHandler
                0x00001088                DMA0_IRQHandler
                0x00001088                RNG_IRQHandler
                0x00001088                DMA15_IRQHandler
                0x00001088                DAC0_IRQHandler
                0x00001088                FTF_ReadCollision_IRQHandler
                0x00001088                DMA4_IRQHandler
                0x00001088                PMC_IRQHandler
                0x00001088                PIT1_IRQHandler
                0x00001088                UART0_ERR_IRQHandler
                0x00001088                DMA_Error_IRQHandler
                0x00001088                SPI0_IRQHandler
                0x00001088                FTM0_IRQHandler
                0x00001088                FTF_Command_IRQHandler
                0x00001088                PORTA_IRQHandler
                0x00001088                DAC1_IRQHandler
                0x00001088                MCM_IRQHandler
                0x00001088                DMA12_IRQHandler
                0x00001088                FTM3_IRQHandler
                0x00001088                PORTE_IRQHandler
                0x00001088                WDOG_IRQHandler
                0x00001088                FTM2_IRQHandler
                0x00001088                LPTMR0_IRQHandler
                0x00001088                BusFault_Handler
                0x00001088                DMA8_IRQHandler
                0x00001088                DMA10_IRQHandler
                0x00001088                UART1_ERR_IRQHandler
                0x00001088                UART1_RX_TX_IRQHandler
                0x00001088                CMP0_IRQHandler
                0x00001088                PORTC_IRQHandler
                0x00001088                DMA6_IRQHandler
                0x00001088                DMA1_IRQHandler
 .text.HardFault_Handler
                0x000010a8       0x14 ./Startup_Code/vectors.o
                0x000010a8                HardFault_Handler
 .text._HardFault_Handler
                0x000010bc        0x4 ./Startup_Code/vectors.o
                0x000010bc                _HardFault_Handler
 .text.greenLedOff
                0x000010c0       0x18 ./Sources/leds.o
                0x000010c0                greenLedOff
 .text.greenLedToggle
                0x000010d8       0x18 ./Sources/leds.o
                0x000010d8                greenLedToggle
 .text.redLedOn
                0x000010f0       0x18 ./Sources/leds.o
                0x000010f0                redLedOn
 .text.redLedOff
                0x00001108       0x18 ./Sources/leds.o
                0x00001108                redLedOff
 .text.blueLedOff
                0x00001120       0x18 ./Sources/leds.o
                0x00001120                blueLedOff
 .text.led_initialise
                0x00001138       0xac ./Sources/leds.o
                0x00001138                led_initialise
 .text.delay    0x000011e4       0x2c ./Sources/main.o
                0x000011e4                delay
 .text.main     0x00001210       0xb0 ./Sources/main.o
                0x00001210                main
 .text.exit     0x000012c0       0x28 c:/freescale/gcc/bin/../lib/gcc/arm-none-eabi/5.3.1/../../../../arm-none-eabi/lib/armv7e-m/fpu\libg_nano.a(lib_a-exit.o)
                0x000012c0                exit
 .text.__libc_init_array
                0x000012e8       0x4c c:/freescale/gcc/bin/../lib/gcc/arm-none-eabi/5.3.1/../../../../arm-none-eabi/lib/armv7e-m/fpu\libg_nano.a(lib_a-init.o)
                0x000012e8                __libc_init_array
 .text.memset   0x00001334       0x10 c:/freescale/gcc/bin/../lib/gcc/arm-none-eabi/5.3.1/../../../../arm-none-eabi/lib/armv7e-m/fpu\libg_nano.a(lib_a-memset.o)
                0x00001334                memset
 .text.sprintf  0x00001344       0x48 c:/freescale/gcc/bin/../lib/gcc/arm-none-eabi/5.3.1/../../../../arm-none-eabi/lib/armv7e-m/fpu\libg_nano.a(lib_a-sprintf.o)
                0x00001344                siprintf
                0x00001344                sprintf
 .text._free_r  0x0000138c       0x8c c:/freescale/gcc/bin/../lib/gcc/arm-none-eabi/5.3.1/../../../../arm-none-eabi/lib/armv7e-m/fpu\libg_nano.a(lib_a-nano-freer.o)
                0x0000138c                _free_r
 .text._malloc_r
                0x00001418       0xa8 c:/freescale/gcc/bin/../lib/gcc/arm-none-eabi/5.3.1/../../../../arm-none-eabi/lib/armv7e-m/fpu\libg_nano.a(lib_a-nano-mallocr.o)
                0x00001418                _malloc_r
 .text.__ssputs_r
                0x000014c0       0xb2 c:/freescale/gcc/bin/../lib/gcc/arm-none-eabi/5.3.1/../../../../arm-none-eabi/lib/armv7e-m/fpu\libg_nano.a(lib_a-nano-svfprintf.o)
                0x000014c0                __ssputs_r
 *fill*         0x00001572        0x2 
 .text._svfprintf_r
                0x00001574      0x1e8 c:/freescale/gcc/bin/../lib/gcc/arm-none-eabi/5.3.1/../../../../arm-none-eabi/lib/armv7e-m/fpu\libg_nano.a(lib_a-nano-svfprintf.o)
                0x00001574                _svfiprintf_r
                0x00001574                _svfprintf_r
 .text._printf_common
                0x0000175c       0xec c:/freescale/gcc/bin/../lib/gcc/arm-none-eabi/5.3.1/../../../../arm-none-eabi/lib/armv7e-m/fpu\libg_nano.a(lib_a-nano-vfprintf_i.o)
                0x0000175c                _printf_common
 .text._printf_i
                0x00001848      0x24c c:/freescale/gcc/bin/../lib/gcc/arm-none-eabi/5.3.1/../../../../arm-none-eabi/lib/armv7e-m/fpu\libg_nano.a(lib_a-nano-vfprintf_i.o)
                0x00001848                _printf_i
 .text._sbrk_r  0x00001a94       0x20 c:/freescale/gcc/bin/../lib/gcc/arm-none-eabi/5.3.1/../../../../arm-none-eabi/lib/armv7e-m/fpu\libg_nano.a(lib_a-sbrkr.o)
                0x00001a94                _sbrk_r
 .text.memcpy   0x00001ab4       0x16 c:/freescale/gcc/bin/../lib/gcc/arm-none-eabi/5.3.1/../../../../arm-none-eabi/lib/armv7e-m/fpu\libg_nano.a(lib_a-memcpy-stub.o)
                0x00001ab4                memcpy
 .text.memmove  0x00001aca       0x36 c:/freescale/gcc/bin/../lib/gcc/arm-none-eabi/5.3.1/../../../../arm-none-eabi/lib/armv7e-m/fpu\libg_nano.a(lib_a-memmove.o)
                0x00001aca                memmove
 .text._realloc_r
                0x00001b00       0x4c c:/freescale/gcc/bin/../lib/gcc/arm-none-eabi/5.3.1/../../../../arm-none-eabi/lib/armv7e-m/fpu\libg_nano.a(lib_a-nano-reallocr.o)
                0x00001b00                _realloc_r
 .text._malloc_usable_size_r
                0x00001b4c       0x14 c:/freescale/gcc/bin/../lib/gcc/arm-none-eabi/5.3.1/../../../../arm-none-eabi/lib/armv7e-m/fpu\libg_nano.a(lib_a-nano-msizer.o)
                0x00001b4c                _malloc_usable_size_r
 *(.rodata)
 .rodata        0x00001b60        0x9 ./Sources/main.o
 *(.rodata*)
 .rodata.str1.1
                0x00001b69        0x2 c:/freescale/gcc/bin/../lib/gcc/arm-none-eabi/5.3.1/../../../../arm-none-eabi/lib/armv7e-m/fpu\libg_nano.a(lib_a-impure.o)
 *fill*         0x00001b6b        0x1 
 .rodata._global_impure_ptr
                0x00001b6c        0x4 c:/freescale/gcc/bin/../lib/gcc/arm-none-eabi/5.3.1/../../../../arm-none-eabi/lib/armv7e-m/fpu\libg_nano.a(lib_a-impure.o)
                0x00001b6c                _global_impure_ptr
 .rodata.str1.1
                0x00001b70       0x11 c:/freescale/gcc/bin/../lib/gcc/arm-none-eabi/5.3.1/../../../../arm-none-eabi/lib/armv7e-m/fpu\libg_nano.a(lib_a-nano-svfprintf.o)
 .rodata.str1.1
                0x00001b81       0x22 c:/freescale/gcc/bin/../lib/gcc/arm-none-eabi/5.3.1/../../../../arm-none-eabi/lib/armv7e-m/fpu\libg_nano.a(lib_a-nano-vfprintf_i.o)
 *(.init)
 *fill*         0x00001ba3        0x1 
 .init          0x00001ba4        0x4 c:/freescale/gcc/bin/../lib/gcc/arm-none-eabi/5.3.1/armv7e-m/fpu/crti.o
                0x00001ba4                _init
 .init          0x00001ba8        0x8 c:/freescale/gcc/bin/../lib/gcc/arm-none-eabi/5.3.1/armv7e-m/fpu/crtn.o
 *(.fini)
 .fini          0x00001bb0        0x4 c:/freescale/gcc/bin/../lib/gcc/arm-none-eabi/5.3.1/armv7e-m/fpu/crti.o
                0x00001bb0                _fini
 .fini          0x00001bb4        0x8 c:/freescale/gcc/bin/../lib/gcc/arm-none-eabi/5.3.1/armv7e-m/fpu/crtn.o
                0x00001bbc                __CTOR_LIST__ = .
 *crtbegin.o(.ctors)
 *crtbegin?.o(.ctors)
 *(EXCLUDE_FILE(*crtend.o *crtend?.o) .ctors)
 *(SORT(.ctors.*))
 *(.ctors)
                0x00001bbc                __CTOR_END__ = .
                0x00001bbc                __DTOR_LIST__ = .
 *crtbegin.o(.dtors)
 *crtbegin?.o(.dtors)
 *(EXCLUDE_FILE(*crtend.o *crtend?.o) .dtors)
 *(SORT(.dtors.*))
 *(.dtors)
                0x00001bbc                __DTOR_END__ = .
                0x00001bbc                . = ALIGN (0x4)
                0x00001bbc                PROVIDE (__preinit_array_start, .)
 *(.preinit_array*)
                0x00001bbc                PROVIDE (__preinit_array_end, .)
                0x00001bbc                . = ALIGN (0x4)
                0x00001bbc                PROVIDE (__init_array_start, .)
 *(SORT(.init_array.*))
 *(.init_array*)
 .init_array    0x00001bbc        0x4 c:/freescale/gcc/bin/../lib/gcc/arm-none-eabi/5.3.1/armv7e-m/fpu/crtbegin.o
                0x00001bc0                PROVIDE (__init_array_end, .)
                0x00001bc0                . = ALIGN (0x4)
                [!provide]                PROVIDE (__fini_array_start, .)
 *(SORT(.fini_array.*))
 *(.fini_array*)
 .fini_array    0x00001bc0        0x4 c:/freescale/gcc/bin/../lib/gcc/arm-none-eabi/5.3.1/armv7e-m/fpu/crtbegin.o
                [!provide]                PROVIDE (__fini_array_end, .)
 *(.jcr*)
 .jcr           0x00001bc4        0x0 c:/freescale/gcc/bin/../lib/gcc/arm-none-eabi/5.3.1/armv7e-m/fpu/crtbegin.o
 .jcr           0x00001bc4        0x4 c:/freescale/gcc/bin/../lib/gcc/arm-none-eabi/5.3.1/armv7e-m/fpu/crtend.o
 *(.eh_frame*)
 .eh_frame      0x00001bc8        0x0 c:/freescale/gcc/bin/../lib/gcc/arm-none-eabi/5.3.1/armv7e-m/fpu/crtbegin.o
 .eh_frame      0x00001bc8        0x4 c:/freescale/gcc/bin/../lib/gcc/arm-none-eabi/5.3.1/armv7e-m/fpu/crtend.o

.glue_7         0x00001bcc        0x0
 .glue_7        0x00001bcc        0x0 linker stubs

.glue_7t        0x00001bcc        0x0
 .glue_7t       0x00001bcc        0x0 linker stubs

.vfp11_veneer   0x00001bcc        0x0
 .vfp11_veneer  0x00001bcc        0x0 linker stubs

.v4_bx          0x00001bcc        0x0
 .v4_bx         0x00001bcc        0x0 linker stubs

.iplt           0x00001bcc        0x0
 .iplt          0x00001bcc        0x0 c:/freescale/gcc/bin/../lib/gcc/arm-none-eabi/5.3.1/armv7e-m/fpu/crtbegin.o

.ARM.extab
 *(.ARM.extab* .gnu.linkonce.armextab.*)
                0x00001bcc                __exidx_start = .

.ARM.exidx      0x00001bcc        0x8
 *(.ARM.exidx* .gnu.linkonce.armexidx.*)
 .ARM.exidx     0x00001bcc        0x8 c:/freescale/gcc/bin/../lib/gcc/arm-none-eabi/5.3.1/../../../../arm-none-eabi/lib/armv7e-m/fpu/crt0.o
                0x00001bd4                __exidx_end = .
                0x00001bd4                __etext = .
                0x00001bd4                __DATA_ROM = .

.rel.dyn        0x00001bd4        0x0
 .rel.iplt      0x00001bd4        0x0 c:/freescale/gcc/bin/../lib/gcc/arm-none-eabi/5.3.1/armv7e-m/fpu/crtbegin.o

.mtb            0x1fff0000        0x0
                0x1fff0000                . = ALIGN (0x8)
                0x1fff0000                _mtb_start = .
 *(.mtb_buf)
                0x1fff0000                . = ALIGN (0x8)
                0x1fff0000                _mtb_end = .

.interrupts_ram
                0x1fff0000        0x0
                0x1fff0000                . = ALIGN (0x4)
                0x1fff0000                __VECTOR_RAM__ = .
                0x1fff0000                __interrupts_ram_start__ = .
 *(.m_interrupts_ram)
                0x1fff0000                . = (. + M_VECTOR_RAM_SIZE)
                0x1fff0000                . = ALIGN (0x4)
                0x1fff0000                __interrupts_ram_end__ = .
                0x00000000                __VECTOR_RAM = DEFINED (__ram_vector_table__)?__VECTOR_RAM__:__VECTOR_TABLE
                0x00000000                __RAM_VECTOR_TABLE_SIZE_BYTES = (__interrupts_ram_end__ - __interrupts_ram_start__)

.data           0x1fff0000       0x6c load address 0x00001bd4
                0x1fff0000                __data_start__ = .
                0x1fff0000                __DATA_RAM = .
 *(vtable)
 *(.data*)
 .data.SystemCoreClock
                0x1fff0000        0x4 ./Startup_Code/clock.o
                0x1fff0000                SystemCoreClock
 .data.SystemBusClock
                0x1fff0004        0x4 ./Startup_Code/clock.o
                0x1fff0004                SystemBusClock
 .data.impure_data
                0x1fff0008       0x60 c:/freescale/gcc/bin/../lib/gcc/arm-none-eabi/5.3.1/../../../../arm-none-eabi/lib/armv7e-m/fpu\libg_nano.a(lib_a-impure.o)
 .data._impure_ptr
                0x1fff0068        0x4 c:/freescale/gcc/bin/../lib/gcc/arm-none-eabi/5.3.1/../../../../arm-none-eabi/lib/armv7e-m/fpu\libg_nano.a(lib_a-impure.o)
                0x1fff0068                _impure_ptr
                0x1fff006c                . = ALIGN (0x4)
                0x1fff006c                __data_end__ = .
                0x00001c40                __DATA_END = (__DATA_ROM + SIZEOF (.data))

.igot.plt       0x1fff006c        0x0 load address 0x00001c40
 .igot.plt      0x1fff006c        0x0 c:/freescale/gcc/bin/../lib/gcc/arm-none-eabi/5.3.1/armv7e-m/fpu/crtbegin.o

.bss            0x1fff006c       0x54 load address 0x00001c40
                0x1fff006c                . = ALIGN (0x4)
                0x1fff006c                __START_BSS = .
                0x1fff006c                __bss_start__ = .
 *(.bss)
 .bss           0x1fff006c       0x1c c:/freescale/gcc/bin/../lib/gcc/arm-none-eabi/5.3.1/armv7e-m/fpu/crtbegin.o
 *(.bss*)
 .bss.heap_end  0x1fff0088        0x4 ./Startup_Code/newlib_stubs.o
 .bss.dummyzero
                0x1fff008c        0x1 ./Startup_Code/uart1.o
                0x1fff008c                dummyzero
 *fill*         0x1fff008d        0x3 
 .bss.__malloc_sbrk_start
                0x1fff0090        0x4 c:/freescale/gcc/bin/../lib/gcc/arm-none-eabi/5.3.1/../../../../arm-none-eabi/lib/armv7e-m/fpu\libg_nano.a(lib_a-nano-mallocr.o)
                0x1fff0090                __malloc_sbrk_start
 .bss.__malloc_free_list
                0x1fff0094        0x4 c:/freescale/gcc/bin/../lib/gcc/arm-none-eabi/5.3.1/../../../../arm-none-eabi/lib/armv7e-m/fpu\libg_nano.a(lib_a-nano-mallocr.o)
                0x1fff0094                __malloc_free_list
 *(COMMON)
 COMMON         0x1fff0098       0x22 ./Startup_Code/uart1.o
                0x1fff0098                dest
                0x1fff00a4                strdebug
                0x1fff00ae                recpos
                0x1fff00b0                recievebuf
 *fill*         0x1fff00ba        0x2 
 COMMON         0x1fff00bc        0x4 c:/freescale/gcc/bin/../lib/gcc/arm-none-eabi/5.3.1/../../../../arm-none-eabi/lib/armv7e-m/fpu\libg_nano.a(lib_a-reent.o)
                0x1fff00bc                errno
                0x1fff00c0                . = ALIGN (0x4)
                0x1fff00c0                __bss_end__ = .
                0x1fff00c0                __END_BSS = .

.heap           0x1fff00c0     0x8000 load address 0x00001c94
                0x1fff00c0                . = ALIGN (0x4)
                [!provide]                PROVIDE (__end__, .)
                [!provide]                PROVIDE (end, .)
                [!provide]                PROVIDE (_end, .)
                0x1fff00c0                __HeapBase = .
                0x1fff00c0                __heap_addr = .
                0x1fff80c0                . = (. + __heap_size__)
 *fill*         0x1fff00c0     0x8000 
                [!provide]                PROVIDE (__sram_u_size, 0x0)

.stack          0x1fff80c0    0x17f40 load address 0x00009c94
                0x20007ffd                . = MAX (., ABSOLUTE (((((ORIGIN (ram) + LENGTH (ram)) - __stack_size__) - __sram_u_size) - 0x3)))
 *fill*         0x1fff80c0     0xff3d 
                0x20008000                . = ALIGN (0x4)
 *fill*         0x20007ffd        0x3 
                0x20008000                __HeapLimit = .
                0x20008000                __StackLimit = .
                0x20010000                . = (. + __stack_size__)
 *fill*         0x20008000     0x8000 
                0x20010000                __StackTop = .

.sram_u
 *(.sram_u)

.bitband        0x22000000   0x200000
                0x00200000                . = (ORIGIN (bitband) + ((((ORIGIN (ram) + LENGTH (ram)) - __sram_u_size) & 0xffffff) * 0x20))
 *fill*         0x22000000   0x200000 
 *(.bitband)
                0x20010000                PROVIDE (__stack, __StackTop)
                [!provide]                PROVIDE (__cs3_stack, __StackTop)
                [!provide]                PROVIDE (_write, _usbdm_write)
                [!provide]                PROVIDE (_read, _usbdm_read)
OUTPUT(uart-dma.elf elf32-littlearm)

.ARM.attributes
                0x00000000       0x30
 .ARM.attributes
                0x00000000       0x22 c:/freescale/gcc/bin/../lib/gcc/arm-none-eabi/5.3.1/armv7e-m/fpu/crti.o
 .ARM.attributes
                0x00000022       0x34 c:/freescale/gcc/bin/../lib/gcc/arm-none-eabi/5.3.1/armv7e-m/fpu/crtbegin.o
 .ARM.attributes
                0x00000056       0x20 c:/freescale/gcc/bin/../lib/gcc/arm-none-eabi/5.3.1/../../../../arm-none-eabi/lib/armv7e-m/fpu/crt0.o
 .ARM.attributes
                0x00000076       0x39 ./Startup_Code/clock.o
 .ARM.attributes
                0x000000af       0x39 ./Startup_Code/newlib_stubs.o
 .ARM.attributes
                0x000000e8       0x1f ./Startup_Code/startup_ARMLtdGCC.o
 .ARM.attributes
                0x00000107       0x39 ./Startup_Code/system.o
 .ARM.attributes
                0x00000140       0x39 ./Startup_Code/uart1.o
 .ARM.attributes
                0x00000179       0x39 ./Startup_Code/vectors.o
 .ARM.attributes
                0x000001b2       0x39 ./Sources/leds.o
 .ARM.attributes
                0x000001eb       0x39 ./Sources/main.o
 .ARM.attributes
                0x00000224       0x34 c:/freescale/gcc/bin/../lib/gcc/arm-none-eabi/5.3.1/../../../../arm-none-eabi/lib/armv7e-m/fpu\libg_nano.a(lib_a-exit.o)
 .ARM.attributes
                0x00000258       0x34 c:/freescale/gcc/bin/../lib/gcc/arm-none-eabi/5.3.1/../../../../arm-none-eabi/lib/armv7e-m/fpu\libg_nano.a(lib_a-impure.o)
 .ARM.attributes
                0x0000028c       0x34 c:/freescale/gcc/bin/../lib/gcc/arm-none-eabi/5.3.1/../../../../arm-none-eabi/lib/armv7e-m/fpu\libg_nano.a(lib_a-init.o)
 .ARM.attributes
                0x000002c0       0x34 c:/freescale/gcc/bin/../lib/gcc/arm-none-eabi/5.3.1/../../../../arm-none-eabi/lib/armv7e-m/fpu\libg_nano.a(lib_a-memset.o)
 .ARM.attributes
                0x000002f4       0x34 c:/freescale/gcc/bin/../lib/gcc/arm-none-eabi/5.3.1/../../../../arm-none-eabi/lib/armv7e-m/fpu\libg_nano.a(lib_a-reent.o)
 .ARM.attributes
                0x00000328       0x34 c:/freescale/gcc/bin/../lib/gcc/arm-none-eabi/5.3.1/../../../../arm-none-eabi/lib/armv7e-m/fpu\libg_nano.a(lib_a-sprintf.o)
 .ARM.attributes
                0x0000035c       0x1b c:/freescale/gcc/bin/../lib/gcc/arm-none-eabi/5.3.1/../../../../arm-none-eabi/lib/armv7e-m/fpu\libg_nano.a(lib_a-strlen.o)
 .ARM.attributes
                0x00000377       0x34 c:/freescale/gcc/bin/../lib/gcc/arm-none-eabi/5.3.1/../../../../arm-none-eabi/lib/armv7e-m/fpu\libg_nano.a(lib_a-nano-freer.o)
 .ARM.attributes
                0x000003ab       0x34 c:/freescale/gcc/bin/../lib/gcc/arm-none-eabi/5.3.1/../../../../arm-none-eabi/lib/armv7e-m/fpu\libg_nano.a(lib_a-nano-mallocr.o)
 .ARM.attributes
                0x000003df       0x34 c:/freescale/gcc/bin/../lib/gcc/arm-none-eabi/5.3.1/../../../../arm-none-eabi/lib/armv7e-m/fpu\libg_nano.a(lib_a-nano-svfprintf.o)
 .ARM.attributes
                0x00000413       0x34 c:/freescale/gcc/bin/../lib/gcc/arm-none-eabi/5.3.1/../../../../arm-none-eabi/lib/armv7e-m/fpu\libg_nano.a(lib_a-nano-vfprintf_i.o)
 .ARM.attributes
                0x00000447       0x34 c:/freescale/gcc/bin/../lib/gcc/arm-none-eabi/5.3.1/../../../../arm-none-eabi/lib/armv7e-m/fpu\libg_nano.a(lib_a-sbrkr.o)
 .ARM.attributes
                0x0000047b       0x20 c:/freescale/gcc/bin/../lib/gcc/arm-none-eabi/5.3.1/../../../../arm-none-eabi/lib/armv7e-m/fpu\libg_nano.a(lib_a-memchr.o)
 .ARM.attributes
                0x0000049b       0x34 c:/freescale/gcc/bin/../lib/gcc/arm-none-eabi/5.3.1/../../../../arm-none-eabi/lib/armv7e-m/fpu\libg_nano.a(lib_a-memcpy-stub.o)
 .ARM.attributes
                0x000004cf       0x34 c:/freescale/gcc/bin/../lib/gcc/arm-none-eabi/5.3.1/../../../../arm-none-eabi/lib/armv7e-m/fpu\libg_nano.a(lib_a-memmove.o)
 .ARM.attributes
                0x00000503       0x34 c:/freescale/gcc/bin/../lib/gcc/arm-none-eabi/5.3.1/../../../../arm-none-eabi/lib/armv7e-m/fpu\libg_nano.a(lib_a-nano-reallocr.o)
 .ARM.attributes
                0x00000537       0x34 c:/freescale/gcc/bin/../lib/gcc/arm-none-eabi/5.3.1/../../../../arm-none-eabi/lib/armv7e-m/fpu\libg_nano.a(lib_a-nano-msizer.o)
 .ARM.attributes
                0x0000056b       0x34 c:/freescale/gcc/bin/../lib/gcc/arm-none-eabi/5.3.1/armv7e-m/fpu/crtend.o
 .ARM.attributes
                0x0000059f       0x22 c:/freescale/gcc/bin/../lib/gcc/arm-none-eabi/5.3.1/armv7e-m/fpu/crtn.o

.comment        0x00000000       0x6e
 .comment       0x00000000       0x6e ./Startup_Code/clock.o
                                 0x6f (size before relaxing)
 .comment       0x0000006e       0x6f ./Startup_Code/newlib_stubs.o
 .comment       0x0000006e       0x6f ./Startup_Code/system.o
 .comment       0x0000006e       0x6f ./Startup_Code/uart1.o
 .comment       0x0000006e       0x6f ./Startup_Code/vectors.o
 .comment       0x0000006e       0x6f ./Sources/leds.o
 .comment       0x0000006e       0x6f ./Sources/main.o

.debug_info     0x00000000     0x2412
 .debug_info    0x00000000      0x4dd ./Startup_Code/clock.o
 .debug_info    0x000004dd      0x6cb ./Startup_Code/newlib_stubs.o
 .debug_info    0x00000ba8       0x7a ./Startup_Code/startup_ARMLtdGCC.o
 .debug_info    0x00000c22      0x49f ./Startup_Code/system.o
 .debug_info    0x000010c1      0xa39 ./Startup_Code/uart1.o
 .debug_info    0x00001afa      0x2c0 ./Startup_Code/vectors.o
 .debug_info    0x00001dba      0x4cf ./Sources/leds.o
 .debug_info    0x00002289      0x189 ./Sources/main.o

.debug_abbrev   0x00000000      0xa3e
 .debug_abbrev  0x00000000      0x143 ./Startup_Code/clock.o
 .debug_abbrev  0x00000143      0x1b5 ./Startup_Code/newlib_stubs.o
 .debug_abbrev  0x000002f8       0x14 ./Startup_Code/startup_ARMLtdGCC.o
 .debug_abbrev  0x0000030c      0x188 ./Startup_Code/system.o
 .debug_abbrev  0x00000494      0x28c ./Startup_Code/uart1.o
 .debug_abbrev  0x00000720      0x165 ./Startup_Code/vectors.o
 .debug_abbrev  0x00000885       0xf8 ./Sources/leds.o
 .debug_abbrev  0x0000097d       0xc1 ./Sources/main.o

.debug_aranges  0x00000000      0x2b0
 .debug_aranges
                0x00000000       0x30 ./Startup_Code/clock.o
 .debug_aranges
                0x00000030       0xb8 ./Startup_Code/newlib_stubs.o
 .debug_aranges
                0x000000e8       0x20 ./Startup_Code/startup_ARMLtdGCC.o
 .debug_aranges
                0x00000108       0x50 ./Startup_Code/system.o
 .debug_aranges
                0x00000158       0x88 ./Startup_Code/uart1.o
 .debug_aranges
                0x000001e0       0x30 ./Startup_Code/vectors.o
 .debug_aranges
                0x00000210       0x78 ./Sources/leds.o
 .debug_aranges
                0x00000288       0x28 ./Sources/main.o

.debug_ranges   0x00000000      0x220
 .debug_ranges  0x00000000       0x20 ./Startup_Code/clock.o
 .debug_ranges  0x00000020       0xa8 ./Startup_Code/newlib_stubs.o
 .debug_ranges  0x000000c8       0x40 ./Startup_Code/system.o
 .debug_ranges  0x00000108       0x78 ./Startup_Code/uart1.o
 .debug_ranges  0x00000180       0x20 ./Startup_Code/vectors.o
 .debug_ranges  0x000001a0       0x68 ./Sources/leds.o
 .debug_ranges  0x00000208       0x18 ./Sources/main.o

.debug_macro    0x00000000     0xb281
 .debug_macro   0x00000000      0x18c ./Startup_Code/clock.o
 .debug_macro   0x0000018c      0x892 ./Startup_Code/clock.o
 .debug_macro   0x00000a1e       0x22 ./Startup_Code/clock.o
 .debug_macro   0x00000a40       0x4c ./Startup_Code/clock.o
 .debug_macro   0x00000a8c       0x55 ./Startup_Code/clock.o
 .debug_macro   0x00000ae1       0x35 ./Startup_Code/clock.o
 .debug_macro   0x00000b16       0x9c ./Startup_Code/clock.o
 .debug_macro   0x00000bb2      0x174 ./Startup_Code/clock.o
 .debug_macro   0x00000d26       0x4a ./Startup_Code/clock.o
 .debug_macro   0x00000d70       0x52 ./Startup_Code/clock.o
 .debug_macro   0x00000dc2       0x16 ./Startup_Code/clock.o
 .debug_macro   0x00000dd8       0x43 ./Startup_Code/clock.o
 .debug_macro   0x00000e1b      0x187 ./Startup_Code/clock.o
 .debug_macro   0x00000fa2      0x30d ./Startup_Code/clock.o
 .debug_macro   0x000012af       0x10 ./Startup_Code/clock.o
 .debug_macro   0x000012bf       0x35 ./Startup_Code/clock.o
 .debug_macro   0x000012f4       0xfd ./Startup_Code/clock.o
 .debug_macro   0x000013f1       0x22 ./Startup_Code/clock.o
 .debug_macro   0x00001413      0x1df ./Startup_Code/clock.o
 .debug_macro   0x000015f2       0x2e ./Startup_Code/clock.o
 .debug_macro   0x00001620       0x3b ./Startup_Code/clock.o
 .debug_macro   0x0000165b       0x2d ./Startup_Code/clock.o
 .debug_macro   0x00001688       0x26 ./Startup_Code/clock.o
 .debug_macro   0x000016ae      0xc13 ./Startup_Code/clock.o
 .debug_macro   0x000022c1       0x10 ./Startup_Code/clock.o
 .debug_macro   0x000022d1     0x764e ./Startup_Code/clock.o
 .debug_macro   0x0000991f      0x391 ./Startup_Code/clock.o
 .debug_macro   0x00009cb0       0x52 ./Startup_Code/clock.o
 .debug_macro   0x00009d02       0x22 ./Startup_Code/clock.o
 .debug_macro   0x00009d24      0x191 ./Startup_Code/newlib_stubs.o
 .debug_macro   0x00009eb5       0x10 ./Startup_Code/newlib_stubs.o
 .debug_macro   0x00009ec5      0x23b ./Startup_Code/newlib_stubs.o
 .debug_macro   0x0000a100       0x10 ./Startup_Code/newlib_stubs.o
 .debug_macro   0x0000a110       0x10 ./Startup_Code/newlib_stubs.o
 .debug_macro   0x0000a120       0x10 ./Startup_Code/newlib_stubs.o
 .debug_macro   0x0000a130       0x22 ./Startup_Code/newlib_stubs.o
 .debug_macro   0x0000a152       0x55 ./Startup_Code/newlib_stubs.o
 .debug_macro   0x0000a1a7       0x2e ./Startup_Code/newlib_stubs.o
 .debug_macro   0x0000a1d5       0xf5 ./Startup_Code/newlib_stubs.o
 .debug_macro   0x0000a2ca       0x16 ./Startup_Code/newlib_stubs.o
 .debug_macro   0x0000a2e0      0x4f7 ./Startup_Code/newlib_stubs.o
 .debug_macro   0x0000a7d7       0xdd ./Startup_Code/system.o
 .debug_macro   0x0000a8b4       0x34 ./Startup_Code/system.o
 .debug_macro   0x0000a8e8      0x1d3 ./Startup_Code/uart1.o
 .debug_macro   0x0000aabb       0x52 ./Startup_Code/uart1.o
 .debug_macro   0x0000ab0d       0x16 ./Startup_Code/uart1.o
 .debug_macro   0x0000ab23       0x97 ./Startup_Code/uart1.o
 .debug_macro   0x0000abba       0xfd ./Startup_Code/uart1.o
 .debug_macro   0x0000acb7       0x10 ./Startup_Code/uart1.o
 .debug_macro   0x0000acc7       0x16 ./Startup_Code/uart1.o
 .debug_macro   0x0000acdd      0x143 ./Startup_Code/uart1.o
 .debug_macro   0x0000ae20      0x173 ./Startup_Code/vectors.o
 .debug_macro   0x0000af93       0xcf ./Sources/leds.o
 .debug_macro   0x0000b062       0x2e ./Sources/leds.o
 .debug_macro   0x0000b090      0x1db ./Sources/main.o
 .debug_macro   0x0000b26b       0x16 ./Sources/main.o

.debug_line     0x00000000     0x1801
 .debug_line    0x00000000      0x394 ./Startup_Code/clock.o
 .debug_line    0x00000394      0x3fd ./Startup_Code/newlib_stubs.o
 .debug_line    0x00000791       0x73 ./Startup_Code/startup_ARMLtdGCC.o
 .debug_line    0x00000804      0x27f ./Startup_Code/system.o
 .debug_line    0x00000a83      0x473 ./Startup_Code/uart1.o
 .debug_line    0x00000ef6      0x2d6 ./Startup_Code/vectors.o
 .debug_line    0x000011cc      0x2fb ./Sources/leds.o
 .debug_line    0x000014c7      0x33a ./Sources/main.o

.debug_str      0x00000000    0x40e11
 .debug_str     0x00000000    0x3e46d ./Startup_Code/clock.o
                              0x3e68c (size before relaxing)
 .debug_str     0x0003e46d     0x1bcd ./Startup_Code/newlib_stubs.o
                               0x7800 (size before relaxing)
 .debug_str     0x0004003a      0x215 ./Startup_Code/system.o
                              0x3a920 (size before relaxing)
 .debug_str     0x0004024f      0x88c ./Startup_Code/uart1.o
                              0x3edd5 (size before relaxing)
 .debug_str     0x00040adb      0x1d7 ./Startup_Code/vectors.o
                              0x3d222 (size before relaxing)
 .debug_str     0x00040cb2      0x137 ./Sources/leds.o
                              0x3aa7e (size before relaxing)
 .debug_str     0x00040de9       0x28 ./Sources/main.o
                              0x3eb6f (size before relaxing)

.debug_frame    0x00000000      0xbd8
 .debug_frame   0x00000000       0x78 ./Startup_Code/clock.o
 .debug_frame   0x00000078      0x304 ./Startup_Code/newlib_stubs.o
 .debug_frame   0x0000037c       0xf4 ./Startup_Code/system.o
 .debug_frame   0x00000470      0x1d0 ./Startup_Code/uart1.o
 .debug_frame   0x00000640       0x54 ./Startup_Code/vectors.o
 .debug_frame   0x00000694      0x18c ./Sources/leds.o
 .debug_frame   0x00000820       0x58 ./Sources/main.o
 .debug_frame   0x00000878       0x28 c:/freescale/gcc/bin/../lib/gcc/arm-none-eabi/5.3.1/../../../../arm-none-eabi/lib/armv7e-m/fpu\libg_nano.a(lib_a-exit.o)
 .debug_frame   0x000008a0       0x2c c:/freescale/gcc/bin/../lib/gcc/arm-none-eabi/5.3.1/../../../../arm-none-eabi/lib/armv7e-m/fpu\libg_nano.a(lib_a-init.o)
 .debug_frame   0x000008cc       0x20 c:/freescale/gcc/bin/../lib/gcc/arm-none-eabi/5.3.1/../../../../arm-none-eabi/lib/armv7e-m/fpu\libg_nano.a(lib_a-memset.o)
 .debug_frame   0x000008ec       0x5c c:/freescale/gcc/bin/../lib/gcc/arm-none-eabi/5.3.1/../../../../arm-none-eabi/lib/armv7e-m/fpu\libg_nano.a(lib_a-reent.o)
 .debug_frame   0x00000948       0x70 c:/freescale/gcc/bin/../lib/gcc/arm-none-eabi/5.3.1/../../../../arm-none-eabi/lib/armv7e-m/fpu\libg_nano.a(lib_a-sprintf.o)
 .debug_frame   0x000009b8       0x2c c:/freescale/gcc/bin/../lib/gcc/arm-none-eabi/5.3.1/../../../../arm-none-eabi/lib/armv7e-m/fpu\libg_nano.a(lib_a-nano-freer.o)
 .debug_frame   0x000009e4       0x2c c:/freescale/gcc/bin/../lib/gcc/arm-none-eabi/5.3.1/../../../../arm-none-eabi/lib/armv7e-m/fpu\libg_nano.a(lib_a-nano-mallocr.o)
 .debug_frame   0x00000a10       0x90 c:/freescale/gcc/bin/../lib/gcc/arm-none-eabi/5.3.1/../../../../arm-none-eabi/lib/armv7e-m/fpu\libg_nano.a(lib_a-nano-svfprintf.o)
 .debug_frame   0x00000aa0       0x60 c:/freescale/gcc/bin/../lib/gcc/arm-none-eabi/5.3.1/../../../../arm-none-eabi/lib/armv7e-m/fpu\libg_nano.a(lib_a-nano-vfprintf_i.o)
 .debug_frame   0x00000b00       0x2c c:/freescale/gcc/bin/../lib/gcc/arm-none-eabi/5.3.1/../../../../arm-none-eabi/lib/armv7e-m/fpu\libg_nano.a(lib_a-sbrkr.o)
 .debug_frame   0x00000b2c       0x28 c:/freescale/gcc/bin/../lib/gcc/arm-none-eabi/5.3.1/../../../../arm-none-eabi/lib/armv7e-m/fpu\libg_nano.a(lib_a-memcpy-stub.o)
 .debug_frame   0x00000b54       0x28 c:/freescale/gcc/bin/../lib/gcc/arm-none-eabi/5.3.1/../../../../arm-none-eabi/lib/armv7e-m/fpu\libg_nano.a(lib_a-memmove.o)
 .debug_frame   0x00000b7c       0x3c c:/freescale/gcc/bin/../lib/gcc/arm-none-eabi/5.3.1/../../../../arm-none-eabi/lib/armv7e-m/fpu\libg_nano.a(lib_a-nano-reallocr.o)
 .debug_frame   0x00000bb8       0x20 c:/freescale/gcc/bin/../lib/gcc/arm-none-eabi/5.3.1/../../../../arm-none-eabi/lib/armv7e-m/fpu\libg_nano.a(lib_a-nano-msizer.o)
